Archive member included to satisfy reference by file (symbol)

c:/program files (x86)/atmel/studio/7.0/toolchain/avr8/avr8-gnu-toolchain/bin/../lib/gcc/avr/5.4.0/../../../../avr/lib/avr5\libm.a(addsf3.o)
                              Source/HAL/LCD/LCD_prg.o (__subsf3)
c:/program files (x86)/atmel/studio/7.0/toolchain/avr8/avr8-gnu-toolchain/bin/../lib/gcc/avr/5.4.0/../../../../avr/lib/avr5\libm.a(addsf3x.o)
                              c:/program files (x86)/atmel/studio/7.0/toolchain/avr8/avr8-gnu-toolchain/bin/../lib/gcc/avr/5.4.0/../../../../avr/lib/avr5\libm.a(addsf3.o) (__addsf3x)
c:/program files (x86)/atmel/studio/7.0/toolchain/avr8/avr8-gnu-toolchain/bin/../lib/gcc/avr/5.4.0/../../../../avr/lib/avr5\libm.a(ceil.o)
                              Source/MCAL/TIM0/TIM0_prg.o (ceil)
c:/program files (x86)/atmel/studio/7.0/toolchain/avr8/avr8-gnu-toolchain/bin/../lib/gcc/avr/5.4.0/../../../../avr/lib/avr5\libm.a(divsf3.o)
                              Source/MCAL/TIM0/TIM0_prg.o (__divsf3)
c:/program files (x86)/atmel/studio/7.0/toolchain/avr8/avr8-gnu-toolchain/bin/../lib/gcc/avr/5.4.0/../../../../avr/lib/avr5\libm.a(divsf3x.o)
                              c:/program files (x86)/atmel/studio/7.0/toolchain/avr8/avr8-gnu-toolchain/bin/../lib/gcc/avr/5.4.0/../../../../avr/lib/avr5\libm.a(divsf3.o) (__divsf3x)
c:/program files (x86)/atmel/studio/7.0/toolchain/avr8/avr8-gnu-toolchain/bin/../lib/gcc/avr/5.4.0/../../../../avr/lib/avr5\libm.a(fixunssfsi.o)
                              Source/HAL/LCD/LCD_prg.o (__fixunssfsi)
c:/program files (x86)/atmel/studio/7.0/toolchain/avr8/avr8-gnu-toolchain/bin/../lib/gcc/avr/5.4.0/../../../../avr/lib/avr5\libm.a(floatsisf.o)
                              Source/HAL/LCD/LCD_prg.o (__floatunsisf)
c:/program files (x86)/atmel/studio/7.0/toolchain/avr8/avr8-gnu-toolchain/bin/../lib/gcc/avr/5.4.0/../../../../avr/lib/avr5\libm.a(fp_inf.o)
                              c:/program files (x86)/atmel/studio/7.0/toolchain/avr8/avr8-gnu-toolchain/bin/../lib/gcc/avr/5.4.0/../../../../avr/lib/avr5\libm.a(addsf3x.o) (__fp_inf)
c:/program files (x86)/atmel/studio/7.0/toolchain/avr8/avr8-gnu-toolchain/bin/../lib/gcc/avr/5.4.0/../../../../avr/lib/avr5\libm.a(fp_mintl.o)
                              c:/program files (x86)/atmel/studio/7.0/toolchain/avr8/avr8-gnu-toolchain/bin/../lib/gcc/avr/5.4.0/../../../../avr/lib/avr5\libm.a(ceil.o) (__fp_mintl)
c:/program files (x86)/atmel/studio/7.0/toolchain/avr8/avr8-gnu-toolchain/bin/../lib/gcc/avr/5.4.0/../../../../avr/lib/avr5\libm.a(fp_mpack.o)
                              c:/program files (x86)/atmel/studio/7.0/toolchain/avr8/avr8-gnu-toolchain/bin/../lib/gcc/avr/5.4.0/../../../../avr/lib/avr5\libm.a(ceil.o) (__fp_mpack)
c:/program files (x86)/atmel/studio/7.0/toolchain/avr8/avr8-gnu-toolchain/bin/../lib/gcc/avr/5.4.0/../../../../avr/lib/avr5\libm.a(fp_nan.o)
                              c:/program files (x86)/atmel/studio/7.0/toolchain/avr8/avr8-gnu-toolchain/bin/../lib/gcc/avr/5.4.0/../../../../avr/lib/avr5\libm.a(addsf3x.o) (__fp_nan)
c:/program files (x86)/atmel/studio/7.0/toolchain/avr8/avr8-gnu-toolchain/bin/../lib/gcc/avr/5.4.0/../../../../avr/lib/avr5\libm.a(fp_pscA.o)
                              c:/program files (x86)/atmel/studio/7.0/toolchain/avr8/avr8-gnu-toolchain/bin/../lib/gcc/avr/5.4.0/../../../../avr/lib/avr5\libm.a(addsf3x.o) (__fp_pscA)
c:/program files (x86)/atmel/studio/7.0/toolchain/avr8/avr8-gnu-toolchain/bin/../lib/gcc/avr/5.4.0/../../../../avr/lib/avr5\libm.a(fp_pscB.o)
                              c:/program files (x86)/atmel/studio/7.0/toolchain/avr8/avr8-gnu-toolchain/bin/../lib/gcc/avr/5.4.0/../../../../avr/lib/avr5\libm.a(addsf3x.o) (__fp_pscB)
c:/program files (x86)/atmel/studio/7.0/toolchain/avr8/avr8-gnu-toolchain/bin/../lib/gcc/avr/5.4.0/../../../../avr/lib/avr5\libm.a(fp_round.o)
                              c:/program files (x86)/atmel/studio/7.0/toolchain/avr8/avr8-gnu-toolchain/bin/../lib/gcc/avr/5.4.0/../../../../avr/lib/avr5\libm.a(addsf3.o) (__fp_round)
c:/program files (x86)/atmel/studio/7.0/toolchain/avr8/avr8-gnu-toolchain/bin/../lib/gcc/avr/5.4.0/../../../../avr/lib/avr5\libm.a(fp_split3.o)
                              c:/program files (x86)/atmel/studio/7.0/toolchain/avr8/avr8-gnu-toolchain/bin/../lib/gcc/avr/5.4.0/../../../../avr/lib/avr5\libm.a(addsf3x.o) (__fp_split3)
c:/program files (x86)/atmel/studio/7.0/toolchain/avr8/avr8-gnu-toolchain/bin/../lib/gcc/avr/5.4.0/../../../../avr/lib/avr5\libm.a(fp_trunc.o)
                              c:/program files (x86)/atmel/studio/7.0/toolchain/avr8/avr8-gnu-toolchain/bin/../lib/gcc/avr/5.4.0/../../../../avr/lib/avr5\libm.a(ceil.o) (__fp_trunc)
c:/program files (x86)/atmel/studio/7.0/toolchain/avr8/avr8-gnu-toolchain/bin/../lib/gcc/avr/5.4.0/../../../../avr/lib/avr5\libm.a(fp_zero.o)
                              c:/program files (x86)/atmel/studio/7.0/toolchain/avr8/avr8-gnu-toolchain/bin/../lib/gcc/avr/5.4.0/../../../../avr/lib/avr5\libm.a(addsf3x.o) (__fp_zero)
c:/program files (x86)/atmel/studio/7.0/toolchain/avr8/avr8-gnu-toolchain/bin/../lib/gcc/avr/5.4.0/../../../../avr/lib/avr5\libm.a(mulsf3.o)
                              Source/HAL/LCD/LCD_prg.o (__mulsf3)
c:/program files (x86)/atmel/studio/7.0/toolchain/avr8/avr8-gnu-toolchain/bin/../lib/gcc/avr/5.4.0/../../../../avr/lib/avr5\libm.a(mulsf3x.o)
                              c:/program files (x86)/atmel/studio/7.0/toolchain/avr8/avr8-gnu-toolchain/bin/../lib/gcc/avr/5.4.0/../../../../avr/lib/avr5\libm.a(mulsf3.o) (__mulsf3x)
c:/program files (x86)/atmel/studio/7.0/toolchain/avr8/avr8-gnu-toolchain/bin/../lib/gcc/avr/5.4.0/avr5\libgcc.a(_divmodhi4.o)
                              Source/MCAL/TIM0/TIM0_prg.o (__divmodhi4)
c:/program files (x86)/atmel/studio/7.0/toolchain/avr8/avr8-gnu-toolchain/bin/../lib/gcc/avr/5.4.0/avr5\libgcc.a(_udivmodsi4.o)
                              Source/HAL/LDR/LDR_prg.o (__udivmodsi4)
c:/program files (x86)/atmel/studio/7.0/toolchain/avr8/avr8-gnu-toolchain/bin/../lib/gcc/avr/5.4.0/avr5\libgcc.a(_exit.o)
                              C:/Program Files (x86)/Atmel/Studio/7.0/Packs/atmel/ATmega_DFP/1.6.364/gcc/dev/atmega32/avr5/crtatmega32.o (exit)
c:/program files (x86)/atmel/studio/7.0/toolchain/avr8/avr8-gnu-toolchain/bin/../lib/gcc/avr/5.4.0/avr5\libgcc.a(_copy_data.o)
                              Source/APP/APPSYS/APPSYS.o (__do_copy_data)
c:/program files (x86)/atmel/studio/7.0/toolchain/avr8/avr8-gnu-toolchain/bin/../lib/gcc/avr/5.4.0/avr5\libgcc.a(_clear_bss.o)
                              Source/APP/APPSYS/APPSYS.o (__do_clear_bss)
c:/program files (x86)/atmel/studio/7.0/toolchain/avr8/avr8-gnu-toolchain/bin/../lib/gcc/avr/5.4.0/avr5\libgcc.a(_umulhisi3.o)
                              Source/HAL/LDR/LDR_prg.o (__umulhisi3)
c:/program files (x86)/atmel/studio/7.0/toolchain/avr8/avr8-gnu-toolchain/bin/../lib/gcc/avr/5.4.0/avr5\libgcc.a(_muluhisi3.o)
                              Source/HAL/LDR/LDR_prg.o (__muluhisi3)
c:/program files (x86)/atmel/studio/7.0/toolchain/avr8/avr8-gnu-toolchain/bin/../lib/gcc/avr/5.4.0/avr5\libgcc.a(_divdi3.o)
                              Source/HAL/LCD/LCD_prg.o (__moddi3)
c:/program files (x86)/atmel/studio/7.0/toolchain/avr8/avr8-gnu-toolchain/bin/../lib/gcc/avr/5.4.0/avr5\libgcc.a(_udivdi3.o)
                              c:/program files (x86)/atmel/studio/7.0/toolchain/avr8/avr8-gnu-toolchain/bin/../lib/gcc/avr/5.4.0/avr5\libgcc.a(_divdi3.o) (__udivdi3_umoddi3)
c:/program files (x86)/atmel/studio/7.0/toolchain/avr8/avr8-gnu-toolchain/bin/../lib/gcc/avr/5.4.0/avr5\libgcc.a(_udivmod64.o)
                              c:/program files (x86)/atmel/studio/7.0/toolchain/avr8/avr8-gnu-toolchain/bin/../lib/gcc/avr/5.4.0/avr5\libgcc.a(_divdi3.o) (__udivmod64)
c:/program files (x86)/atmel/studio/7.0/toolchain/avr8/avr8-gnu-toolchain/bin/../lib/gcc/avr/5.4.0/avr5\libgcc.a(_negdi2.o)
                              Source/HAL/LCD/LCD_prg.o (__negdi2)
c:/program files (x86)/atmel/studio/7.0/toolchain/avr8/avr8-gnu-toolchain/bin/../lib/gcc/avr/5.4.0/avr5\libgcc.a(_prologue.o)
                              c:/program files (x86)/atmel/studio/7.0/toolchain/avr8/avr8-gnu-toolchain/bin/../lib/gcc/avr/5.4.0/avr5\libgcc.a(_divdi3.o) (__prologue_saves__)
c:/program files (x86)/atmel/studio/7.0/toolchain/avr8/avr8-gnu-toolchain/bin/../lib/gcc/avr/5.4.0/avr5\libgcc.a(_epilogue.o)
                              c:/program files (x86)/atmel/studio/7.0/toolchain/avr8/avr8-gnu-toolchain/bin/../lib/gcc/avr/5.4.0/avr5\libgcc.a(_divdi3.o) (__epilogue_restores__)
c:/program files (x86)/atmel/studio/7.0/toolchain/avr8/avr8-gnu-toolchain/bin/../lib/gcc/avr/5.4.0/avr5\libgcc.a(_cmpdi2_s8.o)
                              Source/HAL/LCD/LCD_prg.o (__cmpdi2_s8)
c:/program files (x86)/atmel/studio/7.0/toolchain/avr8/avr8-gnu-toolchain/bin/../lib/gcc/avr/5.4.0/avr5\libgcc.a(_udivmodhi4.o)
                              c:/program files (x86)/atmel/studio/7.0/toolchain/avr8/avr8-gnu-toolchain/bin/../lib/gcc/avr/5.4.0/avr5\libgcc.a(_divmodhi4.o) (__udivmodhi4)
c:/program files (x86)/atmel/studio/7.0/toolchain/avr8/avr8-gnu-toolchain/bin/../lib/gcc/avr/5.4.0/../../../../avr/lib/avr5\libc.a(strcmp.o)
                              Source/APP/APPSYS/APPSYS.o (strcmp)

Allocating common symbols
Common symbol       size              file

G_ISR_INT1_ptr      0x2               Source/MCAL/EXTI/EXTI_prg.o
G_ISR_INT0_ptr      0x2               Source/MCAL/EXTI/EXTI_prg.o
G_u8HomeSatus       0x7               Source/APP/APPSYS/APPSYS.o
G_u8Buffer          0x5               Source/APP/APPSYS/APPSYS.o
G_ISR_INT2_ptr      0x2               Source/MCAL/EXTI/EXTI_prg.o

Discarded input sections

 .data          0x00000000        0x0 C:/Program Files (x86)/Atmel/Studio/7.0/Packs/atmel/ATmega_DFP/1.6.364/gcc/dev/atmega32/avr5/crtatmega32.o
 .bss           0x00000000        0x0 C:/Program Files (x86)/Atmel/Studio/7.0/Packs/atmel/ATmega_DFP/1.6.364/gcc/dev/atmega32/avr5/crtatmega32.o
 .text          0x00000000        0x0 Source/APP/APPSYS/APPSYS.o
 .data          0x00000000        0x0 Source/APP/APPSYS/APPSYS.o
 .bss           0x00000000        0x0 Source/APP/APPSYS/APPSYS.o
 .text.DisplayOverLCD
                0x00000000       0x8a Source/APP/APPSYS/APPSYS.o
 .text          0x00000000        0x0 Source/APP/main.o
 .data          0x00000000        0x0 Source/APP/main.o
 .bss           0x00000000        0x0 Source/APP/main.o
 .text          0x00000000        0x0 Source/HAL/DCM/DCM_prg.o
 .data          0x00000000        0x0 Source/HAL/DCM/DCM_prg.o
 .bss           0x00000000        0x0 Source/HAL/DCM/DCM_prg.o
 .text.DCM_vSetDirection
                0x00000000       0x2c Source/HAL/DCM/DCM_prg.o
 .text          0x00000000        0x0 Source/HAL/HC/HC_prg.o
 .data          0x00000000        0x0 Source/HAL/HC/HC_prg.o
 .bss           0x00000000        0x0 Source/HAL/HC/HC_prg.o
 .text.sendCommand
                0x00000000       0x30 Source/HAL/HC/HC_prg.o
 .rodata.str1.1
                0x00000000       0x25 Source/HAL/HC/HC_prg.o
 .text.HC_vOneTimeConfig
                0x00000000       0x18 Source/HAL/HC/HC_prg.o
 .text.HC_vSleep
                0x00000000        0x8 Source/HAL/HC/HC_prg.o
 .text.HC_vWakeUp
                0x00000000       0x20 Source/HAL/HC/HC_prg.o
 .text.HC_vSendDataAsync
                0x00000000        0x4 Source/HAL/HC/HC_prg.o
 .text.HC_u8ReceiveDataSync
                0x00000000        0x6 Source/HAL/HC/HC_prg.o
 .text.HC_u8Test
                0x00000000       0x64 Source/HAL/HC/HC_prg.o
 .text          0x00000000        0x0 Source/HAL/KeyPad/KeyPad_prg.o
 .data          0x00000000        0x0 Source/HAL/KeyPad/KeyPad_prg.o
 .bss           0x00000000        0x0 Source/HAL/KeyPad/KeyPad_prg.o
 .text          0x00000000        0x0 Source/HAL/LCD/LCD_prg.o
 .data          0x00000000        0x0 Source/HAL/LCD/LCD_prg.o
 .bss           0x00000000        0x0 Source/HAL/LCD/LCD_prg.o
 .text.u8IntToString
                0x00000000      0x19e Source/HAL/LCD/LCD_prg.o
 .text.LCD_vCreateCustomPattern
                0x00000000       0x3a Source/HAL/LCD/LCD_prg.o
 .text.LCD_vDispNum
                0x00000000       0x2a Source/HAL/LCD/LCD_prg.o
 .text.LCD_vShiftDisp
                0x00000000       0x14 Source/HAL/LCD/LCD_prg.o
 .text.LCD_vDispFloat
                0x00000000      0x14c Source/HAL/LCD/LCD_prg.o
 .text.LCD_vReturnHome
                0x00000000        0x6 Source/HAL/LCD/LCD_prg.o
 .text.LCD_vShiftCursor
                0x00000000        0x2 Source/HAL/LCD/LCD_prg.o
 .text.LCD_vDispCustomChar
                0x00000000       0x7a Source/HAL/LCD/LCD_prg.o
 .text.LCD_vTurnOn
                0x00000000        0x2 Source/HAL/LCD/LCD_prg.o
 .text.LCD_vTurnOff
                0x00000000        0x2 Source/HAL/LCD/LCD_prg.o
 .bss.L_u8Chars.1899
                0x00000000        0xa Source/HAL/LCD/LCD_prg.o
 .data.G_u8Pattern3
                0x00000000        0x8 Source/HAL/LCD/LCD_prg.o
 .data.G_u8Pattern2
                0x00000000        0x8 Source/HAL/LCD/LCD_prg.o
 .data.G_u8Pattern1
                0x00000000        0x7 Source/HAL/LCD/LCD_prg.o
 .data.G_u8Pattern0
                0x00000000        0x7 Source/HAL/LCD/LCD_prg.o
 .text          0x00000000        0x0 Source/HAL/LDR/LDR_prg.o
 .data          0x00000000        0x0 Source/HAL/LDR/LDR_prg.o
 .bss           0x00000000        0x0 Source/HAL/LDR/LDR_prg.o
 .text.LDR_vInit
                0x00000000        0x4 Source/HAL/LDR/LDR_prg.o
 .text.LDR_u16GetValue
                0x00000000       0x5c Source/HAL/LDR/LDR_prg.o
 .text          0x00000000        0x0 Source/HAL/SERVO/SERVO_prg.o
 .data          0x00000000        0x0 Source/HAL/SERVO/SERVO_prg.o
 .bss           0x00000000        0x0 Source/HAL/SERVO/SERVO_prg.o
 .text.SERVO_vTurnOff
                0x00000000        0x4 Source/HAL/SERVO/SERVO_prg.o
 .text.SERVO_vSetAngle
                0x00000000        0x2 Source/HAL/SERVO/SERVO_prg.o
 .text          0x00000000        0x0 Source/HAL/TEMPS/TEMPS_prg.o
 .data          0x00000000        0x0 Source/HAL/TEMPS/TEMPS_prg.o
 .bss           0x00000000        0x0 Source/HAL/TEMPS/TEMPS_prg.o
 .text.TEMPS_u8GetTemp
                0x00000000       0x20 Source/HAL/TEMPS/TEMPS_prg.o
 .text          0x00000000        0x0 Source/MCAL/ADC/ADC_prg.o
 .data          0x00000000        0x0 Source/MCAL/ADC/ADC_prg.o
 .bss           0x00000000        0x0 Source/MCAL/ADC/ADC_prg.o
 .text.ADC_vSetPreScale
                0x00000000        0xe Source/MCAL/ADC/ADC_prg.o
 .text.ADC_vReadDigitalAsync
                0x00000000       0x1e Source/MCAL/ADC/ADC_prg.o
 .text.ADC_u16ReadDigitalSync
                0x00000000       0x14 Source/MCAL/ADC/ADC_prg.o
 .text.ADC_vDisable
                0x00000000        0x4 Source/MCAL/ADC/ADC_prg.o
 .text.ADC_vTurnOff
                0x00000000        0x4 Source/MCAL/ADC/ADC_prg.o
 .text.ADC_vEnable
                0x00000000        0x4 Source/MCAL/ADC/ADC_prg.o
 .text          0x00000000        0x0 Source/MCAL/DIO/DIO_prg.o
 .data          0x00000000        0x0 Source/MCAL/DIO/DIO_prg.o
 .bss           0x00000000        0x0 Source/MCAL/DIO/DIO_prg.o
 .text.DIO_vSetPortDir
                0x00000000       0x48 Source/MCAL/DIO/DIO_prg.o
 .text.DIO_vSetPortVal
                0x00000000       0x20 Source/MCAL/DIO/DIO_prg.o
 .text.DIO_u8GetPortVal
                0x00000000       0x20 Source/MCAL/DIO/DIO_prg.o
 .text.DIO_vTogPort
                0x00000000       0x30 Source/MCAL/DIO/DIO_prg.o
 .text          0x00000000        0x0 Source/MCAL/EEPROM/EEPROM_prg.o
 .data          0x00000000        0x0 Source/MCAL/EEPROM/EEPROM_prg.o
 .bss           0x00000000        0x0 Source/MCAL/EEPROM/EEPROM_prg.o
 .text          0x00000000        0x0 Source/MCAL/EXTI/EXTI_prg.o
 .data          0x00000000        0x0 Source/MCAL/EXTI/EXTI_prg.o
 .bss           0x00000000        0x0 Source/MCAL/EXTI/EXTI_prg.o
 .text.EXTI_vInitINT1
                0x00000000       0x24 Source/MCAL/EXTI/EXTI_prg.o
 .text.EXTI_vInitINT2
                0x00000000       0x22 Source/MCAL/EXTI/EXTI_prg.o
 .text          0x00000000        0x0 Source/MCAL/GIE/GIE_prg.o
 .data          0x00000000        0x0 Source/MCAL/GIE/GIE_prg.o
 .bss           0x00000000        0x0 Source/MCAL/GIE/GIE_prg.o
 .text.GIE_vDisableGlobalInt
                0x00000000        0x8 Source/MCAL/GIE/GIE_prg.o
 .text          0x00000000        0x0 Source/MCAL/MCU/MCU.o
 .data          0x00000000        0x0 Source/MCAL/MCU/MCU.o
 .bss           0x00000000        0x0 Source/MCAL/MCU/MCU.o
 .text          0x00000000        0x0 Source/MCAL/TIM0/TIM0_prg.o
 .data          0x00000000        0x0 Source/MCAL/TIM0/TIM0_prg.o
 .bss           0x00000000        0x0 Source/MCAL/TIM0/TIM0_prg.o
 .text.TIM0_vSetPreload
                0x00000000        0x8 Source/MCAL/TIM0/TIM0_prg.o
 .text.TIM0_vSetOcr0Val
                0x00000000        0x4 Source/MCAL/TIM0/TIM0_prg.o
 .text.TIM0_vGetOcr0Val
                0x00000000        0x4 Source/MCAL/TIM0/TIM0_prg.o
 .text.TIM0_vCallBack_OCF0
                0x00000000        0xa Source/MCAL/TIM0/TIM0_prg.o
 .text.TIM0_vCallBack_OVF
                0x00000000        0xa Source/MCAL/TIM0/TIM0_prg.o
 .text.TIM0_vSetDutyCycleOC0
                0x00000000       0x10 Source/MCAL/TIM0/TIM0_prg.o
 .bss.G_u8Timer0_OcrVal
                0x00000000        0x1 Source/MCAL/TIM0/TIM0_prg.o
 .text          0x00000000        0x0 Source/MCAL/TIM1/TIM1_prg.o
 .data          0x00000000        0x0 Source/MCAL/TIM1/TIM1_prg.o
 .bss           0x00000000        0x0 Source/MCAL/TIM1/TIM1_prg.o
 .text.TIM1_vTurnOff
                0x00000000        0xc Source/MCAL/TIM1/TIM1_prg.o
 .text.TIM1_vSetPreload
                0x00000000        0xe Source/MCAL/TIM1/TIM1_prg.o
 .text.TIM1_vSetOcr1aVal
                0x00000000        0x6 Source/MCAL/TIM1/TIM1_prg.o
 .text.TIM1_vSetOcr1bVal
                0x00000000        0x6 Source/MCAL/TIM1/TIM1_prg.o
 .text.TIM1_vCallBack_OVF
                0x00000000        0xa Source/MCAL/TIM1/TIM1_prg.o
 .text.TIM1_vCallBack_OCF1A
                0x00000000        0xa Source/MCAL/TIM1/TIM1_prg.o
 .text.TIM1_vCallBack_OCF1B
                0x00000000        0xa Source/MCAL/TIM1/TIM1_prg.o
 .text.TIMER_vCallBack_ICF1
                0x00000000        0xa Source/MCAL/TIM1/TIM1_prg.o
 .text.TIM1_vSetDutyCycleOC1A
                0x00000000       0x12 Source/MCAL/TIM1/TIM1_prg.o
 .text.TIM1_vSetIcr1Val
                0x00000000        0x6 Source/MCAL/TIM1/TIM1_prg.o
 .text.TIM1_vInitICU
                0x00000000       0x30 Source/MCAL/TIM1/TIM1_prg.o
 .text.TIM1_vDisableICU
                0x00000000        0x8 Source/MCAL/TIM1/TIM1_prg.o
 .text.TIM1_vSetTriggering
                0x00000000       0x18 Source/MCAL/TIM1/TIM1_prg.o
 .text.TIM1_vGetIcr1Val
                0x00000000        0x6 Source/MCAL/TIM1/TIM1_prg.o
 .text.TIM1_vDelayMilli
                0x00000000       0x34 Source/MCAL/TIM1/TIM1_prg.o
 .text          0x00000000        0x0 Source/MCAL/TIM2/TIM2_prg.o
 .data          0x00000000        0x0 Source/MCAL/TIM2/TIM2_prg.o
 .bss           0x00000000        0x0 Source/MCAL/TIM2/TIM2_prg.o
 .text.TIM2_vTurnOff
                0x00000000        0xc Source/MCAL/TIM2/TIM2_prg.o
 .text.TIM2_vSetOcr2Val
                0x00000000        0x4 Source/MCAL/TIM2/TIM2_prg.o
 .text.TIM2_vCallBack_OCF2
                0x00000000        0xa Source/MCAL/TIM2/TIM2_prg.o
 .text.TIMER_vSetDutyCycleOC2
                0x00000000       0x10 Source/MCAL/TIM2/TIM2_prg.o
 .text          0x00000000        0x0 Source/MCAL/UART/UART_prg.o
 .data          0x00000000        0x0 Source/MCAL/UART/UART_prg.o
 .bss           0x00000000        0x0 Source/MCAL/UART/UART_prg.o
 .text.UART_u16ReceiveDataSync
                0x00000000        0xa Source/MCAL/UART/UART_prg.o
 .text.UART_vReceiveStringSync
                0x00000000       0x26 Source/MCAL/UART/UART_prg.o
 .text.UART_vSetCallBackTx
                0x00000000        0xa Source/MCAL/UART/UART_prg.o
 .text.UART_vSetCallBackUDRE
                0x00000000        0xa Source/MCAL/UART/UART_prg.o
 .text.UART_vSendCharAsync
                0x00000000        0x4 Source/MCAL/UART/UART_prg.o
 .text          0x00000000        0x0 Source/MCAL/WDT/WDT_prg.o
 .data          0x00000000        0x0 Source/MCAL/WDT/WDT_prg.o
 .bss           0x00000000        0x0 Source/MCAL/WDT/WDT_prg.o
 .text.WDT_vEnable
                0x00000000        0x8 Source/MCAL/WDT/WDT_prg.o
 .text.WDT_vDisable
                0x00000000        0x8 Source/MCAL/WDT/WDT_prg.o
 .text.WDT_vSetSleep
                0x00000000        0xe Source/MCAL/WDT/WDT_prg.o
 .comment       0x00000000       0x31 Source/MCAL/WDT/WDT_prg.o
 .text          0x00000000        0x0 c:/program files (x86)/atmel/studio/7.0/toolchain/avr8/avr8-gnu-toolchain/bin/../lib/gcc/avr/5.4.0/../../../../avr/lib/avr5\libm.a(addsf3.o)
 .data          0x00000000        0x0 c:/program files (x86)/atmel/studio/7.0/toolchain/avr8/avr8-gnu-toolchain/bin/../lib/gcc/avr/5.4.0/../../../../avr/lib/avr5\libm.a(addsf3.o)
 .bss           0x00000000        0x0 c:/program files (x86)/atmel/studio/7.0/toolchain/avr8/avr8-gnu-toolchain/bin/../lib/gcc/avr/5.4.0/../../../../avr/lib/avr5\libm.a(addsf3.o)
 .text          0x00000000        0x0 c:/program files (x86)/atmel/studio/7.0/toolchain/avr8/avr8-gnu-toolchain/bin/../lib/gcc/avr/5.4.0/../../../../avr/lib/avr5\libm.a(addsf3x.o)
 .data          0x00000000        0x0 c:/program files (x86)/atmel/studio/7.0/toolchain/avr8/avr8-gnu-toolchain/bin/../lib/gcc/avr/5.4.0/../../../../avr/lib/avr5\libm.a(addsf3x.o)
 .bss           0x00000000        0x0 c:/program files (x86)/atmel/studio/7.0/toolchain/avr8/avr8-gnu-toolchain/bin/../lib/gcc/avr/5.4.0/../../../../avr/lib/avr5\libm.a(addsf3x.o)
 .text          0x00000000        0x0 c:/program files (x86)/atmel/studio/7.0/toolchain/avr8/avr8-gnu-toolchain/bin/../lib/gcc/avr/5.4.0/../../../../avr/lib/avr5\libm.a(ceil.o)
 .data          0x00000000        0x0 c:/program files (x86)/atmel/studio/7.0/toolchain/avr8/avr8-gnu-toolchain/bin/../lib/gcc/avr/5.4.0/../../../../avr/lib/avr5\libm.a(ceil.o)
 .bss           0x00000000        0x0 c:/program files (x86)/atmel/studio/7.0/toolchain/avr8/avr8-gnu-toolchain/bin/../lib/gcc/avr/5.4.0/../../../../avr/lib/avr5\libm.a(ceil.o)
 .text          0x00000000        0x0 c:/program files (x86)/atmel/studio/7.0/toolchain/avr8/avr8-gnu-toolchain/bin/../lib/gcc/avr/5.4.0/../../../../avr/lib/avr5\libm.a(divsf3.o)
 .data          0x00000000        0x0 c:/program files (x86)/atmel/studio/7.0/toolchain/avr8/avr8-gnu-toolchain/bin/../lib/gcc/avr/5.4.0/../../../../avr/lib/avr5\libm.a(divsf3.o)
 .bss           0x00000000        0x0 c:/program files (x86)/atmel/studio/7.0/toolchain/avr8/avr8-gnu-toolchain/bin/../lib/gcc/avr/5.4.0/../../../../avr/lib/avr5\libm.a(divsf3.o)
 .text          0x00000000        0x0 c:/program files (x86)/atmel/studio/7.0/toolchain/avr8/avr8-gnu-toolchain/bin/../lib/gcc/avr/5.4.0/../../../../avr/lib/avr5\libm.a(divsf3x.o)
 .data          0x00000000        0x0 c:/program files (x86)/atmel/studio/7.0/toolchain/avr8/avr8-gnu-toolchain/bin/../lib/gcc/avr/5.4.0/../../../../avr/lib/avr5\libm.a(divsf3x.o)
 .bss           0x00000000        0x0 c:/program files (x86)/atmel/studio/7.0/toolchain/avr8/avr8-gnu-toolchain/bin/../lib/gcc/avr/5.4.0/../../../../avr/lib/avr5\libm.a(divsf3x.o)
 .text          0x00000000        0x0 c:/program files (x86)/atmel/studio/7.0/toolchain/avr8/avr8-gnu-toolchain/bin/../lib/gcc/avr/5.4.0/../../../../avr/lib/avr5\libm.a(fixunssfsi.o)
 .data          0x00000000        0x0 c:/program files (x86)/atmel/studio/7.0/toolchain/avr8/avr8-gnu-toolchain/bin/../lib/gcc/avr/5.4.0/../../../../avr/lib/avr5\libm.a(fixunssfsi.o)
 .bss           0x00000000        0x0 c:/program files (x86)/atmel/studio/7.0/toolchain/avr8/avr8-gnu-toolchain/bin/../lib/gcc/avr/5.4.0/../../../../avr/lib/avr5\libm.a(fixunssfsi.o)
 .text          0x00000000        0x0 c:/program files (x86)/atmel/studio/7.0/toolchain/avr8/avr8-gnu-toolchain/bin/../lib/gcc/avr/5.4.0/../../../../avr/lib/avr5\libm.a(floatsisf.o)
 .data          0x00000000        0x0 c:/program files (x86)/atmel/studio/7.0/toolchain/avr8/avr8-gnu-toolchain/bin/../lib/gcc/avr/5.4.0/../../../../avr/lib/avr5\libm.a(floatsisf.o)
 .bss           0x00000000        0x0 c:/program files (x86)/atmel/studio/7.0/toolchain/avr8/avr8-gnu-toolchain/bin/../lib/gcc/avr/5.4.0/../../../../avr/lib/avr5\libm.a(floatsisf.o)
 .text          0x00000000        0x0 c:/program files (x86)/atmel/studio/7.0/toolchain/avr8/avr8-gnu-toolchain/bin/../lib/gcc/avr/5.4.0/../../../../avr/lib/avr5\libm.a(fp_inf.o)
 .data          0x00000000        0x0 c:/program files (x86)/atmel/studio/7.0/toolchain/avr8/avr8-gnu-toolchain/bin/../lib/gcc/avr/5.4.0/../../../../avr/lib/avr5\libm.a(fp_inf.o)
 .bss           0x00000000        0x0 c:/program files (x86)/atmel/studio/7.0/toolchain/avr8/avr8-gnu-toolchain/bin/../lib/gcc/avr/5.4.0/../../../../avr/lib/avr5\libm.a(fp_inf.o)
 .text          0x00000000        0x0 c:/program files (x86)/atmel/studio/7.0/toolchain/avr8/avr8-gnu-toolchain/bin/../lib/gcc/avr/5.4.0/../../../../avr/lib/avr5\libm.a(fp_mintl.o)
 .data          0x00000000        0x0 c:/program files (x86)/atmel/studio/7.0/toolchain/avr8/avr8-gnu-toolchain/bin/../lib/gcc/avr/5.4.0/../../../../avr/lib/avr5\libm.a(fp_mintl.o)
 .bss           0x00000000        0x0 c:/program files (x86)/atmel/studio/7.0/toolchain/avr8/avr8-gnu-toolchain/bin/../lib/gcc/avr/5.4.0/../../../../avr/lib/avr5\libm.a(fp_mintl.o)
 .text          0x00000000        0x0 c:/program files (x86)/atmel/studio/7.0/toolchain/avr8/avr8-gnu-toolchain/bin/../lib/gcc/avr/5.4.0/../../../../avr/lib/avr5\libm.a(fp_mpack.o)
 .data          0x00000000        0x0 c:/program files (x86)/atmel/studio/7.0/toolchain/avr8/avr8-gnu-toolchain/bin/../lib/gcc/avr/5.4.0/../../../../avr/lib/avr5\libm.a(fp_mpack.o)
 .bss           0x00000000        0x0 c:/program files (x86)/atmel/studio/7.0/toolchain/avr8/avr8-gnu-toolchain/bin/../lib/gcc/avr/5.4.0/../../../../avr/lib/avr5\libm.a(fp_mpack.o)
 .text          0x00000000        0x0 c:/program files (x86)/atmel/studio/7.0/toolchain/avr8/avr8-gnu-toolchain/bin/../lib/gcc/avr/5.4.0/../../../../avr/lib/avr5\libm.a(fp_nan.o)
 .data          0x00000000        0x0 c:/program files (x86)/atmel/studio/7.0/toolchain/avr8/avr8-gnu-toolchain/bin/../lib/gcc/avr/5.4.0/../../../../avr/lib/avr5\libm.a(fp_nan.o)
 .bss           0x00000000        0x0 c:/program files (x86)/atmel/studio/7.0/toolchain/avr8/avr8-gnu-toolchain/bin/../lib/gcc/avr/5.4.0/../../../../avr/lib/avr5\libm.a(fp_nan.o)
 .text          0x00000000        0x0 c:/program files (x86)/atmel/studio/7.0/toolchain/avr8/avr8-gnu-toolchain/bin/../lib/gcc/avr/5.4.0/../../../../avr/lib/avr5\libm.a(fp_pscA.o)
 .data          0x00000000        0x0 c:/program files (x86)/atmel/studio/7.0/toolchain/avr8/avr8-gnu-toolchain/bin/../lib/gcc/avr/5.4.0/../../../../avr/lib/avr5\libm.a(fp_pscA.o)
 .bss           0x00000000        0x0 c:/program files (x86)/atmel/studio/7.0/toolchain/avr8/avr8-gnu-toolchain/bin/../lib/gcc/avr/5.4.0/../../../../avr/lib/avr5\libm.a(fp_pscA.o)
 .text          0x00000000        0x0 c:/program files (x86)/atmel/studio/7.0/toolchain/avr8/avr8-gnu-toolchain/bin/../lib/gcc/avr/5.4.0/../../../../avr/lib/avr5\libm.a(fp_pscB.o)
 .data          0x00000000        0x0 c:/program files (x86)/atmel/studio/7.0/toolchain/avr8/avr8-gnu-toolchain/bin/../lib/gcc/avr/5.4.0/../../../../avr/lib/avr5\libm.a(fp_pscB.o)
 .bss           0x00000000        0x0 c:/program files (x86)/atmel/studio/7.0/toolchain/avr8/avr8-gnu-toolchain/bin/../lib/gcc/avr/5.4.0/../../../../avr/lib/avr5\libm.a(fp_pscB.o)
 .text          0x00000000        0x0 c:/program files (x86)/atmel/studio/7.0/toolchain/avr8/avr8-gnu-toolchain/bin/../lib/gcc/avr/5.4.0/../../../../avr/lib/avr5\libm.a(fp_round.o)
 .data          0x00000000        0x0 c:/program files (x86)/atmel/studio/7.0/toolchain/avr8/avr8-gnu-toolchain/bin/../lib/gcc/avr/5.4.0/../../../../avr/lib/avr5\libm.a(fp_round.o)
 .bss           0x00000000        0x0 c:/program files (x86)/atmel/studio/7.0/toolchain/avr8/avr8-gnu-toolchain/bin/../lib/gcc/avr/5.4.0/../../../../avr/lib/avr5\libm.a(fp_round.o)
 .text          0x00000000        0x0 c:/program files (x86)/atmel/studio/7.0/toolchain/avr8/avr8-gnu-toolchain/bin/../lib/gcc/avr/5.4.0/../../../../avr/lib/avr5\libm.a(fp_split3.o)
 .data          0x00000000        0x0 c:/program files (x86)/atmel/studio/7.0/toolchain/avr8/avr8-gnu-toolchain/bin/../lib/gcc/avr/5.4.0/../../../../avr/lib/avr5\libm.a(fp_split3.o)
 .bss           0x00000000        0x0 c:/program files (x86)/atmel/studio/7.0/toolchain/avr8/avr8-gnu-toolchain/bin/../lib/gcc/avr/5.4.0/../../../../avr/lib/avr5\libm.a(fp_split3.o)
 .text          0x00000000        0x0 c:/program files (x86)/atmel/studio/7.0/toolchain/avr8/avr8-gnu-toolchain/bin/../lib/gcc/avr/5.4.0/../../../../avr/lib/avr5\libm.a(fp_trunc.o)
 .data          0x00000000        0x0 c:/program files (x86)/atmel/studio/7.0/toolchain/avr8/avr8-gnu-toolchain/bin/../lib/gcc/avr/5.4.0/../../../../avr/lib/avr5\libm.a(fp_trunc.o)
 .bss           0x00000000        0x0 c:/program files (x86)/atmel/studio/7.0/toolchain/avr8/avr8-gnu-toolchain/bin/../lib/gcc/avr/5.4.0/../../../../avr/lib/avr5\libm.a(fp_trunc.o)
 .text          0x00000000        0x0 c:/program files (x86)/atmel/studio/7.0/toolchain/avr8/avr8-gnu-toolchain/bin/../lib/gcc/avr/5.4.0/../../../../avr/lib/avr5\libm.a(fp_zero.o)
 .data          0x00000000        0x0 c:/program files (x86)/atmel/studio/7.0/toolchain/avr8/avr8-gnu-toolchain/bin/../lib/gcc/avr/5.4.0/../../../../avr/lib/avr5\libm.a(fp_zero.o)
 .bss           0x00000000        0x0 c:/program files (x86)/atmel/studio/7.0/toolchain/avr8/avr8-gnu-toolchain/bin/../lib/gcc/avr/5.4.0/../../../../avr/lib/avr5\libm.a(fp_zero.o)
 .text          0x00000000        0x0 c:/program files (x86)/atmel/studio/7.0/toolchain/avr8/avr8-gnu-toolchain/bin/../lib/gcc/avr/5.4.0/../../../../avr/lib/avr5\libm.a(mulsf3.o)
 .data          0x00000000        0x0 c:/program files (x86)/atmel/studio/7.0/toolchain/avr8/avr8-gnu-toolchain/bin/../lib/gcc/avr/5.4.0/../../../../avr/lib/avr5\libm.a(mulsf3.o)
 .bss           0x00000000        0x0 c:/program files (x86)/atmel/studio/7.0/toolchain/avr8/avr8-gnu-toolchain/bin/../lib/gcc/avr/5.4.0/../../../../avr/lib/avr5\libm.a(mulsf3.o)
 .text.avr-libc.fplib
                0x00000000        0x8 c:/program files (x86)/atmel/studio/7.0/toolchain/avr8/avr8-gnu-toolchain/bin/../lib/gcc/avr/5.4.0/../../../../avr/lib/avr5\libm.a(mulsf3.o)
 .text          0x00000000        0x0 c:/program files (x86)/atmel/studio/7.0/toolchain/avr8/avr8-gnu-toolchain/bin/../lib/gcc/avr/5.4.0/../../../../avr/lib/avr5\libm.a(mulsf3x.o)
 .data          0x00000000        0x0 c:/program files (x86)/atmel/studio/7.0/toolchain/avr8/avr8-gnu-toolchain/bin/../lib/gcc/avr/5.4.0/../../../../avr/lib/avr5\libm.a(mulsf3x.o)
 .bss           0x00000000        0x0 c:/program files (x86)/atmel/studio/7.0/toolchain/avr8/avr8-gnu-toolchain/bin/../lib/gcc/avr/5.4.0/../../../../avr/lib/avr5\libm.a(mulsf3x.o)
 .text.avr-libc.fplib
                0x00000000       0xd2 c:/program files (x86)/atmel/studio/7.0/toolchain/avr8/avr8-gnu-toolchain/bin/../lib/gcc/avr/5.4.0/../../../../avr/lib/avr5\libm.a(mulsf3x.o)
 .text          0x00000000        0x0 c:/program files (x86)/atmel/studio/7.0/toolchain/avr8/avr8-gnu-toolchain/bin/../lib/gcc/avr/5.4.0/avr5\libgcc.a(_divmodhi4.o)
 .data          0x00000000        0x0 c:/program files (x86)/atmel/studio/7.0/toolchain/avr8/avr8-gnu-toolchain/bin/../lib/gcc/avr/5.4.0/avr5\libgcc.a(_divmodhi4.o)
 .bss           0x00000000        0x0 c:/program files (x86)/atmel/studio/7.0/toolchain/avr8/avr8-gnu-toolchain/bin/../lib/gcc/avr/5.4.0/avr5\libgcc.a(_divmodhi4.o)
 .text.libgcc.mul
                0x00000000        0x0 c:/program files (x86)/atmel/studio/7.0/toolchain/avr8/avr8-gnu-toolchain/bin/../lib/gcc/avr/5.4.0/avr5\libgcc.a(_divmodhi4.o)
 .text.libgcc.div
                0x00000000       0x28 c:/program files (x86)/atmel/studio/7.0/toolchain/avr8/avr8-gnu-toolchain/bin/../lib/gcc/avr/5.4.0/avr5\libgcc.a(_divmodhi4.o)
 .text.libgcc   0x00000000        0x0 c:/program files (x86)/atmel/studio/7.0/toolchain/avr8/avr8-gnu-toolchain/bin/../lib/gcc/avr/5.4.0/avr5\libgcc.a(_divmodhi4.o)
 .text.libgcc.prologue
                0x00000000        0x0 c:/program files (x86)/atmel/studio/7.0/toolchain/avr8/avr8-gnu-toolchain/bin/../lib/gcc/avr/5.4.0/avr5\libgcc.a(_divmodhi4.o)
 .text.libgcc.builtins
                0x00000000        0x0 c:/program files (x86)/atmel/studio/7.0/toolchain/avr8/avr8-gnu-toolchain/bin/../lib/gcc/avr/5.4.0/avr5\libgcc.a(_divmodhi4.o)
 .text.libgcc.fmul
                0x00000000        0x0 c:/program files (x86)/atmel/studio/7.0/toolchain/avr8/avr8-gnu-toolchain/bin/../lib/gcc/avr/5.4.0/avr5\libgcc.a(_divmodhi4.o)
 .text.libgcc.fixed
                0x00000000        0x0 c:/program files (x86)/atmel/studio/7.0/toolchain/avr8/avr8-gnu-toolchain/bin/../lib/gcc/avr/5.4.0/avr5\libgcc.a(_divmodhi4.o)
 .text          0x00000000        0x0 c:/program files (x86)/atmel/studio/7.0/toolchain/avr8/avr8-gnu-toolchain/bin/../lib/gcc/avr/5.4.0/avr5\libgcc.a(_udivmodsi4.o)
 .data          0x00000000        0x0 c:/program files (x86)/atmel/studio/7.0/toolchain/avr8/avr8-gnu-toolchain/bin/../lib/gcc/avr/5.4.0/avr5\libgcc.a(_udivmodsi4.o)
 .bss           0x00000000        0x0 c:/program files (x86)/atmel/studio/7.0/toolchain/avr8/avr8-gnu-toolchain/bin/../lib/gcc/avr/5.4.0/avr5\libgcc.a(_udivmodsi4.o)
 .text.libgcc.mul
                0x00000000        0x0 c:/program files (x86)/atmel/studio/7.0/toolchain/avr8/avr8-gnu-toolchain/bin/../lib/gcc/avr/5.4.0/avr5\libgcc.a(_udivmodsi4.o)
 .text.libgcc   0x00000000        0x0 c:/program files (x86)/atmel/studio/7.0/toolchain/avr8/avr8-gnu-toolchain/bin/../lib/gcc/avr/5.4.0/avr5\libgcc.a(_udivmodsi4.o)
 .text.libgcc.prologue
                0x00000000        0x0 c:/program files (x86)/atmel/studio/7.0/toolchain/avr8/avr8-gnu-toolchain/bin/../lib/gcc/avr/5.4.0/avr5\libgcc.a(_udivmodsi4.o)
 .text.libgcc.builtins
                0x00000000        0x0 c:/program files (x86)/atmel/studio/7.0/toolchain/avr8/avr8-gnu-toolchain/bin/../lib/gcc/avr/5.4.0/avr5\libgcc.a(_udivmodsi4.o)
 .text.libgcc.fmul
                0x00000000        0x0 c:/program files (x86)/atmel/studio/7.0/toolchain/avr8/avr8-gnu-toolchain/bin/../lib/gcc/avr/5.4.0/avr5\libgcc.a(_udivmodsi4.o)
 .text.libgcc.fixed
                0x00000000        0x0 c:/program files (x86)/atmel/studio/7.0/toolchain/avr8/avr8-gnu-toolchain/bin/../lib/gcc/avr/5.4.0/avr5\libgcc.a(_udivmodsi4.o)
 .text          0x00000000        0x0 c:/program files (x86)/atmel/studio/7.0/toolchain/avr8/avr8-gnu-toolchain/bin/../lib/gcc/avr/5.4.0/avr5\libgcc.a(_exit.o)
 .data          0x00000000        0x0 c:/program files (x86)/atmel/studio/7.0/toolchain/avr8/avr8-gnu-toolchain/bin/../lib/gcc/avr/5.4.0/avr5\libgcc.a(_exit.o)
 .bss           0x00000000        0x0 c:/program files (x86)/atmel/studio/7.0/toolchain/avr8/avr8-gnu-toolchain/bin/../lib/gcc/avr/5.4.0/avr5\libgcc.a(_exit.o)
 .text.libgcc.mul
                0x00000000        0x0 c:/program files (x86)/atmel/studio/7.0/toolchain/avr8/avr8-gnu-toolchain/bin/../lib/gcc/avr/5.4.0/avr5\libgcc.a(_exit.o)
 .text.libgcc.div
                0x00000000        0x0 c:/program files (x86)/atmel/studio/7.0/toolchain/avr8/avr8-gnu-toolchain/bin/../lib/gcc/avr/5.4.0/avr5\libgcc.a(_exit.o)
 .text.libgcc   0x00000000        0x0 c:/program files (x86)/atmel/studio/7.0/toolchain/avr8/avr8-gnu-toolchain/bin/../lib/gcc/avr/5.4.0/avr5\libgcc.a(_exit.o)
 .text.libgcc.prologue
                0x00000000        0x0 c:/program files (x86)/atmel/studio/7.0/toolchain/avr8/avr8-gnu-toolchain/bin/../lib/gcc/avr/5.4.0/avr5\libgcc.a(_exit.o)
 .text.libgcc.builtins
                0x00000000        0x0 c:/program files (x86)/atmel/studio/7.0/toolchain/avr8/avr8-gnu-toolchain/bin/../lib/gcc/avr/5.4.0/avr5\libgcc.a(_exit.o)
 .text.libgcc.fmul
                0x00000000        0x0 c:/program files (x86)/atmel/studio/7.0/toolchain/avr8/avr8-gnu-toolchain/bin/../lib/gcc/avr/5.4.0/avr5\libgcc.a(_exit.o)
 .text.libgcc.fixed
                0x00000000        0x0 c:/program files (x86)/atmel/studio/7.0/toolchain/avr8/avr8-gnu-toolchain/bin/../lib/gcc/avr/5.4.0/avr5\libgcc.a(_exit.o)
 .text          0x00000000        0x0 c:/program files (x86)/atmel/studio/7.0/toolchain/avr8/avr8-gnu-toolchain/bin/../lib/gcc/avr/5.4.0/avr5\libgcc.a(_copy_data.o)
 .data          0x00000000        0x0 c:/program files (x86)/atmel/studio/7.0/toolchain/avr8/avr8-gnu-toolchain/bin/../lib/gcc/avr/5.4.0/avr5\libgcc.a(_copy_data.o)
 .bss           0x00000000        0x0 c:/program files (x86)/atmel/studio/7.0/toolchain/avr8/avr8-gnu-toolchain/bin/../lib/gcc/avr/5.4.0/avr5\libgcc.a(_copy_data.o)
 .text.libgcc.mul
                0x00000000        0x0 c:/program files (x86)/atmel/studio/7.0/toolchain/avr8/avr8-gnu-toolchain/bin/../lib/gcc/avr/5.4.0/avr5\libgcc.a(_copy_data.o)
 .text.libgcc.div
                0x00000000        0x0 c:/program files (x86)/atmel/studio/7.0/toolchain/avr8/avr8-gnu-toolchain/bin/../lib/gcc/avr/5.4.0/avr5\libgcc.a(_copy_data.o)
 .text.libgcc   0x00000000        0x0 c:/program files (x86)/atmel/studio/7.0/toolchain/avr8/avr8-gnu-toolchain/bin/../lib/gcc/avr/5.4.0/avr5\libgcc.a(_copy_data.o)
 .text.libgcc.prologue
                0x00000000        0x0 c:/program files (x86)/atmel/studio/7.0/toolchain/avr8/avr8-gnu-toolchain/bin/../lib/gcc/avr/5.4.0/avr5\libgcc.a(_copy_data.o)
 .text.libgcc.builtins
                0x00000000        0x0 c:/program files (x86)/atmel/studio/7.0/toolchain/avr8/avr8-gnu-toolchain/bin/../lib/gcc/avr/5.4.0/avr5\libgcc.a(_copy_data.o)
 .text.libgcc.fmul
                0x00000000        0x0 c:/program files (x86)/atmel/studio/7.0/toolchain/avr8/avr8-gnu-toolchain/bin/../lib/gcc/avr/5.4.0/avr5\libgcc.a(_copy_data.o)
 .text.libgcc.fixed
                0x00000000        0x0 c:/program files (x86)/atmel/studio/7.0/toolchain/avr8/avr8-gnu-toolchain/bin/../lib/gcc/avr/5.4.0/avr5\libgcc.a(_copy_data.o)
 .text          0x00000000        0x0 c:/program files (x86)/atmel/studio/7.0/toolchain/avr8/avr8-gnu-toolchain/bin/../lib/gcc/avr/5.4.0/avr5\libgcc.a(_clear_bss.o)
 .data          0x00000000        0x0 c:/program files (x86)/atmel/studio/7.0/toolchain/avr8/avr8-gnu-toolchain/bin/../lib/gcc/avr/5.4.0/avr5\libgcc.a(_clear_bss.o)
 .bss           0x00000000        0x0 c:/program files (x86)/atmel/studio/7.0/toolchain/avr8/avr8-gnu-toolchain/bin/../lib/gcc/avr/5.4.0/avr5\libgcc.a(_clear_bss.o)
 .text.libgcc.mul
                0x00000000        0x0 c:/program files (x86)/atmel/studio/7.0/toolchain/avr8/avr8-gnu-toolchain/bin/../lib/gcc/avr/5.4.0/avr5\libgcc.a(_clear_bss.o)
 .text.libgcc.div
                0x00000000        0x0 c:/program files (x86)/atmel/studio/7.0/toolchain/avr8/avr8-gnu-toolchain/bin/../lib/gcc/avr/5.4.0/avr5\libgcc.a(_clear_bss.o)
 .text.libgcc   0x00000000        0x0 c:/program files (x86)/atmel/studio/7.0/toolchain/avr8/avr8-gnu-toolchain/bin/../lib/gcc/avr/5.4.0/avr5\libgcc.a(_clear_bss.o)
 .text.libgcc.prologue
                0x00000000        0x0 c:/program files (x86)/atmel/studio/7.0/toolchain/avr8/avr8-gnu-toolchain/bin/../lib/gcc/avr/5.4.0/avr5\libgcc.a(_clear_bss.o)
 .text.libgcc.builtins
                0x00000000        0x0 c:/program files (x86)/atmel/studio/7.0/toolchain/avr8/avr8-gnu-toolchain/bin/../lib/gcc/avr/5.4.0/avr5\libgcc.a(_clear_bss.o)
 .text.libgcc.fmul
                0x00000000        0x0 c:/program files (x86)/atmel/studio/7.0/toolchain/avr8/avr8-gnu-toolchain/bin/../lib/gcc/avr/5.4.0/avr5\libgcc.a(_clear_bss.o)
 .text.libgcc.fixed
                0x00000000        0x0 c:/program files (x86)/atmel/studio/7.0/toolchain/avr8/avr8-gnu-toolchain/bin/../lib/gcc/avr/5.4.0/avr5\libgcc.a(_clear_bss.o)
 .text          0x00000000        0x0 c:/program files (x86)/atmel/studio/7.0/toolchain/avr8/avr8-gnu-toolchain/bin/../lib/gcc/avr/5.4.0/avr5\libgcc.a(_umulhisi3.o)
 .data          0x00000000        0x0 c:/program files (x86)/atmel/studio/7.0/toolchain/avr8/avr8-gnu-toolchain/bin/../lib/gcc/avr/5.4.0/avr5\libgcc.a(_umulhisi3.o)
 .bss           0x00000000        0x0 c:/program files (x86)/atmel/studio/7.0/toolchain/avr8/avr8-gnu-toolchain/bin/../lib/gcc/avr/5.4.0/avr5\libgcc.a(_umulhisi3.o)
 .text.libgcc.div
                0x00000000        0x0 c:/program files (x86)/atmel/studio/7.0/toolchain/avr8/avr8-gnu-toolchain/bin/../lib/gcc/avr/5.4.0/avr5\libgcc.a(_umulhisi3.o)
 .text.libgcc   0x00000000        0x0 c:/program files (x86)/atmel/studio/7.0/toolchain/avr8/avr8-gnu-toolchain/bin/../lib/gcc/avr/5.4.0/avr5\libgcc.a(_umulhisi3.o)
 .text.libgcc.prologue
                0x00000000        0x0 c:/program files (x86)/atmel/studio/7.0/toolchain/avr8/avr8-gnu-toolchain/bin/../lib/gcc/avr/5.4.0/avr5\libgcc.a(_umulhisi3.o)
 .text.libgcc.builtins
                0x00000000        0x0 c:/program files (x86)/atmel/studio/7.0/toolchain/avr8/avr8-gnu-toolchain/bin/../lib/gcc/avr/5.4.0/avr5\libgcc.a(_umulhisi3.o)
 .text.libgcc.fmul
                0x00000000        0x0 c:/program files (x86)/atmel/studio/7.0/toolchain/avr8/avr8-gnu-toolchain/bin/../lib/gcc/avr/5.4.0/avr5\libgcc.a(_umulhisi3.o)
 .text.libgcc.fixed
                0x00000000        0x0 c:/program files (x86)/atmel/studio/7.0/toolchain/avr8/avr8-gnu-toolchain/bin/../lib/gcc/avr/5.4.0/avr5\libgcc.a(_umulhisi3.o)
 .text          0x00000000        0x0 c:/program files (x86)/atmel/studio/7.0/toolchain/avr8/avr8-gnu-toolchain/bin/../lib/gcc/avr/5.4.0/avr5\libgcc.a(_muluhisi3.o)
 .data          0x00000000        0x0 c:/program files (x86)/atmel/studio/7.0/toolchain/avr8/avr8-gnu-toolchain/bin/../lib/gcc/avr/5.4.0/avr5\libgcc.a(_muluhisi3.o)
 .bss           0x00000000        0x0 c:/program files (x86)/atmel/studio/7.0/toolchain/avr8/avr8-gnu-toolchain/bin/../lib/gcc/avr/5.4.0/avr5\libgcc.a(_muluhisi3.o)
 .text.libgcc.div
                0x00000000        0x0 c:/program files (x86)/atmel/studio/7.0/toolchain/avr8/avr8-gnu-toolchain/bin/../lib/gcc/avr/5.4.0/avr5\libgcc.a(_muluhisi3.o)
 .text.libgcc   0x00000000        0x0 c:/program files (x86)/atmel/studio/7.0/toolchain/avr8/avr8-gnu-toolchain/bin/../lib/gcc/avr/5.4.0/avr5\libgcc.a(_muluhisi3.o)
 .text.libgcc.prologue
                0x00000000        0x0 c:/program files (x86)/atmel/studio/7.0/toolchain/avr8/avr8-gnu-toolchain/bin/../lib/gcc/avr/5.4.0/avr5\libgcc.a(_muluhisi3.o)
 .text.libgcc.builtins
                0x00000000        0x0 c:/program files (x86)/atmel/studio/7.0/toolchain/avr8/avr8-gnu-toolchain/bin/../lib/gcc/avr/5.4.0/avr5\libgcc.a(_muluhisi3.o)
 .text.libgcc.fmul
                0x00000000        0x0 c:/program files (x86)/atmel/studio/7.0/toolchain/avr8/avr8-gnu-toolchain/bin/../lib/gcc/avr/5.4.0/avr5\libgcc.a(_muluhisi3.o)
 .text.libgcc.fixed
                0x00000000        0x0 c:/program files (x86)/atmel/studio/7.0/toolchain/avr8/avr8-gnu-toolchain/bin/../lib/gcc/avr/5.4.0/avr5\libgcc.a(_muluhisi3.o)
 .text          0x00000000        0x0 c:/program files (x86)/atmel/studio/7.0/toolchain/avr8/avr8-gnu-toolchain/bin/../lib/gcc/avr/5.4.0/avr5\libgcc.a(_divdi3.o)
 .data          0x00000000        0x0 c:/program files (x86)/atmel/studio/7.0/toolchain/avr8/avr8-gnu-toolchain/bin/../lib/gcc/avr/5.4.0/avr5\libgcc.a(_divdi3.o)
 .bss           0x00000000        0x0 c:/program files (x86)/atmel/studio/7.0/toolchain/avr8/avr8-gnu-toolchain/bin/../lib/gcc/avr/5.4.0/avr5\libgcc.a(_divdi3.o)
 .text.libgcc.mul
                0x00000000        0x0 c:/program files (x86)/atmel/studio/7.0/toolchain/avr8/avr8-gnu-toolchain/bin/../lib/gcc/avr/5.4.0/avr5\libgcc.a(_divdi3.o)
 .text.libgcc.div
                0x00000000       0x62 c:/program files (x86)/atmel/studio/7.0/toolchain/avr8/avr8-gnu-toolchain/bin/../lib/gcc/avr/5.4.0/avr5\libgcc.a(_divdi3.o)
 .text.libgcc   0x00000000        0x0 c:/program files (x86)/atmel/studio/7.0/toolchain/avr8/avr8-gnu-toolchain/bin/../lib/gcc/avr/5.4.0/avr5\libgcc.a(_divdi3.o)
 .text.libgcc.prologue
                0x00000000        0x0 c:/program files (x86)/atmel/studio/7.0/toolchain/avr8/avr8-gnu-toolchain/bin/../lib/gcc/avr/5.4.0/avr5\libgcc.a(_divdi3.o)
 .text.libgcc.builtins
                0x00000000        0x0 c:/program files (x86)/atmel/studio/7.0/toolchain/avr8/avr8-gnu-toolchain/bin/../lib/gcc/avr/5.4.0/avr5\libgcc.a(_divdi3.o)
 .text.libgcc.fmul
                0x00000000        0x0 c:/program files (x86)/atmel/studio/7.0/toolchain/avr8/avr8-gnu-toolchain/bin/../lib/gcc/avr/5.4.0/avr5\libgcc.a(_divdi3.o)
 .text.libgcc.fixed
                0x00000000        0x0 c:/program files (x86)/atmel/studio/7.0/toolchain/avr8/avr8-gnu-toolchain/bin/../lib/gcc/avr/5.4.0/avr5\libgcc.a(_divdi3.o)
 .text          0x00000000        0x0 c:/program files (x86)/atmel/studio/7.0/toolchain/avr8/avr8-gnu-toolchain/bin/../lib/gcc/avr/5.4.0/avr5\libgcc.a(_udivdi3.o)
 .data          0x00000000        0x0 c:/program files (x86)/atmel/studio/7.0/toolchain/avr8/avr8-gnu-toolchain/bin/../lib/gcc/avr/5.4.0/avr5\libgcc.a(_udivdi3.o)
 .bss           0x00000000        0x0 c:/program files (x86)/atmel/studio/7.0/toolchain/avr8/avr8-gnu-toolchain/bin/../lib/gcc/avr/5.4.0/avr5\libgcc.a(_udivdi3.o)
 .text.libgcc.mul
                0x00000000        0x0 c:/program files (x86)/atmel/studio/7.0/toolchain/avr8/avr8-gnu-toolchain/bin/../lib/gcc/avr/5.4.0/avr5\libgcc.a(_udivdi3.o)
 .text.libgcc.div
                0x00000000       0x1c c:/program files (x86)/atmel/studio/7.0/toolchain/avr8/avr8-gnu-toolchain/bin/../lib/gcc/avr/5.4.0/avr5\libgcc.a(_udivdi3.o)
 .text.libgcc   0x00000000        0x0 c:/program files (x86)/atmel/studio/7.0/toolchain/avr8/avr8-gnu-toolchain/bin/../lib/gcc/avr/5.4.0/avr5\libgcc.a(_udivdi3.o)
 .text.libgcc.prologue
                0x00000000        0x0 c:/program files (x86)/atmel/studio/7.0/toolchain/avr8/avr8-gnu-toolchain/bin/../lib/gcc/avr/5.4.0/avr5\libgcc.a(_udivdi3.o)
 .text.libgcc.builtins
                0x00000000        0x0 c:/program files (x86)/atmel/studio/7.0/toolchain/avr8/avr8-gnu-toolchain/bin/../lib/gcc/avr/5.4.0/avr5\libgcc.a(_udivdi3.o)
 .text.libgcc.fmul
                0x00000000        0x0 c:/program files (x86)/atmel/studio/7.0/toolchain/avr8/avr8-gnu-toolchain/bin/../lib/gcc/avr/5.4.0/avr5\libgcc.a(_udivdi3.o)
 .text.libgcc.fixed
                0x00000000        0x0 c:/program files (x86)/atmel/studio/7.0/toolchain/avr8/avr8-gnu-toolchain/bin/../lib/gcc/avr/5.4.0/avr5\libgcc.a(_udivdi3.o)
 .text          0x00000000        0x0 c:/program files (x86)/atmel/studio/7.0/toolchain/avr8/avr8-gnu-toolchain/bin/../lib/gcc/avr/5.4.0/avr5\libgcc.a(_udivmod64.o)
 .data          0x00000000        0x0 c:/program files (x86)/atmel/studio/7.0/toolchain/avr8/avr8-gnu-toolchain/bin/../lib/gcc/avr/5.4.0/avr5\libgcc.a(_udivmod64.o)
 .bss           0x00000000        0x0 c:/program files (x86)/atmel/studio/7.0/toolchain/avr8/avr8-gnu-toolchain/bin/../lib/gcc/avr/5.4.0/avr5\libgcc.a(_udivmod64.o)
 .text.libgcc.mul
                0x00000000        0x0 c:/program files (x86)/atmel/studio/7.0/toolchain/avr8/avr8-gnu-toolchain/bin/../lib/gcc/avr/5.4.0/avr5\libgcc.a(_udivmod64.o)
 .text.libgcc.div
                0x00000000       0xa2 c:/program files (x86)/atmel/studio/7.0/toolchain/avr8/avr8-gnu-toolchain/bin/../lib/gcc/avr/5.4.0/avr5\libgcc.a(_udivmod64.o)
 .text.libgcc   0x00000000        0x0 c:/program files (x86)/atmel/studio/7.0/toolchain/avr8/avr8-gnu-toolchain/bin/../lib/gcc/avr/5.4.0/avr5\libgcc.a(_udivmod64.o)
 .text.libgcc.prologue
                0x00000000        0x0 c:/program files (x86)/atmel/studio/7.0/toolchain/avr8/avr8-gnu-toolchain/bin/../lib/gcc/avr/5.4.0/avr5\libgcc.a(_udivmod64.o)
 .text.libgcc.builtins
                0x00000000        0x0 c:/program files (x86)/atmel/studio/7.0/toolchain/avr8/avr8-gnu-toolchain/bin/../lib/gcc/avr/5.4.0/avr5\libgcc.a(_udivmod64.o)
 .text.libgcc.fmul
                0x00000000        0x0 c:/program files (x86)/atmel/studio/7.0/toolchain/avr8/avr8-gnu-toolchain/bin/../lib/gcc/avr/5.4.0/avr5\libgcc.a(_udivmod64.o)
 .text.libgcc.fixed
                0x00000000        0x0 c:/program files (x86)/atmel/studio/7.0/toolchain/avr8/avr8-gnu-toolchain/bin/../lib/gcc/avr/5.4.0/avr5\libgcc.a(_udivmod64.o)
 .text          0x00000000        0x0 c:/program files (x86)/atmel/studio/7.0/toolchain/avr8/avr8-gnu-toolchain/bin/../lib/gcc/avr/5.4.0/avr5\libgcc.a(_negdi2.o)
 .data          0x00000000        0x0 c:/program files (x86)/atmel/studio/7.0/toolchain/avr8/avr8-gnu-toolchain/bin/../lib/gcc/avr/5.4.0/avr5\libgcc.a(_negdi2.o)
 .bss           0x00000000        0x0 c:/program files (x86)/atmel/studio/7.0/toolchain/avr8/avr8-gnu-toolchain/bin/../lib/gcc/avr/5.4.0/avr5\libgcc.a(_negdi2.o)
 .text.libgcc.mul
                0x00000000        0x0 c:/program files (x86)/atmel/studio/7.0/toolchain/avr8/avr8-gnu-toolchain/bin/../lib/gcc/avr/5.4.0/avr5\libgcc.a(_negdi2.o)
 .text.libgcc.div
                0x00000000        0x0 c:/program files (x86)/atmel/studio/7.0/toolchain/avr8/avr8-gnu-toolchain/bin/../lib/gcc/avr/5.4.0/avr5\libgcc.a(_negdi2.o)
 .text.libgcc   0x00000000       0x20 c:/program files (x86)/atmel/studio/7.0/toolchain/avr8/avr8-gnu-toolchain/bin/../lib/gcc/avr/5.4.0/avr5\libgcc.a(_negdi2.o)
 .text.libgcc.prologue
                0x00000000        0x0 c:/program files (x86)/atmel/studio/7.0/toolchain/avr8/avr8-gnu-toolchain/bin/../lib/gcc/avr/5.4.0/avr5\libgcc.a(_negdi2.o)
 .text.libgcc.builtins
                0x00000000        0x0 c:/program files (x86)/atmel/studio/7.0/toolchain/avr8/avr8-gnu-toolchain/bin/../lib/gcc/avr/5.4.0/avr5\libgcc.a(_negdi2.o)
 .text.libgcc.fmul
                0x00000000        0x0 c:/program files (x86)/atmel/studio/7.0/toolchain/avr8/avr8-gnu-toolchain/bin/../lib/gcc/avr/5.4.0/avr5\libgcc.a(_negdi2.o)
 .text.libgcc.fixed
                0x00000000        0x0 c:/program files (x86)/atmel/studio/7.0/toolchain/avr8/avr8-gnu-toolchain/bin/../lib/gcc/avr/5.4.0/avr5\libgcc.a(_negdi2.o)
 .text          0x00000000        0x0 c:/program files (x86)/atmel/studio/7.0/toolchain/avr8/avr8-gnu-toolchain/bin/../lib/gcc/avr/5.4.0/avr5\libgcc.a(_prologue.o)
 .data          0x00000000        0x0 c:/program files (x86)/atmel/studio/7.0/toolchain/avr8/avr8-gnu-toolchain/bin/../lib/gcc/avr/5.4.0/avr5\libgcc.a(_prologue.o)
 .bss           0x00000000        0x0 c:/program files (x86)/atmel/studio/7.0/toolchain/avr8/avr8-gnu-toolchain/bin/../lib/gcc/avr/5.4.0/avr5\libgcc.a(_prologue.o)
 .text.libgcc.mul
                0x00000000        0x0 c:/program files (x86)/atmel/studio/7.0/toolchain/avr8/avr8-gnu-toolchain/bin/../lib/gcc/avr/5.4.0/avr5\libgcc.a(_prologue.o)
 .text.libgcc.div
                0x00000000        0x0 c:/program files (x86)/atmel/studio/7.0/toolchain/avr8/avr8-gnu-toolchain/bin/../lib/gcc/avr/5.4.0/avr5\libgcc.a(_prologue.o)
 .text.libgcc   0x00000000        0x0 c:/program files (x86)/atmel/studio/7.0/toolchain/avr8/avr8-gnu-toolchain/bin/../lib/gcc/avr/5.4.0/avr5\libgcc.a(_prologue.o)
 .text.libgcc.prologue
                0x00000000       0x38 c:/program files (x86)/atmel/studio/7.0/toolchain/avr8/avr8-gnu-toolchain/bin/../lib/gcc/avr/5.4.0/avr5\libgcc.a(_prologue.o)
 .text.libgcc.builtins
                0x00000000        0x0 c:/program files (x86)/atmel/studio/7.0/toolchain/avr8/avr8-gnu-toolchain/bin/../lib/gcc/avr/5.4.0/avr5\libgcc.a(_prologue.o)
 .text.libgcc.fmul
                0x00000000        0x0 c:/program files (x86)/atmel/studio/7.0/toolchain/avr8/avr8-gnu-toolchain/bin/../lib/gcc/avr/5.4.0/avr5\libgcc.a(_prologue.o)
 .text.libgcc.fixed
                0x00000000        0x0 c:/program files (x86)/atmel/studio/7.0/toolchain/avr8/avr8-gnu-toolchain/bin/../lib/gcc/avr/5.4.0/avr5\libgcc.a(_prologue.o)
 .text          0x00000000        0x0 c:/program files (x86)/atmel/studio/7.0/toolchain/avr8/avr8-gnu-toolchain/bin/../lib/gcc/avr/5.4.0/avr5\libgcc.a(_epilogue.o)
 .data          0x00000000        0x0 c:/program files (x86)/atmel/studio/7.0/toolchain/avr8/avr8-gnu-toolchain/bin/../lib/gcc/avr/5.4.0/avr5\libgcc.a(_epilogue.o)
 .bss           0x00000000        0x0 c:/program files (x86)/atmel/studio/7.0/toolchain/avr8/avr8-gnu-toolchain/bin/../lib/gcc/avr/5.4.0/avr5\libgcc.a(_epilogue.o)
 .text.libgcc.mul
                0x00000000        0x0 c:/program files (x86)/atmel/studio/7.0/toolchain/avr8/avr8-gnu-toolchain/bin/../lib/gcc/avr/5.4.0/avr5\libgcc.a(_epilogue.o)
 .text.libgcc.div
                0x00000000        0x0 c:/program files (x86)/atmel/studio/7.0/toolchain/avr8/avr8-gnu-toolchain/bin/../lib/gcc/avr/5.4.0/avr5\libgcc.a(_epilogue.o)
 .text.libgcc   0x00000000        0x0 c:/program files (x86)/atmel/studio/7.0/toolchain/avr8/avr8-gnu-toolchain/bin/../lib/gcc/avr/5.4.0/avr5\libgcc.a(_epilogue.o)
 .text.libgcc.prologue
                0x00000000       0x36 c:/program files (x86)/atmel/studio/7.0/toolchain/avr8/avr8-gnu-toolchain/bin/../lib/gcc/avr/5.4.0/avr5\libgcc.a(_epilogue.o)
 .text.libgcc.builtins
                0x00000000        0x0 c:/program files (x86)/atmel/studio/7.0/toolchain/avr8/avr8-gnu-toolchain/bin/../lib/gcc/avr/5.4.0/avr5\libgcc.a(_epilogue.o)
 .text.libgcc.fmul
                0x00000000        0x0 c:/program files (x86)/atmel/studio/7.0/toolchain/avr8/avr8-gnu-toolchain/bin/../lib/gcc/avr/5.4.0/avr5\libgcc.a(_epilogue.o)
 .text.libgcc.fixed
                0x00000000        0x0 c:/program files (x86)/atmel/studio/7.0/toolchain/avr8/avr8-gnu-toolchain/bin/../lib/gcc/avr/5.4.0/avr5\libgcc.a(_epilogue.o)
 .text          0x00000000        0x0 c:/program files (x86)/atmel/studio/7.0/toolchain/avr8/avr8-gnu-toolchain/bin/../lib/gcc/avr/5.4.0/avr5\libgcc.a(_cmpdi2_s8.o)
 .data          0x00000000        0x0 c:/program files (x86)/atmel/studio/7.0/toolchain/avr8/avr8-gnu-toolchain/bin/../lib/gcc/avr/5.4.0/avr5\libgcc.a(_cmpdi2_s8.o)
 .bss           0x00000000        0x0 c:/program files (x86)/atmel/studio/7.0/toolchain/avr8/avr8-gnu-toolchain/bin/../lib/gcc/avr/5.4.0/avr5\libgcc.a(_cmpdi2_s8.o)
 .text.libgcc.mul
                0x00000000        0x0 c:/program files (x86)/atmel/studio/7.0/toolchain/avr8/avr8-gnu-toolchain/bin/../lib/gcc/avr/5.4.0/avr5\libgcc.a(_cmpdi2_s8.o)
 .text.libgcc.div
                0x00000000        0x0 c:/program files (x86)/atmel/studio/7.0/toolchain/avr8/avr8-gnu-toolchain/bin/../lib/gcc/avr/5.4.0/avr5\libgcc.a(_cmpdi2_s8.o)
 .text.libgcc   0x00000000       0x18 c:/program files (x86)/atmel/studio/7.0/toolchain/avr8/avr8-gnu-toolchain/bin/../lib/gcc/avr/5.4.0/avr5\libgcc.a(_cmpdi2_s8.o)
 .text.libgcc.prologue
                0x00000000        0x0 c:/program files (x86)/atmel/studio/7.0/toolchain/avr8/avr8-gnu-toolchain/bin/../lib/gcc/avr/5.4.0/avr5\libgcc.a(_cmpdi2_s8.o)
 .text.libgcc.builtins
                0x00000000        0x0 c:/program files (x86)/atmel/studio/7.0/toolchain/avr8/avr8-gnu-toolchain/bin/../lib/gcc/avr/5.4.0/avr5\libgcc.a(_cmpdi2_s8.o)
 .text.libgcc.fmul
                0x00000000        0x0 c:/program files (x86)/atmel/studio/7.0/toolchain/avr8/avr8-gnu-toolchain/bin/../lib/gcc/avr/5.4.0/avr5\libgcc.a(_cmpdi2_s8.o)
 .text.libgcc.fixed
                0x00000000        0x0 c:/program files (x86)/atmel/studio/7.0/toolchain/avr8/avr8-gnu-toolchain/bin/../lib/gcc/avr/5.4.0/avr5\libgcc.a(_cmpdi2_s8.o)
 .text          0x00000000        0x0 c:/program files (x86)/atmel/studio/7.0/toolchain/avr8/avr8-gnu-toolchain/bin/../lib/gcc/avr/5.4.0/avr5\libgcc.a(_udivmodhi4.o)
 .data          0x00000000        0x0 c:/program files (x86)/atmel/studio/7.0/toolchain/avr8/avr8-gnu-toolchain/bin/../lib/gcc/avr/5.4.0/avr5\libgcc.a(_udivmodhi4.o)
 .bss           0x00000000        0x0 c:/program files (x86)/atmel/studio/7.0/toolchain/avr8/avr8-gnu-toolchain/bin/../lib/gcc/avr/5.4.0/avr5\libgcc.a(_udivmodhi4.o)
 .text.libgcc.mul
                0x00000000        0x0 c:/program files (x86)/atmel/studio/7.0/toolchain/avr8/avr8-gnu-toolchain/bin/../lib/gcc/avr/5.4.0/avr5\libgcc.a(_udivmodhi4.o)
 .text.libgcc.div
                0x00000000       0x28 c:/program files (x86)/atmel/studio/7.0/toolchain/avr8/avr8-gnu-toolchain/bin/../lib/gcc/avr/5.4.0/avr5\libgcc.a(_udivmodhi4.o)
 .text.libgcc   0x00000000        0x0 c:/program files (x86)/atmel/studio/7.0/toolchain/avr8/avr8-gnu-toolchain/bin/../lib/gcc/avr/5.4.0/avr5\libgcc.a(_udivmodhi4.o)
 .text.libgcc.prologue
                0x00000000        0x0 c:/program files (x86)/atmel/studio/7.0/toolchain/avr8/avr8-gnu-toolchain/bin/../lib/gcc/avr/5.4.0/avr5\libgcc.a(_udivmodhi4.o)
 .text.libgcc.builtins
                0x00000000        0x0 c:/program files (x86)/atmel/studio/7.0/toolchain/avr8/avr8-gnu-toolchain/bin/../lib/gcc/avr/5.4.0/avr5\libgcc.a(_udivmodhi4.o)
 .text.libgcc.fmul
                0x00000000        0x0 c:/program files (x86)/atmel/studio/7.0/toolchain/avr8/avr8-gnu-toolchain/bin/../lib/gcc/avr/5.4.0/avr5\libgcc.a(_udivmodhi4.o)
 .text.libgcc.fixed
                0x00000000        0x0 c:/program files (x86)/atmel/studio/7.0/toolchain/avr8/avr8-gnu-toolchain/bin/../lib/gcc/avr/5.4.0/avr5\libgcc.a(_udivmodhi4.o)
 .text          0x00000000        0x0 c:/program files (x86)/atmel/studio/7.0/toolchain/avr8/avr8-gnu-toolchain/bin/../lib/gcc/avr/5.4.0/../../../../avr/lib/avr5\libc.a(strcmp.o)
 .data          0x00000000        0x0 c:/program files (x86)/atmel/studio/7.0/toolchain/avr8/avr8-gnu-toolchain/bin/../lib/gcc/avr/5.4.0/../../../../avr/lib/avr5\libc.a(strcmp.o)
 .bss           0x00000000        0x0 c:/program files (x86)/atmel/studio/7.0/toolchain/avr8/avr8-gnu-toolchain/bin/../lib/gcc/avr/5.4.0/../../../../avr/lib/avr5\libc.a(strcmp.o)

Memory Configuration

Name             Origin             Length             Attributes
text             0x00000000         0x00008000         xr
data             0x00800060         0x00000800         rw !x
eeprom           0x00810000         0x00000400         rw !x
fuse             0x00820000         0x00000002         rw !x
lock             0x00830000         0x00000400         rw !x
signature        0x00840000         0x00000400         rw !x
user_signatures  0x00850000         0x00000400         rw !x
*default*        0x00000000         0xffffffff

Linker script and memory map

LOAD C:/Program Files (x86)/Atmel/Studio/7.0/Packs/atmel/ATmega_DFP/1.6.364/gcc/dev/atmega32/avr5/crtatmega32.o
LOAD Source/APP/APPSYS/APPSYS.o
LOAD Source/APP/main.o
LOAD Source/HAL/DCM/DCM_prg.o
LOAD Source/HAL/HC/HC_prg.o
LOAD Source/HAL/KeyPad/KeyPad_prg.o
LOAD Source/HAL/LCD/LCD_prg.o
LOAD Source/HAL/LDR/LDR_prg.o
LOAD Source/HAL/SERVO/SERVO_prg.o
LOAD Source/HAL/TEMPS/TEMPS_prg.o
LOAD Source/MCAL/ADC/ADC_prg.o
LOAD Source/MCAL/DIO/DIO_prg.o
LOAD Source/MCAL/EEPROM/EEPROM_prg.o
LOAD Source/MCAL/EXTI/EXTI_prg.o
LOAD Source/MCAL/GIE/GIE_prg.o
LOAD Source/MCAL/MCU/MCU.o
LOAD Source/MCAL/TIM0/TIM0_prg.o
LOAD Source/MCAL/TIM1/TIM1_prg.o
LOAD Source/MCAL/TIM2/TIM2_prg.o
LOAD Source/MCAL/UART/UART_prg.o
LOAD Source/MCAL/WDT/WDT_prg.o
START GROUP
LOAD c:/program files (x86)/atmel/studio/7.0/toolchain/avr8/avr8-gnu-toolchain/bin/../lib/gcc/avr/5.4.0/../../../../avr/lib/avr5\libm.a
END GROUP
START GROUP
LOAD c:/program files (x86)/atmel/studio/7.0/toolchain/avr8/avr8-gnu-toolchain/bin/../lib/gcc/avr/5.4.0/avr5\libgcc.a
LOAD c:/program files (x86)/atmel/studio/7.0/toolchain/avr8/avr8-gnu-toolchain/bin/../lib/gcc/avr/5.4.0/../../../../avr/lib/avr5\libm.a
LOAD c:/program files (x86)/atmel/studio/7.0/toolchain/avr8/avr8-gnu-toolchain/bin/../lib/gcc/avr/5.4.0/../../../../avr/lib/avr5\libc.a
LOAD C:/Program Files (x86)/Atmel/Studio/7.0/Packs/atmel/ATmega_DFP/1.6.364/gcc/dev/atmega32/avr5\libatmega32.a
END GROUP
                0x00000000                __TEXT_REGION_ORIGIN__ = DEFINED (__TEXT_REGION_ORIGIN__)?__TEXT_REGION_ORIGIN__:0x0
                [0x00800060]                __DATA_REGION_ORIGIN__ = DEFINED (__DATA_REGION_ORIGIN__)?__DATA_REGION_ORIGIN__:0x800060
                [0x00008000]                __TEXT_REGION_LENGTH__ = DEFINED (__TEXT_REGION_LENGTH__)?__TEXT_REGION_LENGTH__:0x20000
                [0x00000800]                __DATA_REGION_LENGTH__ = DEFINED (__DATA_REGION_LENGTH__)?__DATA_REGION_LENGTH__:0xffa0
                [0x00000400]                __EEPROM_REGION_LENGTH__ = DEFINED (__EEPROM_REGION_LENGTH__)?__EEPROM_REGION_LENGTH__:0x10000
                [0x00000002]                __FUSE_REGION_LENGTH__ = DEFINED (__FUSE_REGION_LENGTH__)?__FUSE_REGION_LENGTH__:0x400
                0x00000400                __LOCK_REGION_LENGTH__ = DEFINED (__LOCK_REGION_LENGTH__)?__LOCK_REGION_LENGTH__:0x400
                0x00000400                __SIGNATURE_REGION_LENGTH__ = DEFINED (__SIGNATURE_REGION_LENGTH__)?__SIGNATURE_REGION_LENGTH__:0x400
                0x00000400                __USER_SIGNATURE_REGION_LENGTH__ = DEFINED (__USER_SIGNATURE_REGION_LENGTH__)?__USER_SIGNATURE_REGION_LENGTH__:0x400

.hash
 *(.hash)

.dynsym
 *(.dynsym)

.dynstr
 *(.dynstr)

.gnu.version
 *(.gnu.version)

.gnu.version_d
 *(.gnu.version_d)

.gnu.version_r
 *(.gnu.version_r)

.rel.init
 *(.rel.init)

.rela.init
 *(.rela.init)

.rel.text
 *(.rel.text)
 *(.rel.text.*)
 *(.rel.gnu.linkonce.t*)

.rela.text
 *(.rela.text)
 *(.rela.text.*)
 *(.rela.gnu.linkonce.t*)

.rel.fini
 *(.rel.fini)

.rela.fini
 *(.rela.fini)

.rel.rodata
 *(.rel.rodata)
 *(.rel.rodata.*)
 *(.rel.gnu.linkonce.r*)

.rela.rodata
 *(.rela.rodata)
 *(.rela.rodata.*)
 *(.rela.gnu.linkonce.r*)

.rel.data
 *(.rel.data)
 *(.rel.data.*)
 *(.rel.gnu.linkonce.d*)

.rela.data
 *(.rela.data)
 *(.rela.data.*)
 *(.rela.gnu.linkonce.d*)

.rel.ctors
 *(.rel.ctors)

.rela.ctors
 *(.rela.ctors)

.rel.dtors
 *(.rel.dtors)

.rela.dtors
 *(.rela.dtors)

.rel.got
 *(.rel.got)

.rela.got
 *(.rela.got)

.rel.bss
 *(.rel.bss)

.rela.bss
 *(.rela.bss)

.rel.plt
 *(.rel.plt)

.rela.plt
 *(.rela.plt)

.text           0x00000000     0x1c94
 *(.vectors)
 .vectors       0x00000000       0x54 C:/Program Files (x86)/Atmel/Studio/7.0/Packs/atmel/ATmega_DFP/1.6.364/gcc/dev/atmega32/avr5/crtatmega32.o
                0x00000000                __vector_default
                0x00000000                __vectors
 *(.vectors)
 *(.progmem.gcc*)
                0x00000054                . = ALIGN (0x2)
                0x00000054                __trampolines_start = .
 *(.trampolines)
 .trampolines   0x00000054        0x0 linker stubs
 *(.trampolines*)
                0x00000054                __trampolines_end = .
 *libprintf_flt.a:*(.progmem.data)
 *libc.a:*(.progmem.data)
 *(.progmem*)
                0x00000054                . = ALIGN (0x2)
 *(.jumptables)
 *(.jumptables*)
 *(.lowtext)
 *(.lowtext*)
                0x00000054                __ctors_start = .
 *(.ctors)
                0x00000054                __ctors_end = .
                0x00000054                __dtors_start = .
 *(.dtors)
                0x00000054                __dtors_end = .
 SORT(*)(.ctors)
 SORT(*)(.dtors)
 *(.init0)
 .init0         0x00000054        0x0 C:/Program Files (x86)/Atmel/Studio/7.0/Packs/atmel/ATmega_DFP/1.6.364/gcc/dev/atmega32/avr5/crtatmega32.o
                0x00000054                __init
 *(.init0)
 *(.init1)
 *(.init1)
 *(.init2)
 .init2         0x00000054        0xc C:/Program Files (x86)/Atmel/Studio/7.0/Packs/atmel/ATmega_DFP/1.6.364/gcc/dev/atmega32/avr5/crtatmega32.o
 *(.init2)
 *(.init3)
 *(.init3)
 *(.init4)
 .init4         0x00000060       0x16 c:/program files (x86)/atmel/studio/7.0/toolchain/avr8/avr8-gnu-toolchain/bin/../lib/gcc/avr/5.4.0/avr5\libgcc.a(_copy_data.o)
                0x00000060                __do_copy_data
 .init4         0x00000076       0x10 c:/program files (x86)/atmel/studio/7.0/toolchain/avr8/avr8-gnu-toolchain/bin/../lib/gcc/avr/5.4.0/avr5\libgcc.a(_clear_bss.o)
                0x00000076                __do_clear_bss
 *(.init4)
 *(.init5)
 *(.init5)
 *(.init6)
 *(.init6)
 *(.init7)
 *(.init7)
 *(.init8)
 *(.init8)
 *(.init9)
 .init9         0x00000086        0x8 C:/Program Files (x86)/Atmel/Studio/7.0/Packs/atmel/ATmega_DFP/1.6.364/gcc/dev/atmega32/avr5/crtatmega32.o
 *(.init9)
 *(.text)
 .text          0x0000008e        0x4 C:/Program Files (x86)/Atmel/Studio/7.0/Packs/atmel/ATmega_DFP/1.6.364/gcc/dev/atmega32/avr5/crtatmega32.o
                0x0000008e                __bad_interrupt
                0x0000008e                __vector_17
                0x0000008e                __vector_19
                0x0000008e                __vector_18
                0x0000008e                __vector_20
                0x0000008e                __vector_12
                0x00000092                . = ALIGN (0x2)
 *(.text.*)
 .text.toHex    0x00000092       0x7c Source/APP/APPSYS/APPSYS.o
 .text.System_SendFrame
                0x0000010e       0xc2 Source/APP/APPSYS/APPSYS.o
                0x0000010e                System_SendFrame
 .text.Timer0Elapsed_KeyOFF
                0x000001d0       0x9c Source/APP/APPSYS/APPSYS.o
                0x000001d0                Timer0Elapsed_KeyOFF
 .text.Animation1_LcdPassword
                0x0000026c       0x32 Source/APP/APPSYS/APPSYS.o
                0x0000026c                Animation1_LcdPassword
 .text.StartKeypad
                0x0000029e       0xa2 Source/APP/APPSYS/APPSYS.o
                0x0000029e                StartKeypad
 .text.System_Start
                0x00000340       0xe8 Source/APP/APPSYS/APPSYS.o
                0x00000340                System_Start
 .text.LedIntensity_AutoControl
                0x00000428       0x5c Source/APP/APPSYS/APPSYS.o
                0x00000428                LedIntensity_AutoControl
 .text.System_WakeUp
                0x00000484      0x212 Source/APP/APPSYS/APPSYS.o
                0x00000484                System_WakeUp
 .text.FanSpeed_AutoControl
                0x00000696       0x6e Source/APP/APPSYS/APPSYS.o
                0x00000696                FanSpeed_AutoControl
 .text.System_CommandsHandler
                0x00000704      0x13e Source/APP/APPSYS/APPSYS.o
                0x00000704                System_CommandsHandler
 .text.System_UartHandler
                0x00000842       0x5c Source/APP/APPSYS/APPSYS.o
                0x00000842                System_UartHandler
 .text.startup.main
                0x0000089e        0xe Source/APP/main.o
                0x0000089e                main
 .text.DCM_vInit
                0x000008ac        0xa Source/HAL/DCM/DCM_prg.o
                0x000008ac                DCM_vInit
 .text.DCM_vTurnOn
                0x000008b6        0x4 Source/HAL/DCM/DCM_prg.o
                0x000008b6                DCM_vTurnOn
 .text.DCM_vTurnOff
                0x000008ba        0x4 Source/HAL/DCM/DCM_prg.o
                0x000008ba                DCM_vTurnOff
 .text.DCM_vSetPWM
                0x000008be        0xa Source/HAL/DCM/DCM_prg.o
                0x000008be                DCM_vSetPWM
 .text.HC_vInit
                0x000008c8       0x1c Source/HAL/HC/HC_prg.o
                0x000008c8                HC_vInit
 .text.HC_vSendData
                0x000008e4        0x6 Source/HAL/HC/HC_prg.o
                0x000008e4                HC_vSendData
 .text.HC_u8ReceiveDataAsync
                0x000008ea        0x4 Source/HAL/HC/HC_prg.o
                0x000008ea                HC_u8ReceiveDataAsync
 .text.HC_vSendString
                0x000008ee        0x4 Source/HAL/HC/HC_prg.o
                0x000008ee                HC_vSendString
 .text.KeyPad_vInit
                0x000008f2       0x3c Source/HAL/KeyPad/KeyPad_prg.o
                0x000008f2                KeyPad_vInit
 .text.KeyPad_u8GetPressedKey
                0x0000092e       0x8e Source/HAL/KeyPad/KeyPad_prg.o
                0x0000092e                KeyPad_u8GetPressedKey
 .text.LCD_vSendCmd
                0x000009bc       0xb2 Source/HAL/LCD/LCD_prg.o
 .text.LCD_vSendData
                0x00000a6e       0xbc Source/HAL/LCD/LCD_prg.o
 .text.LCD_vInit
                0x00000b2a       0xd0 Source/HAL/LCD/LCD_prg.o
                0x00000b2a                LCD_vInit
 .text.LCD_vDispChar
                0x00000bfa        0x4 Source/HAL/LCD/LCD_prg.o
                0x00000bfa                LCD_vDispChar
 .text.LCD_vDispStr
                0x00000bfe       0x26 Source/HAL/LCD/LCD_prg.o
                0x00000bfe                LCD_vDispStr
 .text.LCD_vClrDisp
                0x00000c24       0x12 Source/HAL/LCD/LCD_prg.o
                0x00000c24                LCD_vClrDisp
 .text.LCD_vSetPosition
                0x00000c36       0x16 Source/HAL/LCD/LCD_prg.o
                0x00000c36                LCD_vSetPosition
 .text.LDR_ConvertValue
                0x00000c4c       0x56 Source/HAL/LDR/LDR_prg.o
                0x00000c4c                LDR_ConvertValue
 .text.stateHandler
                0x00000ca2       0x48 Source/HAL/SERVO/SERVO_prg.o
 .text.SERVO_vInit
                0x00000cea       0x16 Source/HAL/SERVO/SERVO_prg.o
                0x00000cea                SERVO_vInit
 .text.SERVO_vTurnOn
                0x00000d00        0x4 Source/HAL/SERVO/SERVO_prg.o
                0x00000d00                SERVO_vTurnOn
 .text.SERVO_vSetState
                0x00000d04       0x2a Source/HAL/SERVO/SERVO_prg.o
                0x00000d04                SERVO_vSetState
 .text.TEMPS_vInit
                0x00000d2e        0x4 Source/HAL/TEMPS/TEMPS_prg.o
                0x00000d2e                TEMPS_vInit
 .text.TEMPS_ConvertValue
                0x00000d32       0x1a Source/HAL/TEMPS/TEMPS_prg.o
                0x00000d32                TEMPS_ConvertValue
 .text.ADC_vInit
                0x00000d4c       0x2e Source/MCAL/ADC/ADC_prg.o
                0x00000d4c                ADC_vInit
 .text.ADC_StartChain
                0x00000d7a       0x60 Source/MCAL/ADC/ADC_prg.o
                0x00000d7a                ADC_StartChain
 .text.__vector_16
                0x00000dda       0xd2 Source/MCAL/ADC/ADC_prg.o
                0x00000dda                __vector_16
 .text.DIO_vSetPinDir
                0x00000eac       0xa2 Source/MCAL/DIO/DIO_prg.o
                0x00000eac                DIO_vSetPinDir
 .text.DIO_vSetPinVal
                0x00000f4e       0xa2 Source/MCAL/DIO/DIO_prg.o
                0x00000f4e                DIO_vSetPinVal
 .text.DIO_vPortVal_Maked
                0x00000ff0       0x60 Source/MCAL/DIO/DIO_prg.o
                0x00000ff0                DIO_vPortVal_Maked
 .text.DIO_u8GetPinVal
                0x00001050       0x30 Source/MCAL/DIO/DIO_prg.o
                0x00001050                DIO_u8GetPinVal
 .text.DIO_vTogPin
                0x00001080       0x60 Source/MCAL/DIO/DIO_prg.o
                0x00001080                DIO_vTogPin
 .text.EEPROM_vWrite
                0x000010e0        0xe Source/MCAL/EEPROM/EEPROM_prg.o
                0x000010e0                EEPROM_vWrite
 .text.EEPROM_u8Read
                0x000010ee        0xc Source/MCAL/EEPROM/EEPROM_prg.o
                0x000010ee                EEPROM_u8Read
 .text.EXTI_vInitINT0
                0x000010fa       0x22 Source/MCAL/EXTI/EXTI_prg.o
                0x000010fa                EXTI_vInitINT0
 .text.EXTI_vReg_Func
                0x0000111c       0x2a Source/MCAL/EXTI/EXTI_prg.o
                0x0000111c                EXTI_vReg_Func
 .text.__vector_1
                0x00001146       0x4e Source/MCAL/EXTI/EXTI_prg.o
                0x00001146                __vector_1
 .text.__vector_2
                0x00001194       0x4e Source/MCAL/EXTI/EXTI_prg.o
                0x00001194                __vector_2
 .text.__vector_3
                0x000011e2       0x4e Source/MCAL/EXTI/EXTI_prg.o
                0x000011e2                __vector_3
 .text.GIE_vEnableGlobaLInt
                0x00001230        0x8 Source/MCAL/GIE/GIE_prg.o
                0x00001230                GIE_vEnableGlobaLInt
 .text.Mcu_Init
                0x00001238       0x20 Source/MCAL/MCU/MCU.o
                0x00001238                Mcu_Init
 .text.TIM0_vInit
                0x00001258       0x22 Source/MCAL/TIM0/TIM0_prg.o
                0x00001258                TIM0_vInit
 .text.TIM0_vTurnOn
                0x0000127a        0xe Source/MCAL/TIM0/TIM0_prg.o
                0x0000127a                TIM0_vTurnOn
 .text.TIM0_vTurnOff
                0x00001288        0xc Source/MCAL/TIM0/TIM0_prg.o
                0x00001288                TIM0_vTurnOff
 .text.TIM0_vDelayMilli
                0x00001294       0x70 Source/MCAL/TIM0/TIM0_prg.o
                0x00001294                TIM0_vDelayMilli
 .text.__vector_10
                0x00001304       0x52 Source/MCAL/TIM0/TIM0_prg.o
                0x00001304                __vector_10
 .text.__vector_11
                0x00001356       0x82 Source/MCAL/TIM0/TIM0_prg.o
                0x00001356                __vector_11
 .text.TIM1_vInit
                0x000013d8       0x4c Source/MCAL/TIM1/TIM1_prg.o
                0x000013d8                TIM1_vInit
 .text.TIM1_vTurnOn
                0x00001424        0xe Source/MCAL/TIM1/TIM1_prg.o
                0x00001424                TIM1_vTurnOn
 .text.TIM1_vSetDutyCycleOC1B
                0x00001432       0x28 Source/MCAL/TIM1/TIM1_prg.o
                0x00001432                TIM1_vSetDutyCycleOC1B
 .text.__vector_6
                0x0000145a       0x52 Source/MCAL/TIM1/TIM1_prg.o
                0x0000145a                __vector_6
 .text.__vector_7
                0x000014ac       0x52 Source/MCAL/TIM1/TIM1_prg.o
                0x000014ac                __vector_7
 .text.__vector_8
                0x000014fe       0x52 Source/MCAL/TIM1/TIM1_prg.o
                0x000014fe                __vector_8
 .text.__vector_9
                0x00001550       0x8c Source/MCAL/TIM1/TIM1_prg.o
                0x00001550                __vector_9
 .text.TIM2_vInit
                0x000015dc       0x18 Source/MCAL/TIM2/TIM2_prg.o
                0x000015dc                TIM2_vInit
 .text.TIM2_vTurnOn
                0x000015f4        0xe Source/MCAL/TIM2/TIM2_prg.o
                0x000015f4                TIM2_vTurnOn
 .text.TIM2_vSetPreload
                0x00001602        0x4 Source/MCAL/TIM2/TIM2_prg.o
                0x00001602                TIM2_vSetPreload
 .text.TIM2_vCallBack_OVF2
                0x00001606        0xa Source/MCAL/TIM2/TIM2_prg.o
                0x00001606                TIM2_vCallBack_OVF2
 .text.__vector_4
                0x00001610       0x52 Source/MCAL/TIM2/TIM2_prg.o
                0x00001610                __vector_4
 .text.__vector_5
                0x00001662       0x52 Source/MCAL/TIM2/TIM2_prg.o
                0x00001662                __vector_5
 .text.UART_vInit
                0x000016b4       0x30 Source/MCAL/UART/UART_prg.o
                0x000016b4                UART_vInit
 .text.UART_vSendCharSync
                0x000016e4        0x8 Source/MCAL/UART/UART_prg.o
                0x000016e4                UART_vSendCharSync
 .text.UART_vSendStringSync
                0x000016ec       0x2e Source/MCAL/UART/UART_prg.o
                0x000016ec                UART_vSendStringSync
 .text.UART_vSetCallBackRX
                0x0000171a        0xa Source/MCAL/UART/UART_prg.o
                0x0000171a                UART_vSetCallBackRX
 .text.__vector_13
                0x00001724       0x56 Source/MCAL/UART/UART_prg.o
                0x00001724                __vector_13
 .text.__vector_14
                0x0000177a       0x52 Source/MCAL/UART/UART_prg.o
                0x0000177a                __vector_14
 .text.__vector_15
                0x000017cc       0x52 Source/MCAL/UART/UART_prg.o
                0x000017cc                __vector_15
 .text.avr-libc.fplib
                0x0000181e        0xe c:/program files (x86)/atmel/studio/7.0/toolchain/avr8/avr8-gnu-toolchain/bin/../lib/gcc/avr/5.4.0/../../../../avr/lib/avr5\libm.a(addsf3.o)
                0x0000181e                __subsf3
                0x00001820                __addsf3
 .text.avr-libc.fplib
                0x0000182c       0xcc c:/program files (x86)/atmel/studio/7.0/toolchain/avr8/avr8-gnu-toolchain/bin/../lib/gcc/avr/5.4.0/../../../../avr/lib/avr5\libm.a(addsf3x.o)
                0x0000184e                __addsf3x
 .text.avr-libc.fplib
                0x000018f8       0x2e c:/program files (x86)/atmel/studio/7.0/toolchain/avr8/avr8-gnu-toolchain/bin/../lib/gcc/avr/5.4.0/../../../../avr/lib/avr5\libm.a(ceil.o)
                0x000018f8                ceil
 .text.avr-libc.fplib
                0x00001926        0x8 c:/program files (x86)/atmel/studio/7.0/toolchain/avr8/avr8-gnu-toolchain/bin/../lib/gcc/avr/5.4.0/../../../../avr/lib/avr5\libm.a(divsf3.o)
                0x00001926                __divsf3
 .text.avr-libc.fplib
                0x0000192e       0xdc c:/program files (x86)/atmel/studio/7.0/toolchain/avr8/avr8-gnu-toolchain/bin/../lib/gcc/avr/5.4.0/../../../../avr/lib/avr5\libm.a(divsf3x.o)
                0x0000194e                __divsf3x
                0x00001954                __divsf3_pse
 .text.avr-libc.fplib
                0x00001a0a       0x5e c:/program files (x86)/atmel/studio/7.0/toolchain/avr8/avr8-gnu-toolchain/bin/../lib/gcc/avr/5.4.0/../../../../avr/lib/avr5\libm.a(fixunssfsi.o)
                0x00001a0a                __fixunssfsi
 .text.avr-libc.fplib
                0x00001a68       0x7a c:/program files (x86)/atmel/studio/7.0/toolchain/avr8/avr8-gnu-toolchain/bin/../lib/gcc/avr/5.4.0/../../../../avr/lib/avr5\libm.a(floatsisf.o)
                0x00001a68                __floatunsisf
                0x00001a6c                __floatsisf
 .text.avr-libc.fplib
                0x00001ae2        0xc c:/program files (x86)/atmel/studio/7.0/toolchain/avr8/avr8-gnu-toolchain/bin/../lib/gcc/avr/5.4.0/../../../../avr/lib/avr5\libm.a(fp_inf.o)
                0x00001ae2                __fp_inf
 .text.avr-libc.fplib
                0x00001aee       0x36 c:/program files (x86)/atmel/studio/7.0/toolchain/avr8/avr8-gnu-toolchain/bin/../lib/gcc/avr/5.4.0/../../../../avr/lib/avr5\libm.a(fp_mintl.o)
                0x00001aee                __fp_mintl
 .text.avr-libc.fplib
                0x00001b24       0x1c c:/program files (x86)/atmel/studio/7.0/toolchain/avr8/avr8-gnu-toolchain/bin/../lib/gcc/avr/5.4.0/../../../../avr/lib/avr5\libm.a(fp_mpack.o)
                0x00001b24                __fp_mpack
                0x00001b28                __fp_mpack_finite
 .text.avr-libc.fplib
                0x00001b40        0x6 c:/program files (x86)/atmel/studio/7.0/toolchain/avr8/avr8-gnu-toolchain/bin/../lib/gcc/avr/5.4.0/../../../../avr/lib/avr5\libm.a(fp_nan.o)
                0x00001b40                __fp_nan
 .text.avr-libc.fplib
                0x00001b46        0xe c:/program files (x86)/atmel/studio/7.0/toolchain/avr8/avr8-gnu-toolchain/bin/../lib/gcc/avr/5.4.0/../../../../avr/lib/avr5\libm.a(fp_pscA.o)
                0x00001b46                __fp_pscA
 .text.avr-libc.fplib
                0x00001b54        0xe c:/program files (x86)/atmel/studio/7.0/toolchain/avr8/avr8-gnu-toolchain/bin/../lib/gcc/avr/5.4.0/../../../../avr/lib/avr5\libm.a(fp_pscB.o)
                0x00001b54                __fp_pscB
 .text.avr-libc.fplib
                0x00001b62       0x22 c:/program files (x86)/atmel/studio/7.0/toolchain/avr8/avr8-gnu-toolchain/bin/../lib/gcc/avr/5.4.0/../../../../avr/lib/avr5\libm.a(fp_round.o)
                0x00001b62                __fp_round
 .text.avr-libc.fplib
                0x00001b84       0x44 c:/program files (x86)/atmel/studio/7.0/toolchain/avr8/avr8-gnu-toolchain/bin/../lib/gcc/avr/5.4.0/../../../../avr/lib/avr5\libm.a(fp_split3.o)
                0x00001b84                __fp_split3
                0x00001b94                __fp_splitA
 .text.avr-libc.fplib
                0x00001bc8       0x30 c:/program files (x86)/atmel/studio/7.0/toolchain/avr8/avr8-gnu-toolchain/bin/../lib/gcc/avr/5.4.0/../../../../avr/lib/avr5\libm.a(fp_trunc.o)
                0x00001bc8                __fp_trunc
 .text.avr-libc.fplib
                0x00001bf8        0xe c:/program files (x86)/atmel/studio/7.0/toolchain/avr8/avr8-gnu-toolchain/bin/../lib/gcc/avr/5.4.0/../../../../avr/lib/avr5\libm.a(fp_zero.o)
                0x00001bf8                __fp_zero
                0x00001bfa                __fp_szero
 .text.libgcc.div
                0x00001c06       0x44 c:/program files (x86)/atmel/studio/7.0/toolchain/avr8/avr8-gnu-toolchain/bin/../lib/gcc/avr/5.4.0/avr5\libgcc.a(_udivmodsi4.o)
                0x00001c06                __udivmodsi4
 .text.libgcc.mul
                0x00001c4a       0x1e c:/program files (x86)/atmel/studio/7.0/toolchain/avr8/avr8-gnu-toolchain/bin/../lib/gcc/avr/5.4.0/avr5\libgcc.a(_umulhisi3.o)
                0x00001c4a                __umulhisi3
 .text.libgcc.mul
                0x00001c68       0x16 c:/program files (x86)/atmel/studio/7.0/toolchain/avr8/avr8-gnu-toolchain/bin/../lib/gcc/avr/5.4.0/avr5\libgcc.a(_muluhisi3.o)
                0x00001c68                __muluhisi3
 .text.avr-libc
                0x00001c7e       0x12 c:/program files (x86)/atmel/studio/7.0/toolchain/avr8/avr8-gnu-toolchain/bin/../lib/gcc/avr/5.4.0/../../../../avr/lib/avr5\libc.a(strcmp.o)
                0x00001c7e                strcmp
                0x00001c90                . = ALIGN (0x2)
 *(.fini9)
 .fini9         0x00001c90        0x0 c:/program files (x86)/atmel/studio/7.0/toolchain/avr8/avr8-gnu-toolchain/bin/../lib/gcc/avr/5.4.0/avr5\libgcc.a(_exit.o)
                0x00001c90                _exit
                0x00001c90                exit
 *(.fini9)
 *(.fini8)
 *(.fini8)
 *(.fini7)
 *(.fini7)
 *(.fini6)
 *(.fini6)
 *(.fini5)
 *(.fini5)
 *(.fini4)
 *(.fini4)
 *(.fini3)
 *(.fini3)
 *(.fini2)
 *(.fini2)
 *(.fini1)
 *(.fini1)
 *(.fini0)
 .fini0         0x00001c90        0x4 c:/program files (x86)/atmel/studio/7.0/toolchain/avr8/avr8-gnu-toolchain/bin/../lib/gcc/avr/5.4.0/avr5\libgcc.a(_exit.o)
 *(.fini0)
                0x00001c94                _etext = .

.data           0x00800060       0x7c load address 0x00001c94
                0x00800060                PROVIDE (__data_start, .)
 *(.data)
 *(.data*)
 .data.G_u8LightsMode
                0x00800060        0x1 Source/APP/APPSYS/APPSYS.o
                0x00800060                G_u8LightsMode
 .data.G_u8FanMode
                0x00800061        0x1 Source/APP/APPSYS/APPSYS.o
                0x00800061                G_u8FanMode
 .data.chain    0x00800062        0x8 Source/APP/APPSYS/APPSYS.o
                0x00800062                chain
 .data.Home_State
                0x0080006a        0x1 Source/APP/APPSYS/APPSYS.o
                0x0080006a                Home_State
 .data.channels
                0x0080006b        0x2 Source/APP/APPSYS/APPSYS.o
                0x0080006b                channels
 .data.trials   0x0080006d        0x1 Source/APP/APPSYS/APPSYS.o
                0x0080006d                trials
 .data.password
                0x0080006e        0x8 Source/APP/APPSYS/APPSYS.o
                0x0080006e                password
 *(.gnu.linkonce.d*)
 *(.rodata)
 *(.rodata*)
 .rodata.str1.1
                0x00800076       0x5a Source/APP/APPSYS/APPSYS.o
 .rodata.L_KeyPadMatrix
                0x008000d0        0xc Source/HAL/KeyPad/KeyPad_prg.o
 *(.gnu.linkonce.r*)
                0x008000dc                . = ALIGN (0x2)
                0x008000dc                _edata = .
                0x008000dc                PROVIDE (__data_end, .)

.bss            0x008000dc       0x52
                0x008000dc                PROVIDE (__bss_start, .)
 *(.bss)
 *(.bss*)
 .bss.L_u8Counter.2128
                0x008000dc        0x1 Source/APP/APPSYS/APPSYS.o
 .bss.L_u8Flag.2129
                0x008000dd        0x1 Source/APP/APPSYS/APPSYS.o
 .bss.G_u8IsBufferRdy
                0x008000de        0x1 Source/APP/APPSYS/APPSYS.o
                0x008000de                G_u8IsBufferRdy
 .bss.channelsValues
                0x008000df        0x4 Source/APP/APPSYS/APPSYS.o
                0x008000df                channelsValues
 .bss.password_i
                0x008000e3        0x1 Source/APP/APPSYS/APPSYS.o
                0x008000e3                password_i
 .bss.tempPassword
                0x008000e4        0x8 Source/APP/APPSYS/APPSYS.o
                0x008000e4                tempPassword
 .bss.G_u8CurrentOVf
                0x008000ec        0x1 Source/HAL/SERVO/SERVO_prg.o
 .bss.G_u8ISRcounter
                0x008000ed        0x1 Source/HAL/SERVO/SERVO_prg.o
 .bss.G_u8OvfCounts
                0x008000ee        0x1 Source/HAL/SERVO/SERVO_prg.o
 .bss.gISR_conversionMode
                0x008000ef        0x1 Source/MCAL/ADC/ADC_prg.o
 .bss.gAdcChainIndex
                0x008000f0        0x1 Source/MCAL/ADC/ADC_prg.o
 .bss.gAdcChainSize
                0x008000f1        0x2 Source/MCAL/ADC/ADC_prg.o
 .bss.gAdcChainResultsArr
                0x008000f3        0x2 Source/MCAL/ADC/ADC_prg.o
 .bss.gAdcChainChannelsArr
                0x008000f5        0x2 Source/MCAL/ADC/ADC_prg.o
 .bss.ISR_ADCCHAINPTR
                0x008000f7        0x2 Source/MCAL/ADC/ADC_prg.o
 .bss.G_ISR_ADC
                0x008000f9        0x2 Source/MCAL/ADC/ADC_prg.o
 .bss.G_u16ISRCounter
                0x008000fb        0x2 Source/MCAL/TIM0/TIM0_prg.o
 .bss.G_u8Timer0_Preload_Val
                0x008000fd        0x1 Source/MCAL/TIM0/TIM0_prg.o
                0x008000fd                G_u8Timer0_Preload_Val
 .bss.G_u16Timer0_Cov
                0x008000fe        0x2 Source/MCAL/TIM0/TIM0_prg.o
                0x008000fe                G_u16Timer0_Cov
 .bss.G_PTRF_TIM0_CTC
                0x00800100        0x2 Source/MCAL/TIM0/TIM0_prg.o
                0x00800100                G_PTRF_TIM0_CTC
 .bss.G_PTRF_TIM0_OVF
                0x00800102        0x2 Source/MCAL/TIM0/TIM0_prg.o
                0x00800102                G_PTRF_TIM0_OVF
 .bss.G_u16ISRCounter
                0x00800104        0x2 Source/MCAL/TIM1/TIM1_prg.o
 .bss.G_u16Timer1_Preload_Val
                0x00800106        0x2 Source/MCAL/TIM1/TIM1_prg.o
 .bss.G_u16Timer1_Cov
                0x00800108        0x2 Source/MCAL/TIM1/TIM1_prg.o
 .bss.G_PTRF_TIM1_ICF1
                0x0080010a        0x2 Source/MCAL/TIM1/TIM1_prg.o
                0x0080010a                G_PTRF_TIM1_ICF1
 .bss.G_PTRF_TIM1_OC1BF
                0x0080010c        0x2 Source/MCAL/TIM1/TIM1_prg.o
                0x0080010c                G_PTRF_TIM1_OC1BF
 .bss.G_PTRF_TIM1_OC1AF
                0x0080010e        0x2 Source/MCAL/TIM1/TIM1_prg.o
                0x0080010e                G_PTRF_TIM1_OC1AF
 .bss.G_PTRF_TIM1_OVF
                0x00800110        0x2 Source/MCAL/TIM1/TIM1_prg.o
                0x00800110                G_PTRF_TIM1_OVF
 .bss.G_PTRF_TIM2_CTC
                0x00800112        0x2 Source/MCAL/TIM2/TIM2_prg.o
                0x00800112                G_PTRF_TIM2_CTC
 .bss.G_PTRF_TIM2_OVF
                0x00800114        0x2 Source/MCAL/TIM2/TIM2_prg.o
                0x00800114                G_PTRF_TIM2_OVF
 .bss.G_UDRE_PTR_Iv_Ov
                0x00800116        0x2 Source/MCAL/UART/UART_prg.o
                0x00800116                G_UDRE_PTR_Iv_Ov
 .bss.G_TX_COMPLETE_PTR_Iv_Ov
                0x00800118        0x2 Source/MCAL/UART/UART_prg.o
                0x00800118                G_TX_COMPLETE_PTR_Iv_Ov
 .bss.G_RX_COMPLETE_PTR_Iu16_Ov
                0x0080011a        0x2 Source/MCAL/UART/UART_prg.o
                0x0080011a                G_RX_COMPLETE_PTR_Iu16_Ov
 *(COMMON)
 COMMON         0x0080011c        0xc Source/APP/APPSYS/APPSYS.o
                0x0080011c                G_u8HomeSatus
                0x00800123                G_u8Buffer
 COMMON         0x00800128        0x6 Source/MCAL/EXTI/EXTI_prg.o
                0x00800128                G_ISR_INT1_ptr
                0x0080012a                G_ISR_INT0_ptr
                0x0080012c                G_ISR_INT2_ptr
                0x0080012e                PROVIDE (__bss_end, .)
                0x00001c94                __data_load_start = LOADADDR (.data)
                0x00001d10                __data_load_end = (__data_load_start + SIZEOF (.data))

.noinit         0x0080012e        0x0
                [!provide]                PROVIDE (__noinit_start, .)
 *(.noinit*)
                [!provide]                PROVIDE (__noinit_end, .)
                0x0080012e                _end = .
                [!provide]                PROVIDE (__heap_start, .)

.eeprom         0x00810000        0x0
 *(.eeprom*)
                0x00810000                __eeprom_end = .

.fuse
 *(.fuse)
 *(.lfuse)
 *(.hfuse)
 *(.efuse)

.lock
 *(.lock*)

.signature
 *(.signature*)

.user_signatures
 *(.user_signatures*)

.stab
 *(.stab)

.stabstr
 *(.stabstr)

.stab.excl
 *(.stab.excl)

.stab.exclstr
 *(.stab.exclstr)

.stab.index
 *(.stab.index)

.stab.indexstr
 *(.stab.indexstr)

.comment        0x00000000       0x30
 *(.comment)
 .comment       0x00000000       0x30 Source/APP/APPSYS/APPSYS.o
                                 0x31 (size before relaxing)
 .comment       0x00000030       0x31 Source/APP/main.o
 .comment       0x00000030       0x31 Source/HAL/DCM/DCM_prg.o
 .comment       0x00000030       0x31 Source/HAL/HC/HC_prg.o
 .comment       0x00000030       0x31 Source/HAL/KeyPad/KeyPad_prg.o
 .comment       0x00000030       0x31 Source/HAL/LCD/LCD_prg.o
 .comment       0x00000030       0x31 Source/HAL/LDR/LDR_prg.o
 .comment       0x00000030       0x31 Source/HAL/SERVO/SERVO_prg.o
 .comment       0x00000030       0x31 Source/HAL/TEMPS/TEMPS_prg.o
 .comment       0x00000030       0x31 Source/MCAL/ADC/ADC_prg.o
 .comment       0x00000030       0x31 Source/MCAL/DIO/DIO_prg.o
 .comment       0x00000030       0x31 Source/MCAL/EEPROM/EEPROM_prg.o
 .comment       0x00000030       0x31 Source/MCAL/EXTI/EXTI_prg.o
 .comment       0x00000030       0x31 Source/MCAL/GIE/GIE_prg.o
 .comment       0x00000030       0x31 Source/MCAL/MCU/MCU.o
 .comment       0x00000030       0x31 Source/MCAL/TIM0/TIM0_prg.o
 .comment       0x00000030       0x31 Source/MCAL/TIM1/TIM1_prg.o
 .comment       0x00000030       0x31 Source/MCAL/TIM2/TIM2_prg.o
 .comment       0x00000030       0x31 Source/MCAL/UART/UART_prg.o

.note.gnu.avr.deviceinfo
                0x00000000       0x3c
 .note.gnu.avr.deviceinfo
                0x00000000       0x3c C:/Program Files (x86)/Atmel/Studio/7.0/Packs/atmel/ATmega_DFP/1.6.364/gcc/dev/atmega32/avr5/crtatmega32.o

.note.gnu.build-id
 *(.note.gnu.build-id)

.debug
 *(.debug)

.line
 *(.line)

.debug_srcinfo
 *(.debug_srcinfo)

.debug_sfnames
 *(.debug_sfnames)

.debug_aranges
 *(.debug_aranges)

.debug_pubnames
 *(.debug_pubnames)

.debug_info     0x00000000      0x4e6
 *(.debug_info .gnu.linkonce.wi.*)
 .debug_info    0x00000000      0x4e6 C:/Program Files (x86)/Atmel/Studio/7.0/Packs/atmel/ATmega_DFP/1.6.364/gcc/dev/atmega32/avr5/crtatmega32.o

.debug_abbrev   0x00000000      0x4a3
 *(.debug_abbrev)
 .debug_abbrev  0x00000000      0x4a3 C:/Program Files (x86)/Atmel/Studio/7.0/Packs/atmel/ATmega_DFP/1.6.364/gcc/dev/atmega32/avr5/crtatmega32.o

.debug_line     0x00000000      0x116
 *(.debug_line .debug_line.* .debug_line_end)
 .debug_line    0x00000000      0x116 C:/Program Files (x86)/Atmel/Studio/7.0/Packs/atmel/ATmega_DFP/1.6.364/gcc/dev/atmega32/avr5/crtatmega32.o

.debug_frame
 *(.debug_frame)

.debug_str      0x00000000      0x196
 *(.debug_str)
 .debug_str     0x00000000      0x196 C:/Program Files (x86)/Atmel/Studio/7.0/Packs/atmel/ATmega_DFP/1.6.364/gcc/dev/atmega32/avr5/crtatmega32.o

.debug_loc
 *(.debug_loc)

.debug_macinfo
 *(.debug_macinfo)

.debug_weaknames
 *(.debug_weaknames)

.debug_funcnames
 *(.debug_funcnames)

.debug_typenames
 *(.debug_typenames)

.debug_varnames
 *(.debug_varnames)

.debug_pubtypes
 *(.debug_pubtypes)

.debug_ranges
 *(.debug_ranges)

.debug_macro
 *(.debug_macro)
OUTPUT(Smart Home.elf elf32-avr)
LOAD linker stubs
