Archive member included because of file (symbol)

c:/users/20109/onedrive/desktop/imt/tools/imt_sdk_win_64/winavr/bin/../lib/gcc/avr/4.3.3/avr5\libgcc.a(_mulsi3.o)
                              ./HAL/TEMPS/TEMPS_prg.o (__mulsi3)
c:/users/20109/onedrive/desktop/imt/tools/imt_sdk_win_64/winavr/bin/../lib/gcc/avr/4.3.3/avr5\libgcc.a(_divmodhi4.o)
                              ./MCAL/TIM2/TIM2_prg.o (__divmodhi4)
c:/users/20109/onedrive/desktop/imt/tools/imt_sdk_win_64/winavr/bin/../lib/gcc/avr/4.3.3/avr5\libgcc.a(_udivmodsi4.o)
                              ./HAL/TEMPS/TEMPS_prg.o (__udivmodsi4)
c:/users/20109/onedrive/desktop/imt/tools/imt_sdk_win_64/winavr/bin/../lib/gcc/avr/4.3.3/avr5\libgcc.a(_exit.o)
                              c:/users/20109/onedrive/desktop/imt/tools/imt_sdk_win_64/winavr/bin/../lib/gcc/avr/4.3.3/../../../../avr/lib/avr5/crtm32.o (exit)
c:/users/20109/onedrive/desktop/imt/tools/imt_sdk_win_64/winavr/bin/../lib/gcc/avr/4.3.3/avr5\libgcc.a(_copy_data.o)
                              ./HAL/LCD/LCD_prg.o (__do_copy_data)
c:/users/20109/onedrive/desktop/imt/tools/imt_sdk_win_64/winavr/bin/../lib/gcc/avr/4.3.3/avr5\libgcc.a(_clear_bss.o)
                              ./MCAL/UART/UART_prg.o (__do_clear_bss)
c:/users/20109/onedrive/desktop/imt/tools/imt_sdk_win_64/winavr/bin/../lib/gcc/avr/4.3.3/avr5\libgcc.a(_fixunssfsi.o)
                              ./MCAL/TIM1/TIM1_prg.o (__fixunssfsi)
c:/users/20109/onedrive/desktop/imt/tools/imt_sdk_win_64/winavr/bin/../lib/gcc/avr/4.3.3/avr5\libgcc.a(_divdi3.o)
                              ./HAL/LCD/LCD_prg.o (__divdi3)
c:/users/20109/onedrive/desktop/imt/tools/imt_sdk_win_64/winavr/bin/../lib/gcc/avr/4.3.3/avr5\libgcc.a(_moddi3.o)
                              ./HAL/LCD/LCD_prg.o (__moddi3)
c:/users/20109/onedrive/desktop/imt/tools/imt_sdk_win_64/winavr/bin/../lib/gcc/avr/4.3.3/avr5\libgcc.a(_addsub_sf.o)
                              ./MCAL/TIM1/TIM1_prg.o (__subsf3)
c:/users/20109/onedrive/desktop/imt/tools/imt_sdk_win_64/winavr/bin/../lib/gcc/avr/4.3.3/avr5\libgcc.a(_mul_sf.o)
                              ./HAL/LCD/LCD_prg.o (__mulsf3)
c:/users/20109/onedrive/desktop/imt/tools/imt_sdk_win_64/winavr/bin/../lib/gcc/avr/4.3.3/avr5\libgcc.a(_div_sf.o)
                              ./MCAL/TIM1/TIM1_prg.o (__divsf3)
c:/users/20109/onedrive/desktop/imt/tools/imt_sdk_win_64/winavr/bin/../lib/gcc/avr/4.3.3/avr5\libgcc.a(_ge_sf.o)
                              c:/users/20109/onedrive/desktop/imt/tools/imt_sdk_win_64/winavr/bin/../lib/gcc/avr/4.3.3/avr5\libgcc.a(_fixunssfsi.o) (__gesf2)
c:/users/20109/onedrive/desktop/imt/tools/imt_sdk_win_64/winavr/bin/../lib/gcc/avr/4.3.3/avr5\libgcc.a(_sf_to_si.o)
                              c:/users/20109/onedrive/desktop/imt/tools/imt_sdk_win_64/winavr/bin/../lib/gcc/avr/4.3.3/avr5\libgcc.a(_fixunssfsi.o) (__fixsfsi)
c:/users/20109/onedrive/desktop/imt/tools/imt_sdk_win_64/winavr/bin/../lib/gcc/avr/4.3.3/avr5\libgcc.a(_thenan_sf.o)
                              c:/users/20109/onedrive/desktop/imt/tools/imt_sdk_win_64/winavr/bin/../lib/gcc/avr/4.3.3/avr5\libgcc.a(_addsub_sf.o) (__thenan_sf)
c:/users/20109/onedrive/desktop/imt/tools/imt_sdk_win_64/winavr/bin/../lib/gcc/avr/4.3.3/avr5\libgcc.a(_usi_to_sf.o)
                              ./MCAL/TIM1/TIM1_prg.o (__floatunsisf)
c:/users/20109/onedrive/desktop/imt/tools/imt_sdk_win_64/winavr/bin/../lib/gcc/avr/4.3.3/avr5\libgcc.a(_udivmodhi4.o)
                              c:/users/20109/onedrive/desktop/imt/tools/imt_sdk_win_64/winavr/bin/../lib/gcc/avr/4.3.3/avr5\libgcc.a(_divmodhi4.o) (__udivmodhi4)
c:/users/20109/onedrive/desktop/imt/tools/imt_sdk_win_64/winavr/bin/../lib/gcc/avr/4.3.3/avr5\libgcc.a(_prologue.o)
                              c:/users/20109/onedrive/desktop/imt/tools/imt_sdk_win_64/winavr/bin/../lib/gcc/avr/4.3.3/avr5\libgcc.a(_divdi3.o) (__prologue_saves__)
c:/users/20109/onedrive/desktop/imt/tools/imt_sdk_win_64/winavr/bin/../lib/gcc/avr/4.3.3/avr5\libgcc.a(_epilogue.o)
                              c:/users/20109/onedrive/desktop/imt/tools/imt_sdk_win_64/winavr/bin/../lib/gcc/avr/4.3.3/avr5\libgcc.a(_divdi3.o) (__epilogue_restores__)
c:/users/20109/onedrive/desktop/imt/tools/imt_sdk_win_64/winavr/bin/../lib/gcc/avr/4.3.3/avr5\libgcc.a(_clz.o)
                              c:/users/20109/onedrive/desktop/imt/tools/imt_sdk_win_64/winavr/bin/../lib/gcc/avr/4.3.3/avr5\libgcc.a(_divdi3.o) (__clz_tab)
c:/users/20109/onedrive/desktop/imt/tools/imt_sdk_win_64/winavr/bin/../lib/gcc/avr/4.3.3/avr5\libgcc.a(_clzsi2.o)
                              c:/users/20109/onedrive/desktop/imt/tools/imt_sdk_win_64/winavr/bin/../lib/gcc/avr/4.3.3/avr5\libgcc.a(_usi_to_sf.o) (__clzsi2)
c:/users/20109/onedrive/desktop/imt/tools/imt_sdk_win_64/winavr/bin/../lib/gcc/avr/4.3.3/avr5\libgcc.a(_pack_sf.o)
                              c:/users/20109/onedrive/desktop/imt/tools/imt_sdk_win_64/winavr/bin/../lib/gcc/avr/4.3.3/avr5\libgcc.a(_addsub_sf.o) (__pack_f)
c:/users/20109/onedrive/desktop/imt/tools/imt_sdk_win_64/winavr/bin/../lib/gcc/avr/4.3.3/avr5\libgcc.a(_unpack_sf.o)
                              c:/users/20109/onedrive/desktop/imt/tools/imt_sdk_win_64/winavr/bin/../lib/gcc/avr/4.3.3/avr5\libgcc.a(_addsub_sf.o) (__unpack_f)
c:/users/20109/onedrive/desktop/imt/tools/imt_sdk_win_64/winavr/bin/../lib/gcc/avr/4.3.3/avr5\libgcc.a(_fpcmp_parts_sf.o)
                              c:/users/20109/onedrive/desktop/imt/tools/imt_sdk_win_64/winavr/bin/../lib/gcc/avr/4.3.3/avr5\libgcc.a(_ge_sf.o) (__fpcmp_parts_f)
c:/users/20109/onedrive/desktop/imt/tools/imt_sdk_win_64/winavr/bin/../lib/gcc/avr/4.3.3/../../../../avr/lib/avr5\libc.a(strcmp.o)
                              ./HAL/HC/HC_prg.o (strcmp)
c:/users/20109/onedrive/desktop/imt/tools/imt_sdk_win_64/winavr/bin/../lib/gcc/avr/4.3.3/../../../../avr/lib/avr5\libc.a(ceil.o)
                              ./MCAL/TIM1/TIM1_prg.o (ceil)
c:/users/20109/onedrive/desktop/imt/tools/imt_sdk_win_64/winavr/bin/../lib/gcc/avr/4.3.3/../../../../avr/lib/avr5\libc.a(fp_mintl.o)
                              c:/users/20109/onedrive/desktop/imt/tools/imt_sdk_win_64/winavr/bin/../lib/gcc/avr/4.3.3/../../../../avr/lib/avr5\libc.a(ceil.o) (__fp_mintl)
c:/users/20109/onedrive/desktop/imt/tools/imt_sdk_win_64/winavr/bin/../lib/gcc/avr/4.3.3/../../../../avr/lib/avr5\libc.a(fp_mpack.o)
                              c:/users/20109/onedrive/desktop/imt/tools/imt_sdk_win_64/winavr/bin/../lib/gcc/avr/4.3.3/../../../../avr/lib/avr5\libc.a(ceil.o) (__fp_mpack)
c:/users/20109/onedrive/desktop/imt/tools/imt_sdk_win_64/winavr/bin/../lib/gcc/avr/4.3.3/../../../../avr/lib/avr5\libc.a(fp_trunc.o)
                              c:/users/20109/onedrive/desktop/imt/tools/imt_sdk_win_64/winavr/bin/../lib/gcc/avr/4.3.3/../../../../avr/lib/avr5\libc.a(ceil.o) (__fp_trunc)
c:/users/20109/onedrive/desktop/imt/tools/imt_sdk_win_64/winavr/bin/../lib/gcc/avr/4.3.3/../../../../avr/lib/avr5\libc.a(fp_zero.o)
                              c:/users/20109/onedrive/desktop/imt/tools/imt_sdk_win_64/winavr/bin/../lib/gcc/avr/4.3.3/../../../../avr/lib/avr5\libc.a(ceil.o) (__fp_szero)
c:/users/20109/onedrive/desktop/imt/tools/imt_sdk_win_64/winavr/bin/../lib/gcc/avr/4.3.3/../../../../avr/lib/avr5\libc.a(fp_split3.o)
                              c:/users/20109/onedrive/desktop/imt/tools/imt_sdk_win_64/winavr/bin/../lib/gcc/avr/4.3.3/../../../../avr/lib/avr5\libc.a(fp_trunc.o) (__fp_splitA)

Allocating common symbols
Common symbol       size              file

G_ISR_INT1_ptr      0x2               ./MCAL/EXTI/EXTI_prg.o
G_ISR_INT0_ptr      0x2               ./MCAL/EXTI/EXTI_prg.o
G_u8HomeSatus       0x7               ./APP/APPSYS/APPSYS.o
G_u8Buffer          0x28              ./APP/APPSYS/APPSYS.o
G_ISR_INT2_ptr      0x2               ./MCAL/EXTI/EXTI_prg.o

Memory Configuration

Name             Origin             Length             Attributes
text             0x00000000         0x00020000         xr
data             0x00800060         0x0000ffa0         rw !x
eeprom           0x00810000         0x00010000         rw !x
fuse             0x00820000         0x00000400         rw !x
lock             0x00830000         0x00000400         rw !x
signature        0x00840000         0x00000400         rw !x
*default*        0x00000000         0xffffffff

Linker script and memory map

LOAD c:/users/20109/onedrive/desktop/imt/tools/imt_sdk_win_64/winavr/bin/../lib/gcc/avr/4.3.3/../../../../avr/lib/avr5/crtm32.o
LOAD ./MCAL/WDT/WDT_prg.o
LOAD ./MCAL/UART/UART_prg.o
LOAD ./MCAL/TIM2/TIM2_prg.o
LOAD ./MCAL/TIM1/TIM1_prg.o
LOAD ./MCAL/TIM0/TIM0_prg.o
LOAD ./MCAL/MCU/MCU.o
LOAD ./MCAL/GIE/GIE_prg.o
LOAD ./MCAL/EXTI/EXTI_prg.o
LOAD ./MCAL/DIO/DIO_prg.o
LOAD ./MCAL/ADC/ADC_prg.o
LOAD ./HAL/TEMPS/TEMPS_prg.o
LOAD ./HAL/SERVO/SERVO_prg.o
LOAD ./HAL/LDR/LDR_prg.o
LOAD ./HAL/LCD/LCD_prg.o
LOAD ./HAL/KeyPad/KeyPad_prg.o
LOAD ./HAL/HC/HC_prg.o
LOAD ./APP/APPSYS/APPSYS.o
LOAD ./APP/main.o
LOAD c:/users/20109/onedrive/desktop/imt/tools/imt_sdk_win_64/winavr/bin/../lib/gcc/avr/4.3.3/avr5\libgcc.a
LOAD c:/users/20109/onedrive/desktop/imt/tools/imt_sdk_win_64/winavr/bin/../lib/gcc/avr/4.3.3/../../../../avr/lib/avr5\libc.a
LOAD c:/users/20109/onedrive/desktop/imt/tools/imt_sdk_win_64/winavr/bin/../lib/gcc/avr/4.3.3/avr5\libgcc.a

.hash
 *(.hash)

.dynsym
 *(.dynsym)

.dynstr
 *(.dynstr)

.gnu.version
 *(.gnu.version)

.gnu.version_d
 *(.gnu.version_d)

.gnu.version_r
 *(.gnu.version_r)

.rel.init
 *(.rel.init)

.rela.init
 *(.rela.init)

.rel.text
 *(.rel.text)
 *(.rel.text.*)
 *(.rel.gnu.linkonce.t*)

.rela.text
 *(.rela.text)
 *(.rela.text.*)
 *(.rela.gnu.linkonce.t*)

.rel.fini
 *(.rel.fini)

.rela.fini
 *(.rela.fini)

.rel.rodata
 *(.rel.rodata)
 *(.rel.rodata.*)
 *(.rel.gnu.linkonce.r*)

.rela.rodata
 *(.rela.rodata)
 *(.rela.rodata.*)
 *(.rela.gnu.linkonce.r*)

.rel.data
 *(.rel.data)
 *(.rel.data.*)
 *(.rel.gnu.linkonce.d*)

.rela.data
 *(.rela.data)
 *(.rela.data.*)
 *(.rela.gnu.linkonce.d*)

.rel.ctors
 *(.rel.ctors)

.rela.ctors
 *(.rela.ctors)

.rel.dtors
 *(.rel.dtors)

.rela.dtors
 *(.rela.dtors)

.rel.got
 *(.rel.got)

.rela.got
 *(.rela.got)

.rel.bss
 *(.rel.bss)

.rela.bss
 *(.rela.bss)

.rel.plt
 *(.rel.plt)

.rela.plt
 *(.rela.plt)

.text           0x00000000     0x4eba
 *(.vectors)
 .vectors       0x00000000       0x54 c:/users/20109/onedrive/desktop/imt/tools/imt_sdk_win_64/winavr/bin/../lib/gcc/avr/4.3.3/../../../../avr/lib/avr5/crtm32.o
                0x00000000                __vectors
                0x00000000                __vector_default
 *(.vectors)
 *(.progmem.gcc*)
 *(.progmem*)
                0x00000054                . = ALIGN (0x2)
                0x00000054                __trampolines_start = .
 *(.trampolines)
 .trampolines   0x00000054        0x0 linker stubs
 *(.trampolines*)
                0x00000054                __trampolines_end = .
 *(.jumptables)
 *(.jumptables*)
 *(.lowtext)
 *(.lowtext*)
                0x00000054                __ctors_start = .
 *(.ctors)
                0x00000054                __ctors_end = .
                0x00000054                __dtors_start = .
 *(.dtors)
                0x00000054                __dtors_end = .
 SORT(*)(.ctors)
 SORT(*)(.dtors)
 *(.init0)
 .init0         0x00000054        0x0 c:/users/20109/onedrive/desktop/imt/tools/imt_sdk_win_64/winavr/bin/../lib/gcc/avr/4.3.3/../../../../avr/lib/avr5/crtm32.o
                0x00000054                __init
 *(.init0)
 *(.init1)
 *(.init1)
 *(.init2)
 .init2         0x00000054        0xc c:/users/20109/onedrive/desktop/imt/tools/imt_sdk_win_64/winavr/bin/../lib/gcc/avr/4.3.3/../../../../avr/lib/avr5/crtm32.o
 *(.init2)
 *(.init3)
 *(.init3)
 *(.init4)
 .init4         0x00000060       0x16 c:/users/20109/onedrive/desktop/imt/tools/imt_sdk_win_64/winavr/bin/../lib/gcc/avr/4.3.3/avr5\libgcc.a(_copy_data.o)
                0x00000060                __do_copy_data
 .init4         0x00000076       0x10 c:/users/20109/onedrive/desktop/imt/tools/imt_sdk_win_64/winavr/bin/../lib/gcc/avr/4.3.3/avr5\libgcc.a(_clear_bss.o)
                0x00000076                __do_clear_bss
 *(.init4)
 *(.init5)
 *(.init5)
 *(.init6)
 *(.init6)
 *(.init7)
 *(.init7)
 *(.init8)
 *(.init8)
 *(.init9)
 .init9         0x00000086        0x8 c:/users/20109/onedrive/desktop/imt/tools/imt_sdk_win_64/winavr/bin/../lib/gcc/avr/4.3.3/../../../../avr/lib/avr5/crtm32.o
 *(.init9)
 *(.text)
 .text          0x0000008e        0x4 c:/users/20109/onedrive/desktop/imt/tools/imt_sdk_win_64/winavr/bin/../lib/gcc/avr/4.3.3/../../../../avr/lib/avr5/crtm32.o
                0x0000008e                __vector_12
                0x0000008e                __bad_interrupt
                0x0000008e                __vector_17
                0x0000008e                __vector_19
                0x0000008e                __vector_18
                0x0000008e                __vector_20
 .text          0x00000092        0x0 ./MCAL/WDT/WDT_prg.o
 .text          0x00000092        0x0 ./MCAL/UART/UART_prg.o
 .text          0x00000092        0x0 ./MCAL/TIM2/TIM2_prg.o
 .text          0x00000092        0x0 ./MCAL/TIM1/TIM1_prg.o
 .text          0x00000092        0x0 ./MCAL/TIM0/TIM0_prg.o
 .text          0x00000092        0x0 ./MCAL/MCU/MCU.o
 .text          0x00000092        0x0 ./MCAL/GIE/GIE_prg.o
 .text          0x00000092        0x0 ./MCAL/EXTI/EXTI_prg.o
 .text          0x00000092        0x0 ./MCAL/DIO/DIO_prg.o
 .text          0x00000092        0x0 ./MCAL/ADC/ADC_prg.o
 .text          0x00000092        0x0 ./HAL/TEMPS/TEMPS_prg.o
 .text          0x00000092        0x0 ./HAL/SERVO/SERVO_prg.o
 .text          0x00000092        0x0 ./HAL/LDR/LDR_prg.o
 .text          0x00000092        0x0 ./HAL/LCD/LCD_prg.o
 .text          0x00000092        0x0 ./HAL/KeyPad/KeyPad_prg.o
 .text          0x00000092        0x0 ./HAL/HC/HC_prg.o
 .text          0x00000092        0x0 ./APP/APPSYS/APPSYS.o
 .text          0x00000092        0x0 ./APP/main.o
 .text          0x00000092        0x0 c:/users/20109/onedrive/desktop/imt/tools/imt_sdk_win_64/winavr/bin/../lib/gcc/avr/4.3.3/avr5\libgcc.a(_mulsi3.o)
 .text          0x00000092        0x0 c:/users/20109/onedrive/desktop/imt/tools/imt_sdk_win_64/winavr/bin/../lib/gcc/avr/4.3.3/avr5\libgcc.a(_divmodhi4.o)
 .text          0x00000092        0x0 c:/users/20109/onedrive/desktop/imt/tools/imt_sdk_win_64/winavr/bin/../lib/gcc/avr/4.3.3/avr5\libgcc.a(_udivmodsi4.o)
 .text          0x00000092        0x0 c:/users/20109/onedrive/desktop/imt/tools/imt_sdk_win_64/winavr/bin/../lib/gcc/avr/4.3.3/avr5\libgcc.a(_exit.o)
 .text          0x00000092        0x0 c:/users/20109/onedrive/desktop/imt/tools/imt_sdk_win_64/winavr/bin/../lib/gcc/avr/4.3.3/avr5\libgcc.a(_copy_data.o)
 .text          0x00000092        0x0 c:/users/20109/onedrive/desktop/imt/tools/imt_sdk_win_64/winavr/bin/../lib/gcc/avr/4.3.3/avr5\libgcc.a(_clear_bss.o)
 .text          0x00000092       0x58 c:/users/20109/onedrive/desktop/imt/tools/imt_sdk_win_64/winavr/bin/../lib/gcc/avr/4.3.3/avr5\libgcc.a(_fixunssfsi.o)
                0x00000092                __fixunssfsi
 .text          0x000000ea     0x1050 c:/users/20109/onedrive/desktop/imt/tools/imt_sdk_win_64/winavr/bin/../lib/gcc/avr/4.3.3/avr5\libgcc.a(_divdi3.o)
                0x000000ea                __divdi3
 .text          0x0000113a     0x107a c:/users/20109/onedrive/desktop/imt/tools/imt_sdk_win_64/winavr/bin/../lib/gcc/avr/4.3.3/avr5\libgcc.a(_moddi3.o)
                0x0000113a                __moddi3
 .text          0x000021b4      0x354 c:/users/20109/onedrive/desktop/imt/tools/imt_sdk_win_64/winavr/bin/../lib/gcc/avr/4.3.3/avr5\libgcc.a(_addsub_sf.o)
                0x0000244c                __subsf3
                0x000024ae                __addsf3
 .text          0x00002508      0x1f4 c:/users/20109/onedrive/desktop/imt/tools/imt_sdk_win_64/winavr/bin/../lib/gcc/avr/4.3.3/avr5\libgcc.a(_mul_sf.o)
                0x00002508                __mulsf3
 .text          0x000026fc      0x158 c:/users/20109/onedrive/desktop/imt/tools/imt_sdk_win_64/winavr/bin/../lib/gcc/avr/4.3.3/avr5\libgcc.a(_div_sf.o)
                0x000026fc                __divsf3
 .text          0x00002854       0x60 c:/users/20109/onedrive/desktop/imt/tools/imt_sdk_win_64/winavr/bin/../lib/gcc/avr/4.3.3/avr5\libgcc.a(_ge_sf.o)
                0x00002854                __gesf2
 .text          0x000028b4       0xa8 c:/users/20109/onedrive/desktop/imt/tools/imt_sdk_win_64/winavr/bin/../lib/gcc/avr/4.3.3/avr5\libgcc.a(_sf_to_si.o)
                0x000028b4                __fixsfsi
 .text          0x0000295c        0x0 c:/users/20109/onedrive/desktop/imt/tools/imt_sdk_win_64/winavr/bin/../lib/gcc/avr/4.3.3/avr5\libgcc.a(_thenan_sf.o)
 .text          0x0000295c       0xf2 c:/users/20109/onedrive/desktop/imt/tools/imt_sdk_win_64/winavr/bin/../lib/gcc/avr/4.3.3/avr5\libgcc.a(_usi_to_sf.o)
                0x0000295c                __floatunsisf
 .text          0x00002a4e        0x0 c:/users/20109/onedrive/desktop/imt/tools/imt_sdk_win_64/winavr/bin/../lib/gcc/avr/4.3.3/avr5\libgcc.a(_udivmodhi4.o)
 .text          0x00002a4e        0x0 c:/users/20109/onedrive/desktop/imt/tools/imt_sdk_win_64/winavr/bin/../lib/gcc/avr/4.3.3/avr5\libgcc.a(_prologue.o)
 .text          0x00002a4e        0x0 c:/users/20109/onedrive/desktop/imt/tools/imt_sdk_win_64/winavr/bin/../lib/gcc/avr/4.3.3/avr5\libgcc.a(_epilogue.o)
 .text          0x00002a4e        0x0 c:/users/20109/onedrive/desktop/imt/tools/imt_sdk_win_64/winavr/bin/../lib/gcc/avr/4.3.3/avr5\libgcc.a(_clz.o)
 .text          0x00002a4e       0x9e c:/users/20109/onedrive/desktop/imt/tools/imt_sdk_win_64/winavr/bin/../lib/gcc/avr/4.3.3/avr5\libgcc.a(_clzsi2.o)
                0x00002a4e                __clzsi2
 .text          0x00002aec      0x1aa c:/users/20109/onedrive/desktop/imt/tools/imt_sdk_win_64/winavr/bin/../lib/gcc/avr/4.3.3/avr5\libgcc.a(_pack_sf.o)
                0x00002aec                __pack_f
 .text          0x00002c96       0xf0 c:/users/20109/onedrive/desktop/imt/tools/imt_sdk_win_64/winavr/bin/../lib/gcc/avr/4.3.3/avr5\libgcc.a(_unpack_sf.o)
                0x00002c96                __unpack_f
 .text          0x00002d86       0xb2 c:/users/20109/onedrive/desktop/imt/tools/imt_sdk_win_64/winavr/bin/../lib/gcc/avr/4.3.3/avr5\libgcc.a(_fpcmp_parts_sf.o)
                0x00002d86                __fpcmp_parts_f
 .text          0x00002e38        0x0 c:/users/20109/onedrive/desktop/imt/tools/imt_sdk_win_64/winavr/bin/../lib/gcc/avr/4.3.3/../../../../avr/lib/avr5\libc.a(strcmp.o)
 .text          0x00002e38        0x0 c:/users/20109/onedrive/desktop/imt/tools/imt_sdk_win_64/winavr/bin/../lib/gcc/avr/4.3.3/../../../../avr/lib/avr5\libc.a(ceil.o)
 .text          0x00002e38        0x0 c:/users/20109/onedrive/desktop/imt/tools/imt_sdk_win_64/winavr/bin/../lib/gcc/avr/4.3.3/../../../../avr/lib/avr5\libc.a(fp_mintl.o)
 .text          0x00002e38        0x0 c:/users/20109/onedrive/desktop/imt/tools/imt_sdk_win_64/winavr/bin/../lib/gcc/avr/4.3.3/../../../../avr/lib/avr5\libc.a(fp_mpack.o)
 .text          0x00002e38        0x0 c:/users/20109/onedrive/desktop/imt/tools/imt_sdk_win_64/winavr/bin/../lib/gcc/avr/4.3.3/../../../../avr/lib/avr5\libc.a(fp_trunc.o)
 .text          0x00002e38        0x0 c:/users/20109/onedrive/desktop/imt/tools/imt_sdk_win_64/winavr/bin/../lib/gcc/avr/4.3.3/../../../../avr/lib/avr5\libc.a(fp_zero.o)
 .text          0x00002e38        0x0 c:/users/20109/onedrive/desktop/imt/tools/imt_sdk_win_64/winavr/bin/../lib/gcc/avr/4.3.3/../../../../avr/lib/avr5\libc.a(fp_split3.o)
                0x00002e38                . = ALIGN (0x2)
 *(.text.*)
 .text.WDT_vEnable
                0x00002e38        0x8 ./MCAL/WDT/WDT_prg.o
                0x00002e38                WDT_vEnable
 .text.WDT_vDisable
                0x00002e40        0x8 ./MCAL/WDT/WDT_prg.o
                0x00002e40                WDT_vDisable
 .text.WDT_vSetSleep
                0x00002e48        0xe ./MCAL/WDT/WDT_prg.o
                0x00002e48                WDT_vSetSleep
 .text.UART_vSendCharSync
                0x00002e56        0x8 ./MCAL/UART/UART_prg.o
                0x00002e56                UART_vSendCharSync
 .text.UART_vSendStringSync
                0x00002e5e       0x20 ./MCAL/UART/UART_prg.o
                0x00002e5e                UART_vSendStringSync
 .text.UART_u16ReceiveDataSync
                0x00002e7e        0xa ./MCAL/UART/UART_prg.o
                0x00002e7e                UART_u16ReceiveDataSync
 .text.UART_vReceiveStringSync
                0x00002e88       0x1c ./MCAL/UART/UART_prg.o
                0x00002e88                UART_vReceiveStringSync
 .text.UART_vSetCallBackTx
                0x00002ea4        0xa ./MCAL/UART/UART_prg.o
                0x00002ea4                UART_vSetCallBackTx
 .text.UART_vSetCallBackRX
                0x00002eae        0xa ./MCAL/UART/UART_prg.o
                0x00002eae                UART_vSetCallBackRX
 .text.UART_vSetCallBackUDRE
                0x00002eb8        0xa ./MCAL/UART/UART_prg.o
                0x00002eb8                UART_vSetCallBackUDRE
 .text.UART_vSendCharAsync
                0x00002ec2        0x4 ./MCAL/UART/UART_prg.o
                0x00002ec2                UART_vSendCharAsync
 .text.__vector_13
                0x00002ec6       0x56 ./MCAL/UART/UART_prg.o
                0x00002ec6                __vector_13
 .text.__vector_14
                0x00002f1c       0x52 ./MCAL/UART/UART_prg.o
                0x00002f1c                __vector_14
 .text.__vector_15
                0x00002f6e       0x52 ./MCAL/UART/UART_prg.o
                0x00002f6e                __vector_15
 .text.UART_vInit
                0x00002fc0       0x32 ./MCAL/UART/UART_prg.o
                0x00002fc0                UART_vInit
 .text.TIM2_vInit
                0x00002ff2       0x18 ./MCAL/TIM2/TIM2_prg.o
                0x00002ff2                TIM2_vInit
 .text.TIM2_vTurnOn
                0x0000300a        0xe ./MCAL/TIM2/TIM2_prg.o
                0x0000300a                TIM2_vTurnOn
 .text.TIM2_vTurnOff
                0x00003018        0xc ./MCAL/TIM2/TIM2_prg.o
                0x00003018                TIM2_vTurnOff
 .text.TIM2_vSetPreload
                0x00003024        0x4 ./MCAL/TIM2/TIM2_prg.o
                0x00003024                TIM2_vSetPreload
 .text.TIM2_vSetOcr2Val
                0x00003028        0x4 ./MCAL/TIM2/TIM2_prg.o
                0x00003028                TIM2_vSetOcr2Val
 .text.TIM2_vCallBack_OCF2
                0x0000302c        0xa ./MCAL/TIM2/TIM2_prg.o
                0x0000302c                TIM2_vCallBack_OCF2
 .text.TIM2_vCallBack_OVF2
                0x00003036        0xa ./MCAL/TIM2/TIM2_prg.o
                0x00003036                TIM2_vCallBack_OVF2
 .text.TIMER_vSetDutyCycleOC2
                0x00003040       0x10 ./MCAL/TIM2/TIM2_prg.o
                0x00003040                TIMER_vSetDutyCycleOC2
 .text.__vector_4
                0x00003050       0x52 ./MCAL/TIM2/TIM2_prg.o
                0x00003050                __vector_4
 .text.__vector_5
                0x000030a2       0x52 ./MCAL/TIM2/TIM2_prg.o
                0x000030a2                __vector_5
 .text.TIM1_vInit
                0x000030f4       0x2e ./MCAL/TIM1/TIM1_prg.o
                0x000030f4                TIM1_vInit
 .text.TIM1_vTurnOn
                0x00003122        0xe ./MCAL/TIM1/TIM1_prg.o
                0x00003122                TIM1_vTurnOn
 .text.TIM1_vTurnOff
                0x00003130        0xc ./MCAL/TIM1/TIM1_prg.o
                0x00003130                TIM1_vTurnOff
 .text.TIM1_vSetPreload
                0x0000313c        0xe ./MCAL/TIM1/TIM1_prg.o
                0x0000313c                TIM1_vSetPreload
 .text.TIM1_vSetOcr1aVal
                0x0000314a        0x6 ./MCAL/TIM1/TIM1_prg.o
                0x0000314a                TIM1_vSetOcr1aVal
 .text.TIM1_vSetOcr1bVal
                0x00003150        0x6 ./MCAL/TIM1/TIM1_prg.o
                0x00003150                TIM1_vSetOcr1bVal
 .text.TIM1_vCallBack_OVF
                0x00003156        0xa ./MCAL/TIM1/TIM1_prg.o
                0x00003156                TIM1_vCallBack_OVF
 .text.TIM1_vCallBack_OCF1A
                0x00003160        0xa ./MCAL/TIM1/TIM1_prg.o
                0x00003160                TIM1_vCallBack_OCF1A
 .text.TIM1_vCallBack_OCF1B
                0x0000316a        0xa ./MCAL/TIM1/TIM1_prg.o
                0x0000316a                TIM1_vCallBack_OCF1B
 .text.TIMER_vCallBack_ICF1
                0x00003174        0xa ./MCAL/TIM1/TIM1_prg.o
                0x00003174                TIMER_vCallBack_ICF1
 .text.TIM1_vSetDutyCycleOC1A
                0x0000317e        0x6 ./MCAL/TIM1/TIM1_prg.o
                0x0000317e                TIM1_vSetDutyCycleOC1A
 .text.TIM1_vSetDutyCycleOC1B
                0x00003184        0x6 ./MCAL/TIM1/TIM1_prg.o
                0x00003184                TIM1_vSetDutyCycleOC1B
 .text.TIM1_vSetIcr1Val
                0x0000318a        0x6 ./MCAL/TIM1/TIM1_prg.o
                0x0000318a                TIM1_vSetIcr1Val
 .text.TIM1_vDisableICU
                0x00003190        0x8 ./MCAL/TIM1/TIM1_prg.o
                0x00003190                TIM1_vDisableICU
 .text.TIM1_vSetTriggering
                0x00003198       0x1a ./MCAL/TIM1/TIM1_prg.o
                0x00003198                TIM1_vSetTriggering
 .text.TIM1_vGetIcr1Val
                0x000031b2        0x8 ./MCAL/TIM1/TIM1_prg.o
                0x000031b2                TIM1_vGetIcr1Val
 .text.__vector_6
                0x000031ba       0x52 ./MCAL/TIM1/TIM1_prg.o
                0x000031ba                __vector_6
 .text.__vector_7
                0x0000320c       0x52 ./MCAL/TIM1/TIM1_prg.o
                0x0000320c                __vector_7
 .text.__vector_8
                0x0000325e       0x52 ./MCAL/TIM1/TIM1_prg.o
                0x0000325e                __vector_8
 .text.__vector_9
                0x000032b0       0x8a ./MCAL/TIM1/TIM1_prg.o
                0x000032b0                __vector_9
 .text.TIM1_vDelayMilli
                0x0000333a       0x78 ./MCAL/TIM1/TIM1_prg.o
                0x0000333a                TIM1_vDelayMilli
 .text.TIM1_vInitICU
                0x000033b2       0x30 ./MCAL/TIM1/TIM1_prg.o
                0x000033b2                TIM1_vInitICU
 .text.TIM0_vInit
                0x000033e2       0x22 ./MCAL/TIM0/TIM0_prg.o
                0x000033e2                TIM0_vInit
 .text.TIM0_vTurnOn
                0x00003404        0xe ./MCAL/TIM0/TIM0_prg.o
                0x00003404                TIM0_vTurnOn
 .text.TIM0_vTurnOff
                0x00003412        0xc ./MCAL/TIM0/TIM0_prg.o
                0x00003412                TIM0_vTurnOff
 .text.TIM0_vSetPreload
                0x0000341e        0x8 ./MCAL/TIM0/TIM0_prg.o
                0x0000341e                TIM0_vSetPreload
 .text.TIM0_vSetOcr0Val
                0x00003426        0x4 ./MCAL/TIM0/TIM0_prg.o
                0x00003426                TIM0_vSetOcr0Val
 .text.TIM0_vGetOcr0Val
                0x0000342a        0x4 ./MCAL/TIM0/TIM0_prg.o
                0x0000342a                TIM0_vGetOcr0Val
 .text.TIM0_vCallBack_OCF0
                0x0000342e        0xa ./MCAL/TIM0/TIM0_prg.o
                0x0000342e                TIM0_vCallBack_OCF0
 .text.TIM0_vCallBack_OVF
                0x00003438        0xa ./MCAL/TIM0/TIM0_prg.o
                0x00003438                TIM0_vCallBack_OVF
 .text.TIM0_vSetDutyCycleOC0
                0x00003442       0x10 ./MCAL/TIM0/TIM0_prg.o
                0x00003442                TIM0_vSetDutyCycleOC0
 .text.__vector_10
                0x00003452       0x52 ./MCAL/TIM0/TIM0_prg.o
                0x00003452                __vector_10
 .text.__vector_11
                0x000034a4       0x84 ./MCAL/TIM0/TIM0_prg.o
                0x000034a4                __vector_11
 .text.TIM0_vDelayMilli
                0x00003528       0x72 ./MCAL/TIM0/TIM0_prg.o
                0x00003528                TIM0_vDelayMilli
 .text.Mcu_Init
                0x0000359a       0x1e ./MCAL/MCU/MCU.o
                0x0000359a                Mcu_Init
 .text.GIE_vEnableGlobaLInt
                0x000035b8        0x8 ./MCAL/GIE/GIE_prg.o
                0x000035b8                GIE_vEnableGlobaLInt
 .text.GIE_vDisableGlobalInt
                0x000035c0        0x8 ./MCAL/GIE/GIE_prg.o
                0x000035c0                GIE_vDisableGlobalInt
 .text.EXTI_vReg_Func
                0x000035c8       0x2c ./MCAL/EXTI/EXTI_prg.o
                0x000035c8                EXTI_vReg_Func
 .text.__vector_1
                0x000035f4       0x4e ./MCAL/EXTI/EXTI_prg.o
                0x000035f4                __vector_1
 .text.__vector_2
                0x00003642       0x4e ./MCAL/EXTI/EXTI_prg.o
                0x00003642                __vector_2
 .text.__vector_3
                0x00003690       0x4e ./MCAL/EXTI/EXTI_prg.o
                0x00003690                __vector_3
 .text.EXTI_vInitINT2
                0x000036de       0x22 ./MCAL/EXTI/EXTI_prg.o
                0x000036de                EXTI_vInitINT2
 .text.EXTI_vInitINT1
                0x00003700       0x24 ./MCAL/EXTI/EXTI_prg.o
                0x00003700                EXTI_vInitINT1
 .text.EXTI_vInitINT0
                0x00003724       0x22 ./MCAL/EXTI/EXTI_prg.o
                0x00003724                EXTI_vInitINT0
 .text.DIO_vSetPinDir
                0x00003746       0xbc ./MCAL/DIO/DIO_prg.o
                0x00003746                DIO_vSetPinDir
 .text.DIO_vSetPortDir
                0x00003802       0x4a ./MCAL/DIO/DIO_prg.o
                0x00003802                DIO_vSetPortDir
 .text.DIO_vSetPinVal
                0x0000384c       0xbc ./MCAL/DIO/DIO_prg.o
                0x0000384c                DIO_vSetPinVal
 .text.DIO_vSetPortVal
                0x00003908       0x22 ./MCAL/DIO/DIO_prg.o
                0x00003908                DIO_vSetPortVal
 .text.DIO_u8GetPinVal
                0x0000392a       0x3e ./MCAL/DIO/DIO_prg.o
                0x0000392a                DIO_u8GetPinVal
 .text.DIO_u8GetPortVal
                0x00003968       0x22 ./MCAL/DIO/DIO_prg.o
                0x00003968                DIO_u8GetPortVal
 .text.DIO_vTogPin
                0x0000398a       0x6a ./MCAL/DIO/DIO_prg.o
                0x0000398a                DIO_vTogPin
 .text.DIO_vTogPort
                0x000039f4       0x32 ./MCAL/DIO/DIO_prg.o
                0x000039f4                DIO_vTogPort
 .text.ADC_vSetPreScale
                0x00003a26        0xe ./MCAL/ADC/ADC_prg.o
                0x00003a26                ADC_vSetPreScale
 .text.ADC_vReadDigitalAsync
                0x00003a34       0x1e ./MCAL/ADC/ADC_prg.o
                0x00003a34                ADC_vReadDigitalAsync
 .text.ADC_u16ReadDigitalSync
                0x00003a52       0x16 ./MCAL/ADC/ADC_prg.o
                0x00003a52                ADC_u16ReadDigitalSync
 .text.ADC_vTurnOff
                0x00003a68        0x4 ./MCAL/ADC/ADC_prg.o
                0x00003a68                ADC_vTurnOff
 .text.ADC_StartChain
                0x00003a6c       0x50 ./MCAL/ADC/ADC_prg.o
                0x00003a6c                ADC_StartChain
 .text.ADC_vDisable
                0x00003abc        0x4 ./MCAL/ADC/ADC_prg.o
                0x00003abc                ADC_vDisable
 .text.ADC_vEnable
                0x00003ac0        0x4 ./MCAL/ADC/ADC_prg.o
                0x00003ac0                ADC_vEnable
 .text.__vector_16
                0x00003ac4       0xd2 ./MCAL/ADC/ADC_prg.o
                0x00003ac4                __vector_16
 .text.ADC_vInit
                0x00003b96       0x2e ./MCAL/ADC/ADC_prg.o
                0x00003b96                ADC_vInit
 .text.TEMPS_ConvertValue
                0x00003bc4       0x24 ./HAL/TEMPS/TEMPS_prg.o
                0x00003bc4                TEMPS_ConvertValue
 .text.TEMPS_u8GetTemp
                0x00003be8       0x2a ./HAL/TEMPS/TEMPS_prg.o
                0x00003be8                TEMPS_u8GetTemp
 .text.TEMPS_vInit
                0x00003c12        0x6 ./HAL/TEMPS/TEMPS_prg.o
                0x00003c12                TEMPS_vInit
 .text.SERVO_vSetAngle
                0x00003c18        0x2 ./HAL/SERVO/SERVO_prg.o
                0x00003c18                SERVO_vSetAngle
 .text.SERVO_vSetState
                0x00003c1a       0x2e ./HAL/SERVO/SERVO_prg.o
                0x00003c1a                SERVO_vSetState
 .text.SERVO_vTurnOff
                0x00003c48        0x6 ./HAL/SERVO/SERVO_prg.o
                0x00003c48                SERVO_vTurnOff
 .text.SERVO_vTurnOn
                0x00003c4e        0x6 ./HAL/SERVO/SERVO_prg.o
                0x00003c4e                SERVO_vTurnOn
 .text.SERVO_vInit
                0x00003c54       0x18 ./HAL/SERVO/SERVO_prg.o
                0x00003c54                SERVO_vInit
 .text.stateHandler
                0x00003c6c       0x48 ./HAL/SERVO/SERVO_prg.o
 .text.LDR_ConvertValue
                0x00003cb4       0x74 ./HAL/LDR/LDR_prg.o
                0x00003cb4                LDR_ConvertValue
 .text.LDR_u16GetValue
                0x00003d28       0x7a ./HAL/LDR/LDR_prg.o
                0x00003d28                LDR_u16GetValue
 .text.LDR_vInit
                0x00003da2        0x6 ./HAL/LDR/LDR_prg.o
                0x00003da2                LDR_vInit
 .text.u8IntToString
                0x00003da8      0x228 ./HAL/LCD/LCD_prg.o
 .text.LCD_vShiftCursor
                0x00003fd0        0x2 ./HAL/LCD/LCD_prg.o
                0x00003fd0                LCD_vShiftCursor
 .text.LCD_vTurnOn
                0x00003fd2        0x2 ./HAL/LCD/LCD_prg.o
                0x00003fd2                LCD_vTurnOn
 .text.LCD_vTurnOff
                0x00003fd4        0x2 ./HAL/LCD/LCD_prg.o
                0x00003fd4                LCD_vTurnOff
 .text.LCD_vSendCmd
                0x00003fd6       0xbc ./HAL/LCD/LCD_prg.o
 .text.LCD_vReturnHome
                0x00004092        0x8 ./HAL/LCD/LCD_prg.o
                0x00004092                LCD_vReturnHome
 .text.LCD_vShiftDisp
                0x0000409a       0x1a ./HAL/LCD/LCD_prg.o
                0x0000409a                LCD_vShiftDisp
 .text.LCD_vSetPosition
                0x000040b4       0x1e ./HAL/LCD/LCD_prg.o
                0x000040b4                LCD_vSetPosition
 .text.LCD_vClrDisp
                0x000040d2       0x10 ./HAL/LCD/LCD_prg.o
                0x000040d2                LCD_vClrDisp
 .text.LCD_vSendData
                0x000040e2       0xc2 ./HAL/LCD/LCD_prg.o
 .text.LCD_vCreateCustomPattern
                0x000041a4       0x40 ./HAL/LCD/LCD_prg.o
 .text.LCD_vDispCustomChar
                0x000041e4       0x7a ./HAL/LCD/LCD_prg.o
                0x000041e4                LCD_vDispCustomChar
 .text.LCD_vDispChar
                0x0000425e        0x6 ./HAL/LCD/LCD_prg.o
                0x0000425e                LCD_vDispChar
 .text.LCD_vDispNum
                0x00004264       0x2a ./HAL/LCD/LCD_prg.o
                0x00004264                LCD_vDispNum
 .text.LCD_vDispStr
                0x0000428e       0x26 ./HAL/LCD/LCD_prg.o
                0x0000428e                LCD_vDispStr
 .text.LCD_vDispFloat
                0x000042b4      0x176 ./HAL/LCD/LCD_prg.o
                0x000042b4                LCD_vDispFloat
 .text.LCD_vInit
                0x0000442a       0xd0 ./HAL/LCD/LCD_prg.o
                0x0000442a                LCD_vInit
 .text.KeyPad_u8GetPressedKey
                0x000044fa       0xc0 ./HAL/KeyPad/KeyPad_prg.o
                0x000044fa                KeyPad_u8GetPressedKey
 .text.KeyPad_vInit
                0x000045ba       0x5e ./HAL/KeyPad/KeyPad_prg.o
                0x000045ba                KeyPad_vInit
 .text.HC_vWakeUp
                0x00004618       0x28 ./HAL/HC/HC_prg.o
                0x00004618                HC_vWakeUp
 .text.HC_vSendString
                0x00004640        0x6 ./HAL/HC/HC_prg.o
                0x00004640                HC_vSendString
 .text.sendCommand
                0x00004646       0x38 ./HAL/HC/HC_prg.o
 .text.HC_vSleep
                0x0000467e        0xa ./HAL/HC/HC_prg.o
                0x0000467e                HC_vSleep
 .text.HC_vOneTimeConfig
                0x00004688       0x1a ./HAL/HC/HC_prg.o
                0x00004688                HC_vOneTimeConfig
 .text.HC_u8ReceiveDataSync
                0x000046a2        0x6 ./HAL/HC/HC_prg.o
                0x000046a2                HC_u8ReceiveDataSync
 .text.HC_u8Test
                0x000046a8       0x6a ./HAL/HC/HC_prg.o
                0x000046a8                HC_u8Test
 .text.HC_u8ReceiveDataAsync
                0x00004712        0x6 ./HAL/HC/HC_prg.o
                0x00004712                HC_u8ReceiveDataAsync
 .text.HC_vSendDataAsync
                0x00004718        0x6 ./HAL/HC/HC_prg.o
                0x00004718                HC_vSendDataAsync
 .text.HC_vSendData
                0x0000471e        0x8 ./HAL/HC/HC_prg.o
                0x0000471e                HC_vSendData
 .text.HC_vInit
                0x00004726       0x1e ./HAL/HC/HC_prg.o
                0x00004726                HC_vInit
 .text.System_Start
                0x00004744       0x32 ./APP/APPSYS/APPSYS.o
                0x00004744                System_Start
 .text.Timer0Elapsed_KeyOFF
                0x00004776       0x9a ./APP/APPSYS/APPSYS.o
                0x00004776                Timer0Elapsed_KeyOFF
 .text.Animation1_LcdPassword
                0x00004810       0x30 ./APP/APPSYS/APPSYS.o
                0x00004810                Animation1_LcdPassword
 .text.System_WakeUp
                0x00004840      0x1a0 ./APP/APPSYS/APPSYS.o
                0x00004840                System_WakeUp
 .text.toHex    0x000049e0       0x8e ./APP/APPSYS/APPSYS.o
 .text.System_SendFrame
                0x00004a6e       0x9a ./APP/APPSYS/APPSYS.o
                0x00004a6e                System_SendFrame
 .text.System_UartHandler
                0x00004b08       0x5c ./APP/APPSYS/APPSYS.o
                0x00004b08                System_UartHandler
 .text.StartKeypad
                0x00004b64       0x86 ./APP/APPSYS/APPSYS.o
                0x00004b64                StartKeypad
 .text.DisplayOverLCD
                0x00004bea       0x76 ./APP/APPSYS/APPSYS.o
                0x00004bea                DisplayOverLCD
 .text.main     0x00004c60        0xe ./APP/main.o
                0x00004c60                main
 .text.libgcc   0x00004c6e       0x3e c:/users/20109/onedrive/desktop/imt/tools/imt_sdk_win_64/winavr/bin/../lib/gcc/avr/4.3.3/avr5\libgcc.a(_mulsi3.o)
                0x00004c6e                __mulsi3
 .text.libgcc   0x00004cac       0x26 c:/users/20109/onedrive/desktop/imt/tools/imt_sdk_win_64/winavr/bin/../lib/gcc/avr/4.3.3/avr5\libgcc.a(_divmodhi4.o)
                0x00004cac                __divmodhi4
                0x00004cac                _div
 .text.libgcc   0x00004cd2       0x44 c:/users/20109/onedrive/desktop/imt/tools/imt_sdk_win_64/winavr/bin/../lib/gcc/avr/4.3.3/avr5\libgcc.a(_udivmodsi4.o)
                0x00004cd2                __udivmodsi4
 .text.libgcc   0x00004d16        0x0 c:/users/20109/onedrive/desktop/imt/tools/imt_sdk_win_64/winavr/bin/../lib/gcc/avr/4.3.3/avr5\libgcc.a(_exit.o)
 .text.libgcc   0x00004d16        0x0 c:/users/20109/onedrive/desktop/imt/tools/imt_sdk_win_64/winavr/bin/../lib/gcc/avr/4.3.3/avr5\libgcc.a(_copy_data.o)
 .text.libgcc   0x00004d16        0x0 c:/users/20109/onedrive/desktop/imt/tools/imt_sdk_win_64/winavr/bin/../lib/gcc/avr/4.3.3/avr5\libgcc.a(_clear_bss.o)
 .text.libgcc   0x00004d16       0x28 c:/users/20109/onedrive/desktop/imt/tools/imt_sdk_win_64/winavr/bin/../lib/gcc/avr/4.3.3/avr5\libgcc.a(_udivmodhi4.o)
                0x00004d16                __udivmodhi4
 .text.libgcc   0x00004d3e       0x38 c:/users/20109/onedrive/desktop/imt/tools/imt_sdk_win_64/winavr/bin/../lib/gcc/avr/4.3.3/avr5\libgcc.a(_prologue.o)
                0x00004d3e                __prologue_saves__
 .text.libgcc   0x00004d76       0x36 c:/users/20109/onedrive/desktop/imt/tools/imt_sdk_win_64/winavr/bin/../lib/gcc/avr/4.3.3/avr5\libgcc.a(_epilogue.o)
                0x00004d76                __epilogue_restores__
 .text.avr-libc
                0x00004dac       0x12 c:/users/20109/onedrive/desktop/imt/tools/imt_sdk_win_64/winavr/bin/../lib/gcc/avr/4.3.3/../../../../avr/lib/avr5\libc.a(strcmp.o)
                0x00004dac                strcmp
 .text.avr-libc.fplib
                0x00004dbe       0x26 c:/users/20109/onedrive/desktop/imt/tools/imt_sdk_win_64/winavr/bin/../lib/gcc/avr/4.3.3/../../../../avr/lib/avr5\libc.a(ceil.o)
                0x00004dbe                ceil
 .text.avr-libc.fplib
                0x00004de4       0x36 c:/users/20109/onedrive/desktop/imt/tools/imt_sdk_win_64/winavr/bin/../lib/gcc/avr/4.3.3/../../../../avr/lib/avr5\libc.a(fp_mintl.o)
                0x00004de4                __fp_mintl
 .text.avr-libc.fplib
                0x00004e1a       0x1c c:/users/20109/onedrive/desktop/imt/tools/imt_sdk_win_64/winavr/bin/../lib/gcc/avr/4.3.3/../../../../avr/lib/avr5\libc.a(fp_mpack.o)
                0x00004e1e                __fp_mpack_finite
                0x00004e1a                __fp_mpack
 .text.avr-libc.fplib
                0x00004e36       0x2e c:/users/20109/onedrive/desktop/imt/tools/imt_sdk_win_64/winavr/bin/../lib/gcc/avr/4.3.3/../../../../avr/lib/avr5\libc.a(fp_trunc.o)
                0x00004e36                __fp_trunc
 .text.avr-libc.fplib
                0x00004e64        0xe c:/users/20109/onedrive/desktop/imt/tools/imt_sdk_win_64/winavr/bin/../lib/gcc/avr/4.3.3/../../../../avr/lib/avr5\libc.a(fp_zero.o)
                0x00004e64                __fp_zero
                0x00004e66                __fp_szero
 .text.avr-libc.fplib
                0x00004e72       0x44 c:/users/20109/onedrive/desktop/imt/tools/imt_sdk_win_64/winavr/bin/../lib/gcc/avr/4.3.3/../../../../avr/lib/avr5\libc.a(fp_split3.o)
                0x00004e72                __fp_split3
                0x00004e82                __fp_splitA
                0x00004eb6                . = ALIGN (0x2)
 *(.fini9)
 .fini9         0x00004eb6        0x0 c:/users/20109/onedrive/desktop/imt/tools/imt_sdk_win_64/winavr/bin/../lib/gcc/avr/4.3.3/avr5\libgcc.a(_exit.o)
                0x00004eb6                exit
                0x00004eb6                _exit
 *(.fini9)
 *(.fini8)
 *(.fini8)
 *(.fini7)
 *(.fini7)
 *(.fini6)
 *(.fini6)
 *(.fini5)
 *(.fini5)
 *(.fini4)
 *(.fini4)
 *(.fini3)
 *(.fini3)
 *(.fini2)
 *(.fini2)
 *(.fini1)
 *(.fini1)
 *(.fini0)
 .fini0         0x00004eb6        0x4 c:/users/20109/onedrive/desktop/imt/tools/imt_sdk_win_64/winavr/bin/../lib/gcc/avr/4.3.3/avr5\libgcc.a(_exit.o)
 *(.fini0)
                0x00004eba                _etext = .

.data           0x00800060      0x1c6 load address 0x00004eba
                0x00800060                PROVIDE (__data_start, .)
 *(.data)
 .data          0x00800060        0x0 c:/users/20109/onedrive/desktop/imt/tools/imt_sdk_win_64/winavr/bin/../lib/gcc/avr/4.3.3/../../../../avr/lib/avr5/crtm32.o
 .data          0x00800060        0x0 ./MCAL/WDT/WDT_prg.o
 .data          0x00800060        0x0 ./MCAL/UART/UART_prg.o
 .data          0x00800060        0x0 ./MCAL/TIM2/TIM2_prg.o
 .data          0x00800060        0x0 ./MCAL/TIM1/TIM1_prg.o
 .data          0x00800060        0x0 ./MCAL/TIM0/TIM0_prg.o
 .data          0x00800060        0x0 ./MCAL/MCU/MCU.o
 .data          0x00800060        0x0 ./MCAL/GIE/GIE_prg.o
 .data          0x00800060        0x0 ./MCAL/EXTI/EXTI_prg.o
 .data          0x00800060        0x0 ./MCAL/DIO/DIO_prg.o
 .data          0x00800060        0x0 ./MCAL/ADC/ADC_prg.o
 .data          0x00800060        0x0 ./HAL/TEMPS/TEMPS_prg.o
 .data          0x00800060        0x0 ./HAL/SERVO/SERVO_prg.o
 .data          0x00800060        0x0 ./HAL/LDR/LDR_prg.o
 .data          0x00800060        0x0 ./HAL/LCD/LCD_prg.o
 .data          0x00800060        0x0 ./HAL/KeyPad/KeyPad_prg.o
 .data          0x00800060       0x25 ./HAL/HC/HC_prg.o
 .data          0x00800085       0x5a ./APP/APPSYS/APPSYS.o
 .data          0x008000df        0x0 ./APP/main.o
 .data          0x008000df        0x0 c:/users/20109/onedrive/desktop/imt/tools/imt_sdk_win_64/winavr/bin/../lib/gcc/avr/4.3.3/avr5\libgcc.a(_mulsi3.o)
 .data          0x008000df        0x0 c:/users/20109/onedrive/desktop/imt/tools/imt_sdk_win_64/winavr/bin/../lib/gcc/avr/4.3.3/avr5\libgcc.a(_divmodhi4.o)
 .data          0x008000df        0x0 c:/users/20109/onedrive/desktop/imt/tools/imt_sdk_win_64/winavr/bin/../lib/gcc/avr/4.3.3/avr5\libgcc.a(_udivmodsi4.o)
 .data          0x008000df        0x0 c:/users/20109/onedrive/desktop/imt/tools/imt_sdk_win_64/winavr/bin/../lib/gcc/avr/4.3.3/avr5\libgcc.a(_exit.o)
 .data          0x008000df        0x0 c:/users/20109/onedrive/desktop/imt/tools/imt_sdk_win_64/winavr/bin/../lib/gcc/avr/4.3.3/avr5\libgcc.a(_copy_data.o)
 .data          0x008000df        0x0 c:/users/20109/onedrive/desktop/imt/tools/imt_sdk_win_64/winavr/bin/../lib/gcc/avr/4.3.3/avr5\libgcc.a(_clear_bss.o)
 .data          0x008000df        0x0 c:/users/20109/onedrive/desktop/imt/tools/imt_sdk_win_64/winavr/bin/../lib/gcc/avr/4.3.3/avr5\libgcc.a(_fixunssfsi.o)
 .data          0x008000df        0x0 c:/users/20109/onedrive/desktop/imt/tools/imt_sdk_win_64/winavr/bin/../lib/gcc/avr/4.3.3/avr5\libgcc.a(_divdi3.o)
 .data          0x008000df        0x0 c:/users/20109/onedrive/desktop/imt/tools/imt_sdk_win_64/winavr/bin/../lib/gcc/avr/4.3.3/avr5\libgcc.a(_moddi3.o)
 .data          0x008000df        0x0 c:/users/20109/onedrive/desktop/imt/tools/imt_sdk_win_64/winavr/bin/../lib/gcc/avr/4.3.3/avr5\libgcc.a(_addsub_sf.o)
 .data          0x008000df        0x0 c:/users/20109/onedrive/desktop/imt/tools/imt_sdk_win_64/winavr/bin/../lib/gcc/avr/4.3.3/avr5\libgcc.a(_mul_sf.o)
 .data          0x008000df        0x0 c:/users/20109/onedrive/desktop/imt/tools/imt_sdk_win_64/winavr/bin/../lib/gcc/avr/4.3.3/avr5\libgcc.a(_div_sf.o)
 .data          0x008000df        0x0 c:/users/20109/onedrive/desktop/imt/tools/imt_sdk_win_64/winavr/bin/../lib/gcc/avr/4.3.3/avr5\libgcc.a(_ge_sf.o)
 .data          0x008000df        0x0 c:/users/20109/onedrive/desktop/imt/tools/imt_sdk_win_64/winavr/bin/../lib/gcc/avr/4.3.3/avr5\libgcc.a(_sf_to_si.o)
 .data          0x008000df        0x8 c:/users/20109/onedrive/desktop/imt/tools/imt_sdk_win_64/winavr/bin/../lib/gcc/avr/4.3.3/avr5\libgcc.a(_thenan_sf.o)
                0x008000df                __thenan_sf
 .data          0x008000e7        0x0 c:/users/20109/onedrive/desktop/imt/tools/imt_sdk_win_64/winavr/bin/../lib/gcc/avr/4.3.3/avr5\libgcc.a(_usi_to_sf.o)
 .data          0x008000e7        0x0 c:/users/20109/onedrive/desktop/imt/tools/imt_sdk_win_64/winavr/bin/../lib/gcc/avr/4.3.3/avr5\libgcc.a(_udivmodhi4.o)
 .data          0x008000e7        0x0 c:/users/20109/onedrive/desktop/imt/tools/imt_sdk_win_64/winavr/bin/../lib/gcc/avr/4.3.3/avr5\libgcc.a(_prologue.o)
 .data          0x008000e7        0x0 c:/users/20109/onedrive/desktop/imt/tools/imt_sdk_win_64/winavr/bin/../lib/gcc/avr/4.3.3/avr5\libgcc.a(_epilogue.o)
 .data          0x008000e7      0x100 c:/users/20109/onedrive/desktop/imt/tools/imt_sdk_win_64/winavr/bin/../lib/gcc/avr/4.3.3/avr5\libgcc.a(_clz.o)
                0x008000e7                __clz_tab
 .data          0x008001e7        0x0 c:/users/20109/onedrive/desktop/imt/tools/imt_sdk_win_64/winavr/bin/../lib/gcc/avr/4.3.3/avr5\libgcc.a(_clzsi2.o)
 .data          0x008001e7        0x0 c:/users/20109/onedrive/desktop/imt/tools/imt_sdk_win_64/winavr/bin/../lib/gcc/avr/4.3.3/avr5\libgcc.a(_pack_sf.o)
 .data          0x008001e7        0x0 c:/users/20109/onedrive/desktop/imt/tools/imt_sdk_win_64/winavr/bin/../lib/gcc/avr/4.3.3/avr5\libgcc.a(_unpack_sf.o)
 .data          0x008001e7        0x0 c:/users/20109/onedrive/desktop/imt/tools/imt_sdk_win_64/winavr/bin/../lib/gcc/avr/4.3.3/avr5\libgcc.a(_fpcmp_parts_sf.o)
 .data          0x008001e7        0x0 c:/users/20109/onedrive/desktop/imt/tools/imt_sdk_win_64/winavr/bin/../lib/gcc/avr/4.3.3/../../../../avr/lib/avr5\libc.a(strcmp.o)
 .data          0x008001e7        0x0 c:/users/20109/onedrive/desktop/imt/tools/imt_sdk_win_64/winavr/bin/../lib/gcc/avr/4.3.3/../../../../avr/lib/avr5\libc.a(ceil.o)
 .data          0x008001e7        0x0 c:/users/20109/onedrive/desktop/imt/tools/imt_sdk_win_64/winavr/bin/../lib/gcc/avr/4.3.3/../../../../avr/lib/avr5\libc.a(fp_mintl.o)
 .data          0x008001e7        0x0 c:/users/20109/onedrive/desktop/imt/tools/imt_sdk_win_64/winavr/bin/../lib/gcc/avr/4.3.3/../../../../avr/lib/avr5\libc.a(fp_mpack.o)
 .data          0x008001e7        0x0 c:/users/20109/onedrive/desktop/imt/tools/imt_sdk_win_64/winavr/bin/../lib/gcc/avr/4.3.3/../../../../avr/lib/avr5\libc.a(fp_trunc.o)
 .data          0x008001e7        0x0 c:/users/20109/onedrive/desktop/imt/tools/imt_sdk_win_64/winavr/bin/../lib/gcc/avr/4.3.3/../../../../avr/lib/avr5\libc.a(fp_zero.o)
 .data          0x008001e7        0x0 c:/users/20109/onedrive/desktop/imt/tools/imt_sdk_win_64/winavr/bin/../lib/gcc/avr/4.3.3/../../../../avr/lib/avr5\libc.a(fp_split3.o)
 *(.data*)
 .data.G_u8Pattern0
                0x008001e7        0x7 ./HAL/LCD/LCD_prg.o
 .data.G_u8Pattern1
                0x008001ee        0x7 ./HAL/LCD/LCD_prg.o
 .data.G_u8Pattern2
                0x008001f5        0x8 ./HAL/LCD/LCD_prg.o
 .data.G_u8Pattern3
                0x008001fd        0x8 ./HAL/LCD/LCD_prg.o
 .data.password
                0x00800205        0x8 ./APP/APPSYS/APPSYS.o
                0x00800205                password
 .data.trials   0x0080020d        0x1 ./APP/APPSYS/APPSYS.o
                0x0080020d                trials
 .data.channels
                0x0080020e        0x2 ./APP/APPSYS/APPSYS.o
                0x0080020e                channels
 .data.Home_State
                0x00800210        0x1 ./APP/APPSYS/APPSYS.o
                0x00800210                Home_State
 *(.rodata)
 *(.rodata*)
 .rodata.L_KeyPadMatrix
                0x00800211        0xc ./HAL/KeyPad/KeyPad_prg.o
 .rodata.C.6.1655
                0x0080021d        0x8 ./APP/APPSYS/APPSYS.o
 *(.gnu.linkonce.d*)
                0x00800226                . = ALIGN (0x2)
 *fill*         0x00800225        0x1 00
                0x00800226                _edata = .
                0x00800226                PROVIDE (__data_end, .)

.bss            0x00800226       0x80
                0x00800226                PROVIDE (__bss_start, .)
 *(.bss)
 .bss           0x00800226        0x0 c:/users/20109/onedrive/desktop/imt/tools/imt_sdk_win_64/winavr/bin/../lib/gcc/avr/4.3.3/../../../../avr/lib/avr5/crtm32.o
 .bss           0x00800226        0x0 ./MCAL/WDT/WDT_prg.o
 .bss           0x00800226        0x0 ./MCAL/UART/UART_prg.o
 .bss           0x00800226        0x0 ./MCAL/TIM2/TIM2_prg.o
 .bss           0x00800226        0x0 ./MCAL/TIM1/TIM1_prg.o
 .bss           0x00800226        0x0 ./MCAL/TIM0/TIM0_prg.o
 .bss           0x00800226        0x0 ./MCAL/MCU/MCU.o
 .bss           0x00800226        0x0 ./MCAL/GIE/GIE_prg.o
 .bss           0x00800226        0x0 ./MCAL/EXTI/EXTI_prg.o
 .bss           0x00800226        0x0 ./MCAL/DIO/DIO_prg.o
 .bss           0x00800226        0x0 ./MCAL/ADC/ADC_prg.o
 .bss           0x00800226        0x0 ./HAL/TEMPS/TEMPS_prg.o
 .bss           0x00800226        0x0 ./HAL/SERVO/SERVO_prg.o
 .bss           0x00800226        0x0 ./HAL/LDR/LDR_prg.o
 .bss           0x00800226        0x0 ./HAL/LCD/LCD_prg.o
 .bss           0x00800226        0x0 ./HAL/KeyPad/KeyPad_prg.o
 .bss           0x00800226        0x0 ./HAL/HC/HC_prg.o
 .bss           0x00800226        0x0 ./APP/APPSYS/APPSYS.o
 .bss           0x00800226        0x0 ./APP/main.o
 .bss           0x00800226        0x0 c:/users/20109/onedrive/desktop/imt/tools/imt_sdk_win_64/winavr/bin/../lib/gcc/avr/4.3.3/avr5\libgcc.a(_mulsi3.o)
 .bss           0x00800226        0x0 c:/users/20109/onedrive/desktop/imt/tools/imt_sdk_win_64/winavr/bin/../lib/gcc/avr/4.3.3/avr5\libgcc.a(_divmodhi4.o)
 .bss           0x00800226        0x0 c:/users/20109/onedrive/desktop/imt/tools/imt_sdk_win_64/winavr/bin/../lib/gcc/avr/4.3.3/avr5\libgcc.a(_udivmodsi4.o)
 .bss           0x00800226        0x0 c:/users/20109/onedrive/desktop/imt/tools/imt_sdk_win_64/winavr/bin/../lib/gcc/avr/4.3.3/avr5\libgcc.a(_exit.o)
 .bss           0x00800226        0x0 c:/users/20109/onedrive/desktop/imt/tools/imt_sdk_win_64/winavr/bin/../lib/gcc/avr/4.3.3/avr5\libgcc.a(_copy_data.o)
 .bss           0x00800226        0x0 c:/users/20109/onedrive/desktop/imt/tools/imt_sdk_win_64/winavr/bin/../lib/gcc/avr/4.3.3/avr5\libgcc.a(_clear_bss.o)
 .bss           0x00800226        0x0 c:/users/20109/onedrive/desktop/imt/tools/imt_sdk_win_64/winavr/bin/../lib/gcc/avr/4.3.3/avr5\libgcc.a(_fixunssfsi.o)
 .bss           0x00800226        0x0 c:/users/20109/onedrive/desktop/imt/tools/imt_sdk_win_64/winavr/bin/../lib/gcc/avr/4.3.3/avr5\libgcc.a(_divdi3.o)
 .bss           0x00800226        0x0 c:/users/20109/onedrive/desktop/imt/tools/imt_sdk_win_64/winavr/bin/../lib/gcc/avr/4.3.3/avr5\libgcc.a(_moddi3.o)
 .bss           0x00800226        0x0 c:/users/20109/onedrive/desktop/imt/tools/imt_sdk_win_64/winavr/bin/../lib/gcc/avr/4.3.3/avr5\libgcc.a(_addsub_sf.o)
 .bss           0x00800226        0x0 c:/users/20109/onedrive/desktop/imt/tools/imt_sdk_win_64/winavr/bin/../lib/gcc/avr/4.3.3/avr5\libgcc.a(_mul_sf.o)
 .bss           0x00800226        0x0 c:/users/20109/onedrive/desktop/imt/tools/imt_sdk_win_64/winavr/bin/../lib/gcc/avr/4.3.3/avr5\libgcc.a(_div_sf.o)
 .bss           0x00800226        0x0 c:/users/20109/onedrive/desktop/imt/tools/imt_sdk_win_64/winavr/bin/../lib/gcc/avr/4.3.3/avr5\libgcc.a(_ge_sf.o)
 .bss           0x00800226        0x0 c:/users/20109/onedrive/desktop/imt/tools/imt_sdk_win_64/winavr/bin/../lib/gcc/avr/4.3.3/avr5\libgcc.a(_sf_to_si.o)
 .bss           0x00800226        0x0 c:/users/20109/onedrive/desktop/imt/tools/imt_sdk_win_64/winavr/bin/../lib/gcc/avr/4.3.3/avr5\libgcc.a(_thenan_sf.o)
 .bss           0x00800226        0x0 c:/users/20109/onedrive/desktop/imt/tools/imt_sdk_win_64/winavr/bin/../lib/gcc/avr/4.3.3/avr5\libgcc.a(_usi_to_sf.o)
 .bss           0x00800226        0x0 c:/users/20109/onedrive/desktop/imt/tools/imt_sdk_win_64/winavr/bin/../lib/gcc/avr/4.3.3/avr5\libgcc.a(_udivmodhi4.o)
 .bss           0x00800226        0x0 c:/users/20109/onedrive/desktop/imt/tools/imt_sdk_win_64/winavr/bin/../lib/gcc/avr/4.3.3/avr5\libgcc.a(_prologue.o)
 .bss           0x00800226        0x0 c:/users/20109/onedrive/desktop/imt/tools/imt_sdk_win_64/winavr/bin/../lib/gcc/avr/4.3.3/avr5\libgcc.a(_epilogue.o)
 .bss           0x00800226        0x0 c:/users/20109/onedrive/desktop/imt/tools/imt_sdk_win_64/winavr/bin/../lib/gcc/avr/4.3.3/avr5\libgcc.a(_clz.o)
 .bss           0x00800226        0x0 c:/users/20109/onedrive/desktop/imt/tools/imt_sdk_win_64/winavr/bin/../lib/gcc/avr/4.3.3/avr5\libgcc.a(_clzsi2.o)
 .bss           0x00800226        0x0 c:/users/20109/onedrive/desktop/imt/tools/imt_sdk_win_64/winavr/bin/../lib/gcc/avr/4.3.3/avr5\libgcc.a(_pack_sf.o)
 .bss           0x00800226        0x0 c:/users/20109/onedrive/desktop/imt/tools/imt_sdk_win_64/winavr/bin/../lib/gcc/avr/4.3.3/avr5\libgcc.a(_unpack_sf.o)
 .bss           0x00800226        0x0 c:/users/20109/onedrive/desktop/imt/tools/imt_sdk_win_64/winavr/bin/../lib/gcc/avr/4.3.3/avr5\libgcc.a(_fpcmp_parts_sf.o)
 .bss           0x00800226        0x0 c:/users/20109/onedrive/desktop/imt/tools/imt_sdk_win_64/winavr/bin/../lib/gcc/avr/4.3.3/../../../../avr/lib/avr5\libc.a(strcmp.o)
 .bss           0x00800226        0x0 c:/users/20109/onedrive/desktop/imt/tools/imt_sdk_win_64/winavr/bin/../lib/gcc/avr/4.3.3/../../../../avr/lib/avr5\libc.a(ceil.o)
 .bss           0x00800226        0x0 c:/users/20109/onedrive/desktop/imt/tools/imt_sdk_win_64/winavr/bin/../lib/gcc/avr/4.3.3/../../../../avr/lib/avr5\libc.a(fp_mintl.o)
 .bss           0x00800226        0x0 c:/users/20109/onedrive/desktop/imt/tools/imt_sdk_win_64/winavr/bin/../lib/gcc/avr/4.3.3/../../../../avr/lib/avr5\libc.a(fp_mpack.o)
 .bss           0x00800226        0x0 c:/users/20109/onedrive/desktop/imt/tools/imt_sdk_win_64/winavr/bin/../lib/gcc/avr/4.3.3/../../../../avr/lib/avr5\libc.a(fp_trunc.o)
 .bss           0x00800226        0x0 c:/users/20109/onedrive/desktop/imt/tools/imt_sdk_win_64/winavr/bin/../lib/gcc/avr/4.3.3/../../../../avr/lib/avr5\libc.a(fp_zero.o)
 .bss           0x00800226        0x0 c:/users/20109/onedrive/desktop/imt/tools/imt_sdk_win_64/winavr/bin/../lib/gcc/avr/4.3.3/../../../../avr/lib/avr5\libc.a(fp_split3.o)
 *(.bss*)
 .bss.G_RX_COMPLETE_PTR_Iu16_Ov
                0x00800226        0x2 ./MCAL/UART/UART_prg.o
                0x00800226                G_RX_COMPLETE_PTR_Iu16_Ov
 .bss.G_TX_COMPLETE_PTR_Iv_Ov
                0x00800228        0x2 ./MCAL/UART/UART_prg.o
                0x00800228                G_TX_COMPLETE_PTR_Iv_Ov
 .bss.G_UDRE_PTR_Iv_Ov
                0x0080022a        0x2 ./MCAL/UART/UART_prg.o
                0x0080022a                G_UDRE_PTR_Iv_Ov
 .bss.G_PTRF_TIM2_OVF
                0x0080022c        0x2 ./MCAL/TIM2/TIM2_prg.o
                0x0080022c                G_PTRF_TIM2_OVF
 .bss.G_PTRF_TIM2_CTC
                0x0080022e        0x2 ./MCAL/TIM2/TIM2_prg.o
                0x0080022e                G_PTRF_TIM2_CTC
 .bss.G_PTRF_TIM1_OVF
                0x00800230        0x2 ./MCAL/TIM1/TIM1_prg.o
                0x00800230                G_PTRF_TIM1_OVF
 .bss.G_PTRF_TIM1_OC1AF
                0x00800232        0x2 ./MCAL/TIM1/TIM1_prg.o
                0x00800232                G_PTRF_TIM1_OC1AF
 .bss.G_PTRF_TIM1_OC1BF
                0x00800234        0x2 ./MCAL/TIM1/TIM1_prg.o
                0x00800234                G_PTRF_TIM1_OC1BF
 .bss.G_PTRF_TIM1_ICF1
                0x00800236        0x2 ./MCAL/TIM1/TIM1_prg.o
                0x00800236                G_PTRF_TIM1_ICF1
 .bss.G_u16ISRCounter
                0x00800238        0x2 ./MCAL/TIM1/TIM1_prg.o
 .bss.G_u16Timer1_Cov
                0x0080023a        0x2 ./MCAL/TIM1/TIM1_prg.o
 .bss.G_u16Timer1_Preload_Val
                0x0080023c        0x2 ./MCAL/TIM1/TIM1_prg.o
 .bss.G_PTRF_TIM0_OVF
                0x0080023e        0x2 ./MCAL/TIM0/TIM0_prg.o
                0x0080023e                G_PTRF_TIM0_OVF
 .bss.G_PTRF_TIM0_CTC
                0x00800240        0x2 ./MCAL/TIM0/TIM0_prg.o
                0x00800240                G_PTRF_TIM0_CTC
 .bss.G_u16Timer0_Cov
                0x00800242        0x2 ./MCAL/TIM0/TIM0_prg.o
                0x00800242                G_u16Timer0_Cov
 .bss.G_u8Timer0_Preload_Val
                0x00800244        0x1 ./MCAL/TIM0/TIM0_prg.o
                0x00800244                G_u8Timer0_Preload_Val
 .bss.G_u8Timer0_OcrVal
                0x00800245        0x1 ./MCAL/TIM0/TIM0_prg.o
                0x00800245                G_u8Timer0_OcrVal
 .bss.G_u16ISRCounter
                0x00800246        0x2 ./MCAL/TIM0/TIM0_prg.o
 .bss.G_ISR_ADC
                0x00800248        0x2 ./MCAL/ADC/ADC_prg.o
 .bss.gAdcChainSize
                0x0080024a        0x2 ./MCAL/ADC/ADC_prg.o
 .bss.gAdcChainResultsArr
                0x0080024c        0x2 ./MCAL/ADC/ADC_prg.o
 .bss.gAdcChainChannelsArr
                0x0080024e        0x2 ./MCAL/ADC/ADC_prg.o
 .bss.ISR_ADCCHAINPTR
                0x00800250        0x2 ./MCAL/ADC/ADC_prg.o
 .bss.gAdcChainIndex
                0x00800252        0x1 ./MCAL/ADC/ADC_prg.o
 .bss.gISR_conversionMode
                0x00800253        0x1 ./MCAL/ADC/ADC_prg.o
 .bss.G_u8CurrentOVf
                0x00800254        0x1 ./HAL/SERVO/SERVO_prg.o
 .bss.G_u8OvfCounts
                0x00800255        0x1 ./HAL/SERVO/SERVO_prg.o
 .bss.G_u8ISRcounter
                0x00800256        0x1 ./HAL/SERVO/SERVO_prg.o
 .bss.L_u8Chars.1542
                0x00800257        0xa ./HAL/LCD/LCD_prg.o
 .bss.tempPassword
                0x00800261        0x8 ./APP/APPSYS/APPSYS.o
                0x00800261                tempPassword
 .bss.password_i
                0x00800269        0x1 ./APP/APPSYS/APPSYS.o
                0x00800269                password_i
 .bss.channelsValues
                0x0080026a        0x4 ./APP/APPSYS/APPSYS.o
                0x0080026a                channelsValues
 .bss.G_u8IsBufferRdy
                0x0080026e        0x1 ./APP/APPSYS/APPSYS.o
                0x0080026e                G_u8IsBufferRdy
 .bss.L_u8Flag.1593
                0x0080026f        0x1 ./APP/APPSYS/APPSYS.o
 .bss.L_u8Counter.1592
                0x00800270        0x1 ./APP/APPSYS/APPSYS.o
 *(COMMON)
 COMMON         0x00800271        0x6 ./MCAL/EXTI/EXTI_prg.o
                0x00800271                G_ISR_INT1_ptr
                0x00800273                G_ISR_INT0_ptr
                0x00800275                G_ISR_INT2_ptr
 COMMON         0x00800277       0x2f ./APP/APPSYS/APPSYS.o
                0x00800277                G_u8HomeSatus
                0x0080027e                G_u8Buffer
                0x008002a6                PROVIDE (__bss_end, .)
                0x00004eba                __data_load_start = LOADADDR (.data)
                0x00005080                __data_load_end = (__data_load_start + SIZEOF (.data))

.noinit         0x008002a6        0x0
                0x008002a6                PROVIDE (__noinit_start, .)
 *(.noinit*)
                0x008002a6                PROVIDE (__noinit_end, .)
                0x008002a6                _end = .
                0x008002a6                PROVIDE (__heap_start, .)

.eeprom         0x00810000        0x0
 *(.eeprom*)
                0x00810000                __eeprom_end = .

.fuse
 *(.fuse)
 *(.lfuse)
 *(.hfuse)
 *(.efuse)

.lock
 *(.lock*)

.signature
 *(.signature*)

.stab
 *(.stab)

.stabstr
 *(.stabstr)

.stab.excl
 *(.stab.excl)

.stab.exclstr
 *(.stab.exclstr)

.stab.index
 *(.stab.index)

.stab.indexstr
 *(.stab.indexstr)

.comment
 *(.comment)

.debug
 *(.debug)

.line
 *(.line)

.debug_srcinfo
 *(.debug_srcinfo)

.debug_sfnames
 *(.debug_sfnames)

.debug_aranges  0x00000000      0x1a0
 *(.debug_aranges)
 .debug_aranges
                0x00000000       0x20 c:/users/20109/onedrive/desktop/imt/tools/imt_sdk_win_64/winavr/bin/../lib/gcc/avr/4.3.3/avr5\libgcc.a(_fixunssfsi.o)
 .debug_aranges
                0x00000020       0x20 c:/users/20109/onedrive/desktop/imt/tools/imt_sdk_win_64/winavr/bin/../lib/gcc/avr/4.3.3/avr5\libgcc.a(_divdi3.o)
 .debug_aranges
                0x00000040       0x20 c:/users/20109/onedrive/desktop/imt/tools/imt_sdk_win_64/winavr/bin/../lib/gcc/avr/4.3.3/avr5\libgcc.a(_moddi3.o)
 .debug_aranges
                0x00000060       0x20 c:/users/20109/onedrive/desktop/imt/tools/imt_sdk_win_64/winavr/bin/../lib/gcc/avr/4.3.3/avr5\libgcc.a(_addsub_sf.o)
 .debug_aranges
                0x00000080       0x20 c:/users/20109/onedrive/desktop/imt/tools/imt_sdk_win_64/winavr/bin/../lib/gcc/avr/4.3.3/avr5\libgcc.a(_mul_sf.o)
 .debug_aranges
                0x000000a0       0x20 c:/users/20109/onedrive/desktop/imt/tools/imt_sdk_win_64/winavr/bin/../lib/gcc/avr/4.3.3/avr5\libgcc.a(_div_sf.o)
 .debug_aranges
                0x000000c0       0x20 c:/users/20109/onedrive/desktop/imt/tools/imt_sdk_win_64/winavr/bin/../lib/gcc/avr/4.3.3/avr5\libgcc.a(_ge_sf.o)
 .debug_aranges
                0x000000e0       0x20 c:/users/20109/onedrive/desktop/imt/tools/imt_sdk_win_64/winavr/bin/../lib/gcc/avr/4.3.3/avr5\libgcc.a(_sf_to_si.o)
 .debug_aranges
                0x00000100       0x20 c:/users/20109/onedrive/desktop/imt/tools/imt_sdk_win_64/winavr/bin/../lib/gcc/avr/4.3.3/avr5\libgcc.a(_usi_to_sf.o)
 .debug_aranges
                0x00000120       0x20 c:/users/20109/onedrive/desktop/imt/tools/imt_sdk_win_64/winavr/bin/../lib/gcc/avr/4.3.3/avr5\libgcc.a(_clzsi2.o)
 .debug_aranges
                0x00000140       0x20 c:/users/20109/onedrive/desktop/imt/tools/imt_sdk_win_64/winavr/bin/../lib/gcc/avr/4.3.3/avr5\libgcc.a(_pack_sf.o)
 .debug_aranges
                0x00000160       0x20 c:/users/20109/onedrive/desktop/imt/tools/imt_sdk_win_64/winavr/bin/../lib/gcc/avr/4.3.3/avr5\libgcc.a(_unpack_sf.o)
 .debug_aranges
                0x00000180       0x20 c:/users/20109/onedrive/desktop/imt/tools/imt_sdk_win_64/winavr/bin/../lib/gcc/avr/4.3.3/avr5\libgcc.a(_fpcmp_parts_sf.o)

.debug_pubnames
                0x00000000      0x1f4
 *(.debug_pubnames)
 .debug_pubnames
                0x00000000       0x23 c:/users/20109/onedrive/desktop/imt/tools/imt_sdk_win_64/winavr/bin/../lib/gcc/avr/4.3.3/avr5\libgcc.a(_fixunssfsi.o)
 .debug_pubnames
                0x00000023       0x1f c:/users/20109/onedrive/desktop/imt/tools/imt_sdk_win_64/winavr/bin/../lib/gcc/avr/4.3.3/avr5\libgcc.a(_divdi3.o)
 .debug_pubnames
                0x00000042       0x1f c:/users/20109/onedrive/desktop/imt/tools/imt_sdk_win_64/winavr/bin/../lib/gcc/avr/4.3.3/avr5\libgcc.a(_moddi3.o)
 .debug_pubnames
                0x00000061       0x2c c:/users/20109/onedrive/desktop/imt/tools/imt_sdk_win_64/winavr/bin/../lib/gcc/avr/4.3.3/avr5\libgcc.a(_addsub_sf.o)
 .debug_pubnames
                0x0000008d       0x1f c:/users/20109/onedrive/desktop/imt/tools/imt_sdk_win_64/winavr/bin/../lib/gcc/avr/4.3.3/avr5\libgcc.a(_mul_sf.o)
 .debug_pubnames
                0x000000ac       0x1f c:/users/20109/onedrive/desktop/imt/tools/imt_sdk_win_64/winavr/bin/../lib/gcc/avr/4.3.3/avr5\libgcc.a(_div_sf.o)
 .debug_pubnames
                0x000000cb       0x1e c:/users/20109/onedrive/desktop/imt/tools/imt_sdk_win_64/winavr/bin/../lib/gcc/avr/4.3.3/avr5\libgcc.a(_ge_sf.o)
 .debug_pubnames
                0x000000e9       0x20 c:/users/20109/onedrive/desktop/imt/tools/imt_sdk_win_64/winavr/bin/../lib/gcc/avr/4.3.3/avr5\libgcc.a(_sf_to_si.o)
 .debug_pubnames
                0x00000109       0x22 c:/users/20109/onedrive/desktop/imt/tools/imt_sdk_win_64/winavr/bin/../lib/gcc/avr/4.3.3/avr5\libgcc.a(_thenan_sf.o)
 .debug_pubnames
                0x0000012b       0x24 c:/users/20109/onedrive/desktop/imt/tools/imt_sdk_win_64/winavr/bin/../lib/gcc/avr/4.3.3/avr5\libgcc.a(_usi_to_sf.o)
 .debug_pubnames
                0x0000014f       0x20 c:/users/20109/onedrive/desktop/imt/tools/imt_sdk_win_64/winavr/bin/../lib/gcc/avr/4.3.3/avr5\libgcc.a(_clz.o)
 .debug_pubnames
                0x0000016f       0x1f c:/users/20109/onedrive/desktop/imt/tools/imt_sdk_win_64/winavr/bin/../lib/gcc/avr/4.3.3/avr5\libgcc.a(_clzsi2.o)
 .debug_pubnames
                0x0000018e       0x1f c:/users/20109/onedrive/desktop/imt/tools/imt_sdk_win_64/winavr/bin/../lib/gcc/avr/4.3.3/avr5\libgcc.a(_pack_sf.o)
 .debug_pubnames
                0x000001ad       0x21 c:/users/20109/onedrive/desktop/imt/tools/imt_sdk_win_64/winavr/bin/../lib/gcc/avr/4.3.3/avr5\libgcc.a(_unpack_sf.o)
 .debug_pubnames
                0x000001ce       0x26 c:/users/20109/onedrive/desktop/imt/tools/imt_sdk_win_64/winavr/bin/../lib/gcc/avr/4.3.3/avr5\libgcc.a(_fpcmp_parts_sf.o)

.debug_info     0x00000000     0x2de4
 *(.debug_info)
 .debug_info    0x00000000       0xb1 c:/users/20109/onedrive/desktop/imt/tools/imt_sdk_win_64/winavr/bin/../lib/gcc/avr/4.3.3/avr5\libgcc.a(_fixunssfsi.o)
 .debug_info    0x000000b1      0x756 c:/users/20109/onedrive/desktop/imt/tools/imt_sdk_win_64/winavr/bin/../lib/gcc/avr/4.3.3/avr5\libgcc.a(_divdi3.o)
 .debug_info    0x00000807      0x781 c:/users/20109/onedrive/desktop/imt/tools/imt_sdk_win_64/winavr/bin/../lib/gcc/avr/4.3.3/avr5\libgcc.a(_moddi3.o)
 .debug_info    0x00000f88      0x47a c:/users/20109/onedrive/desktop/imt/tools/imt_sdk_win_64/winavr/bin/../lib/gcc/avr/4.3.3/avr5\libgcc.a(_addsub_sf.o)
 .debug_info    0x00001402      0x485 c:/users/20109/onedrive/desktop/imt/tools/imt_sdk_win_64/winavr/bin/../lib/gcc/avr/4.3.3/avr5\libgcc.a(_mul_sf.o)
 .debug_info    0x00001887      0x3fc c:/users/20109/onedrive/desktop/imt/tools/imt_sdk_win_64/winavr/bin/../lib/gcc/avr/4.3.3/avr5\libgcc.a(_div_sf.o)
 .debug_info    0x00001c83      0x27f c:/users/20109/onedrive/desktop/imt/tools/imt_sdk_win_64/winavr/bin/../lib/gcc/avr/4.3.3/avr5\libgcc.a(_ge_sf.o)
 .debug_info    0x00001f02      0x2b0 c:/users/20109/onedrive/desktop/imt/tools/imt_sdk_win_64/winavr/bin/../lib/gcc/avr/4.3.3/avr5\libgcc.a(_sf_to_si.o)
 .debug_info    0x000021b2      0x12c c:/users/20109/onedrive/desktop/imt/tools/imt_sdk_win_64/winavr/bin/../lib/gcc/avr/4.3.3/avr5\libgcc.a(_thenan_sf.o)
 .debug_info    0x000022de      0x206 c:/users/20109/onedrive/desktop/imt/tools/imt_sdk_win_64/winavr/bin/../lib/gcc/avr/4.3.3/avr5\libgcc.a(_usi_to_sf.o)
 .debug_info    0x000024e4       0xa9 c:/users/20109/onedrive/desktop/imt/tools/imt_sdk_win_64/winavr/bin/../lib/gcc/avr/4.3.3/avr5\libgcc.a(_clz.o)
 .debug_info    0x0000258d      0x117 c:/users/20109/onedrive/desktop/imt/tools/imt_sdk_win_64/winavr/bin/../lib/gcc/avr/4.3.3/avr5\libgcc.a(_clzsi2.o)
 .debug_info    0x000026a4      0x2df c:/users/20109/onedrive/desktop/imt/tools/imt_sdk_win_64/winavr/bin/../lib/gcc/avr/4.3.3/avr5\libgcc.a(_pack_sf.o)
 .debug_info    0x00002983      0x251 c:/users/20109/onedrive/desktop/imt/tools/imt_sdk_win_64/winavr/bin/../lib/gcc/avr/4.3.3/avr5\libgcc.a(_unpack_sf.o)
 .debug_info    0x00002bd4      0x210 c:/users/20109/onedrive/desktop/imt/tools/imt_sdk_win_64/winavr/bin/../lib/gcc/avr/4.3.3/avr5\libgcc.a(_fpcmp_parts_sf.o)
 *(.gnu.linkonce.wi.*)

.debug_abbrev   0x00000000     0x1410
 *(.debug_abbrev)
 .debug_abbrev  0x00000000       0x5d c:/users/20109/onedrive/desktop/imt/tools/imt_sdk_win_64/winavr/bin/../lib/gcc/avr/4.3.3/avr5\libgcc.a(_fixunssfsi.o)
 .debug_abbrev  0x0000005d      0x19f c:/users/20109/onedrive/desktop/imt/tools/imt_sdk_win_64/winavr/bin/../lib/gcc/avr/4.3.3/avr5\libgcc.a(_divdi3.o)
 .debug_abbrev  0x000001fc      0x19f c:/users/20109/onedrive/desktop/imt/tools/imt_sdk_win_64/winavr/bin/../lib/gcc/avr/4.3.3/avr5\libgcc.a(_moddi3.o)
 .debug_abbrev  0x0000039b      0x1ea c:/users/20109/onedrive/desktop/imt/tools/imt_sdk_win_64/winavr/bin/../lib/gcc/avr/4.3.3/avr5\libgcc.a(_addsub_sf.o)
 .debug_abbrev  0x00000585      0x21b c:/users/20109/onedrive/desktop/imt/tools/imt_sdk_win_64/winavr/bin/../lib/gcc/avr/4.3.3/avr5\libgcc.a(_mul_sf.o)
 .debug_abbrev  0x000007a0      0x216 c:/users/20109/onedrive/desktop/imt/tools/imt_sdk_win_64/winavr/bin/../lib/gcc/avr/4.3.3/avr5\libgcc.a(_div_sf.o)
 .debug_abbrev  0x000009b6      0x15a c:/users/20109/onedrive/desktop/imt/tools/imt_sdk_win_64/winavr/bin/../lib/gcc/avr/4.3.3/avr5\libgcc.a(_ge_sf.o)
 .debug_abbrev  0x00000b10      0x17f c:/users/20109/onedrive/desktop/imt/tools/imt_sdk_win_64/winavr/bin/../lib/gcc/avr/4.3.3/avr5\libgcc.a(_sf_to_si.o)
 .debug_abbrev  0x00000c8f       0xad c:/users/20109/onedrive/desktop/imt/tools/imt_sdk_win_64/winavr/bin/../lib/gcc/avr/4.3.3/avr5\libgcc.a(_thenan_sf.o)
 .debug_abbrev  0x00000d3c      0x157 c:/users/20109/onedrive/desktop/imt/tools/imt_sdk_win_64/winavr/bin/../lib/gcc/avr/4.3.3/avr5\libgcc.a(_usi_to_sf.o)
 .debug_abbrev  0x00000e93       0x6a c:/users/20109/onedrive/desktop/imt/tools/imt_sdk_win_64/winavr/bin/../lib/gcc/avr/4.3.3/avr5\libgcc.a(_clz.o)
 .debug_abbrev  0x00000efd       0xc4 c:/users/20109/onedrive/desktop/imt/tools/imt_sdk_win_64/winavr/bin/../lib/gcc/avr/4.3.3/avr5\libgcc.a(_clzsi2.o)
 .debug_abbrev  0x00000fc1      0x1c0 c:/users/20109/onedrive/desktop/imt/tools/imt_sdk_win_64/winavr/bin/../lib/gcc/avr/4.3.3/avr5\libgcc.a(_pack_sf.o)
 .debug_abbrev  0x00001181      0x154 c:/users/20109/onedrive/desktop/imt/tools/imt_sdk_win_64/winavr/bin/../lib/gcc/avr/4.3.3/avr5\libgcc.a(_unpack_sf.o)
 .debug_abbrev  0x000012d5      0x13b c:/users/20109/onedrive/desktop/imt/tools/imt_sdk_win_64/winavr/bin/../lib/gcc/avr/4.3.3/avr5\libgcc.a(_fpcmp_parts_sf.o)

.debug_line     0x00000000     0x14d8
 *(.debug_line)
 .debug_line    0x00000000       0xa7 c:/users/20109/onedrive/desktop/imt/tools/imt_sdk_win_64/winavr/bin/../lib/gcc/avr/4.3.3/avr5\libgcc.a(_fixunssfsi.o)
 .debug_line    0x000000a7      0x228 c:/users/20109/onedrive/desktop/imt/tools/imt_sdk_win_64/winavr/bin/../lib/gcc/avr/4.3.3/avr5\libgcc.a(_divdi3.o)
 .debug_line    0x000002cf      0x280 c:/users/20109/onedrive/desktop/imt/tools/imt_sdk_win_64/winavr/bin/../lib/gcc/avr/4.3.3/avr5\libgcc.a(_moddi3.o)
 .debug_line    0x0000054f      0x2af c:/users/20109/onedrive/desktop/imt/tools/imt_sdk_win_64/winavr/bin/../lib/gcc/avr/4.3.3/avr5\libgcc.a(_addsub_sf.o)
 .debug_line    0x000007fe      0x239 c:/users/20109/onedrive/desktop/imt/tools/imt_sdk_win_64/winavr/bin/../lib/gcc/avr/4.3.3/avr5\libgcc.a(_mul_sf.o)
 .debug_line    0x00000a37      0x1d5 c:/users/20109/onedrive/desktop/imt/tools/imt_sdk_win_64/winavr/bin/../lib/gcc/avr/4.3.3/avr5\libgcc.a(_div_sf.o)
 .debug_line    0x00000c0c       0xd3 c:/users/20109/onedrive/desktop/imt/tools/imt_sdk_win_64/winavr/bin/../lib/gcc/avr/4.3.3/avr5\libgcc.a(_ge_sf.o)
 .debug_line    0x00000cdf      0x109 c:/users/20109/onedrive/desktop/imt/tools/imt_sdk_win_64/winavr/bin/../lib/gcc/avr/4.3.3/avr5\libgcc.a(_sf_to_si.o)
 .debug_line    0x00000de8       0x90 c:/users/20109/onedrive/desktop/imt/tools/imt_sdk_win_64/winavr/bin/../lib/gcc/avr/4.3.3/avr5\libgcc.a(_thenan_sf.o)
 .debug_line    0x00000e78      0x133 c:/users/20109/onedrive/desktop/imt/tools/imt_sdk_win_64/winavr/bin/../lib/gcc/avr/4.3.3/avr5\libgcc.a(_usi_to_sf.o)
 .debug_line    0x00000fab       0x7c c:/users/20109/onedrive/desktop/imt/tools/imt_sdk_win_64/winavr/bin/../lib/gcc/avr/4.3.3/avr5\libgcc.a(_clz.o)
 .debug_line    0x00001027       0xa5 c:/users/20109/onedrive/desktop/imt/tools/imt_sdk_win_64/winavr/bin/../lib/gcc/avr/4.3.3/avr5\libgcc.a(_clzsi2.o)
 .debug_line    0x000010cc      0x18a c:/users/20109/onedrive/desktop/imt/tools/imt_sdk_win_64/winavr/bin/../lib/gcc/avr/4.3.3/avr5\libgcc.a(_pack_sf.o)
 .debug_line    0x00001256      0x14b c:/users/20109/onedrive/desktop/imt/tools/imt_sdk_win_64/winavr/bin/../lib/gcc/avr/4.3.3/avr5\libgcc.a(_unpack_sf.o)
 .debug_line    0x000013a1      0x137 c:/users/20109/onedrive/desktop/imt/tools/imt_sdk_win_64/winavr/bin/../lib/gcc/avr/4.3.3/avr5\libgcc.a(_fpcmp_parts_sf.o)

.debug_frame    0x00000000      0x1c0
 *(.debug_frame)
 .debug_frame   0x00000000       0x20 c:/users/20109/onedrive/desktop/imt/tools/imt_sdk_win_64/winavr/bin/../lib/gcc/avr/4.3.3/avr5\libgcc.a(_fixunssfsi.o)
 .debug_frame   0x00000020       0x20 c:/users/20109/onedrive/desktop/imt/tools/imt_sdk_win_64/winavr/bin/../lib/gcc/avr/4.3.3/avr5\libgcc.a(_divdi3.o)
 .debug_frame   0x00000040       0x20 c:/users/20109/onedrive/desktop/imt/tools/imt_sdk_win_64/winavr/bin/../lib/gcc/avr/4.3.3/avr5\libgcc.a(_moddi3.o)
 .debug_frame   0x00000060       0x40 c:/users/20109/onedrive/desktop/imt/tools/imt_sdk_win_64/winavr/bin/../lib/gcc/avr/4.3.3/avr5\libgcc.a(_addsub_sf.o)
 .debug_frame   0x000000a0       0x20 c:/users/20109/onedrive/desktop/imt/tools/imt_sdk_win_64/winavr/bin/../lib/gcc/avr/4.3.3/avr5\libgcc.a(_mul_sf.o)
 .debug_frame   0x000000c0       0x20 c:/users/20109/onedrive/desktop/imt/tools/imt_sdk_win_64/winavr/bin/../lib/gcc/avr/4.3.3/avr5\libgcc.a(_div_sf.o)
 .debug_frame   0x000000e0       0x20 c:/users/20109/onedrive/desktop/imt/tools/imt_sdk_win_64/winavr/bin/../lib/gcc/avr/4.3.3/avr5\libgcc.a(_ge_sf.o)
 .debug_frame   0x00000100       0x20 c:/users/20109/onedrive/desktop/imt/tools/imt_sdk_win_64/winavr/bin/../lib/gcc/avr/4.3.3/avr5\libgcc.a(_sf_to_si.o)
 .debug_frame   0x00000120       0x20 c:/users/20109/onedrive/desktop/imt/tools/imt_sdk_win_64/winavr/bin/../lib/gcc/avr/4.3.3/avr5\libgcc.a(_usi_to_sf.o)
 .debug_frame   0x00000140       0x20 c:/users/20109/onedrive/desktop/imt/tools/imt_sdk_win_64/winavr/bin/../lib/gcc/avr/4.3.3/avr5\libgcc.a(_clzsi2.o)
 .debug_frame   0x00000160       0x20 c:/users/20109/onedrive/desktop/imt/tools/imt_sdk_win_64/winavr/bin/../lib/gcc/avr/4.3.3/avr5\libgcc.a(_pack_sf.o)
 .debug_frame   0x00000180       0x20 c:/users/20109/onedrive/desktop/imt/tools/imt_sdk_win_64/winavr/bin/../lib/gcc/avr/4.3.3/avr5\libgcc.a(_unpack_sf.o)
 .debug_frame   0x000001a0       0x20 c:/users/20109/onedrive/desktop/imt/tools/imt_sdk_win_64/winavr/bin/../lib/gcc/avr/4.3.3/avr5\libgcc.a(_fpcmp_parts_sf.o)

.debug_str      0x00000000      0x364
 *(.debug_str)
 .debug_str     0x00000000       0xbf c:/users/20109/onedrive/desktop/imt/tools/imt_sdk_win_64/winavr/bin/../lib/gcc/avr/4.3.3/avr5\libgcc.a(_fixunssfsi.o)
                                 0xfe (size before relaxing)
 .debug_str     0x000000bf       0x8c c:/users/20109/onedrive/desktop/imt/tools/imt_sdk_win_64/winavr/bin/../lib/gcc/avr/4.3.3/avr5\libgcc.a(_divdi3.o)
                                0x189 (size before relaxing)
 .debug_str     0x0000014b        0x9 c:/users/20109/onedrive/desktop/imt/tools/imt_sdk_win_64/winavr/bin/../lib/gcc/avr/4.3.3/avr5\libgcc.a(_moddi3.o)
                                0x189 (size before relaxing)
 .debug_str     0x00000154      0x14d c:/users/20109/onedrive/desktop/imt/tools/imt_sdk_win_64/winavr/bin/../lib/gcc/avr/4.3.3/avr5\libgcc.a(_addsub_sf.o)
                                0x206 (size before relaxing)
 .debug_str     0x000002a1       0x27 c:/users/20109/onedrive/desktop/imt/tools/imt_sdk_win_64/winavr/bin/../lib/gcc/avr/4.3.3/avr5\libgcc.a(_mul_sf.o)
                                0x1bf (size before relaxing)
 .debug_str     0x000002c8       0x35 c:/users/20109/onedrive/desktop/imt/tools/imt_sdk_win_64/winavr/bin/../lib/gcc/avr/4.3.3/avr5\libgcc.a(_div_sf.o)
                                0x1c8 (size before relaxing)
 .debug_str     0x000002fd        0x8 c:/users/20109/onedrive/desktop/imt/tools/imt_sdk_win_64/winavr/bin/../lib/gcc/avr/4.3.3/avr5\libgcc.a(_ge_sf.o)
                                0x195 (size before relaxing)
 .debug_str     0x00000305        0xa c:/users/20109/onedrive/desktop/imt/tools/imt_sdk_win_64/winavr/bin/../lib/gcc/avr/4.3.3/avr5\libgcc.a(_sf_to_si.o)
                                0x19e (size before relaxing)
 .debug_str     0x00000000      0x103 c:/users/20109/onedrive/desktop/imt/tools/imt_sdk_win_64/winavr/bin/../lib/gcc/avr/4.3.3/avr5\libgcc.a(_thenan_sf.o)
 .debug_str     0x0000030f       0x21 c:/users/20109/onedrive/desktop/imt/tools/imt_sdk_win_64/winavr/bin/../lib/gcc/avr/4.3.3/avr5\libgcc.a(_usi_to_sf.o)
                                0x177 (size before relaxing)
 .debug_str     0x00000000       0xf4 c:/users/20109/onedrive/desktop/imt/tools/imt_sdk_win_64/winavr/bin/../lib/gcc/avr/4.3.3/avr5\libgcc.a(_clz.o)
 .debug_str     0x00000330        0x9 c:/users/20109/onedrive/desktop/imt/tools/imt_sdk_win_64/winavr/bin/../lib/gcc/avr/4.3.3/avr5\libgcc.a(_clzsi2.o)
                                0x111 (size before relaxing)
 .debug_str     0x00000339       0x10 c:/users/20109/onedrive/desktop/imt/tools/imt_sdk_win_64/winavr/bin/../lib/gcc/avr/4.3.3/avr5\libgcc.a(_pack_sf.o)
                                0x19d (size before relaxing)
 .debug_str     0x00000349        0xb c:/users/20109/onedrive/desktop/imt/tools/imt_sdk_win_64/winavr/bin/../lib/gcc/avr/4.3.3/avr5\libgcc.a(_unpack_sf.o)
                                0x17f (size before relaxing)
 .debug_str     0x00000354       0x10 c:/users/20109/onedrive/desktop/imt/tools/imt_sdk_win_64/winavr/bin/../lib/gcc/avr/4.3.3/avr5\libgcc.a(_fpcmp_parts_sf.o)
                                0x163 (size before relaxing)

.debug_loc      0x00000000     0x22e8
 *(.debug_loc)
 .debug_loc     0x00000000       0x34 c:/users/20109/onedrive/desktop/imt/tools/imt_sdk_win_64/winavr/bin/../lib/gcc/avr/4.3.3/avr5\libgcc.a(_fixunssfsi.o)
 .debug_loc     0x00000034      0xe71 c:/users/20109/onedrive/desktop/imt/tools/imt_sdk_win_64/winavr/bin/../lib/gcc/avr/4.3.3/avr5\libgcc.a(_divdi3.o)
 .debug_loc     0x00000ea5      0xb81 c:/users/20109/onedrive/desktop/imt/tools/imt_sdk_win_64/winavr/bin/../lib/gcc/avr/4.3.3/avr5\libgcc.a(_moddi3.o)
 .debug_loc     0x00001a26      0x32a c:/users/20109/onedrive/desktop/imt/tools/imt_sdk_win_64/winavr/bin/../lib/gcc/avr/4.3.3/avr5\libgcc.a(_addsub_sf.o)
 .debug_loc     0x00001d50      0x104 c:/users/20109/onedrive/desktop/imt/tools/imt_sdk_win_64/winavr/bin/../lib/gcc/avr/4.3.3/avr5\libgcc.a(_mul_sf.o)
 .debug_loc     0x00001e54       0xc0 c:/users/20109/onedrive/desktop/imt/tools/imt_sdk_win_64/winavr/bin/../lib/gcc/avr/4.3.3/avr5\libgcc.a(_div_sf.o)
 .debug_loc     0x00001f14       0x3c c:/users/20109/onedrive/desktop/imt/tools/imt_sdk_win_64/winavr/bin/../lib/gcc/avr/4.3.3/avr5\libgcc.a(_ge_sf.o)
 .debug_loc     0x00001f50       0x7e c:/users/20109/onedrive/desktop/imt/tools/imt_sdk_win_64/winavr/bin/../lib/gcc/avr/4.3.3/avr5\libgcc.a(_sf_to_si.o)
 .debug_loc     0x00001fce       0x4c c:/users/20109/onedrive/desktop/imt/tools/imt_sdk_win_64/winavr/bin/../lib/gcc/avr/4.3.3/avr5\libgcc.a(_usi_to_sf.o)
 .debug_loc     0x0000201a       0x94 c:/users/20109/onedrive/desktop/imt/tools/imt_sdk_win_64/winavr/bin/../lib/gcc/avr/4.3.3/avr5\libgcc.a(_clzsi2.o)
 .debug_loc     0x000020ae      0x13e c:/users/20109/onedrive/desktop/imt/tools/imt_sdk_win_64/winavr/bin/../lib/gcc/avr/4.3.3/avr5\libgcc.a(_pack_sf.o)
 .debug_loc     0x000021ec       0xac c:/users/20109/onedrive/desktop/imt/tools/imt_sdk_win_64/winavr/bin/../lib/gcc/avr/4.3.3/avr5\libgcc.a(_unpack_sf.o)
 .debug_loc     0x00002298       0x50 c:/users/20109/onedrive/desktop/imt/tools/imt_sdk_win_64/winavr/bin/../lib/gcc/avr/4.3.3/avr5\libgcc.a(_fpcmp_parts_sf.o)

.debug_macinfo
 *(.debug_macinfo)
OUTPUT(SmartHome.elf elf32-avr)
LOAD linker stubs

.debug_ranges   0x00000000       0x80
 .debug_ranges  0x00000000       0x18 c:/users/20109/onedrive/desktop/imt/tools/imt_sdk_win_64/winavr/bin/../lib/gcc/avr/4.3.3/avr5\libgcc.a(_divdi3.o)
 .debug_ranges  0x00000018       0x18 c:/users/20109/onedrive/desktop/imt/tools/imt_sdk_win_64/winavr/bin/../lib/gcc/avr/4.3.3/avr5\libgcc.a(_moddi3.o)
 .debug_ranges  0x00000030       0x50 c:/users/20109/onedrive/desktop/imt/tools/imt_sdk_win_64/winavr/bin/../lib/gcc/avr/4.3.3/avr5\libgcc.a(_mul_sf.o)
